Archive member included to satisfy reference by file (symbol)

/home/imerir/STM32/SystemWorkbench/plugins/fr.ac6.mcu.externaltools.arm-none.linux64_1.13.1.201703061524/tools/compiler/bin/../lib/gcc/arm-none-eabi/5.4.1/armv7e-m/fpu/libgcc.a(_aeabi_ldivmod.o)
                              Drivers/BSP/Components/lsm303agr/LSM303AGR_ACC_driver.o (__aeabi_ldivmod)
/home/imerir/STM32/SystemWorkbench/plugins/fr.ac6.mcu.externaltools.arm-none.linux64_1.13.1.201703061524/tools/compiler/bin/../lib/gcc/arm-none-eabi/5.4.1/armv7e-m/fpu/libgcc.a(_aeabi_uldivmod.o)
                              Drivers/STM32L4xx_HAL_Driver/Src/stm32l4xx_hal_uart.o (__aeabi_uldivmod)
/home/imerir/STM32/SystemWorkbench/plugins/fr.ac6.mcu.externaltools.arm-none.linux64_1.13.1.201703061524/tools/compiler/bin/../lib/gcc/arm-none-eabi/5.4.1/armv7e-m/fpu/libgcc.a(_udivmoddi4.o)
                              /home/imerir/STM32/SystemWorkbench/plugins/fr.ac6.mcu.externaltools.arm-none.linux64_1.13.1.201703061524/tools/compiler/bin/../lib/gcc/arm-none-eabi/5.4.1/armv7e-m/fpu/libgcc.a(_aeabi_ldivmod.o) (__udivmoddi4)
/home/imerir/STM32/SystemWorkbench/plugins/fr.ac6.mcu.externaltools.arm-none.linux64_1.13.1.201703061524/tools/compiler/bin/../lib/gcc/arm-none-eabi/5.4.1/armv7e-m/fpu/libgcc.a(_dvmd_tls.o)
                              /home/imerir/STM32/SystemWorkbench/plugins/fr.ac6.mcu.externaltools.arm-none.linux64_1.13.1.201703061524/tools/compiler/bin/../lib/gcc/arm-none-eabi/5.4.1/armv7e-m/fpu/libgcc.a(_aeabi_ldivmod.o) (__aeabi_ldiv0)
/home/imerir/STM32/SystemWorkbench/plugins/fr.ac6.mcu.externaltools.arm-none.linux64_1.13.1.201703061524/tools/compiler/bin/../lib/gcc/arm-none-eabi/5.4.1/../../../../arm-none-eabi/lib/armv7e-m/fpu/libc_nano.a(lib_a-exit.o)
                              /home/imerir/STM32/SystemWorkbench/plugins/fr.ac6.mcu.externaltools.arm-none.linux64_1.13.1.201703061524/tools/compiler/bin/../lib/gcc/arm-none-eabi/5.4.1/../../../../arm-none-eabi/lib/armv7e-m/fpu/crt0.o (exit)
/home/imerir/STM32/SystemWorkbench/plugins/fr.ac6.mcu.externaltools.arm-none.linux64_1.13.1.201703061524/tools/compiler/bin/../lib/gcc/arm-none-eabi/5.4.1/../../../../arm-none-eabi/lib/armv7e-m/fpu/libc_nano.a(lib_a-impure.o)
                              /home/imerir/STM32/SystemWorkbench/plugins/fr.ac6.mcu.externaltools.arm-none.linux64_1.13.1.201703061524/tools/compiler/bin/../lib/gcc/arm-none-eabi/5.4.1/../../../../arm-none-eabi/lib/armv7e-m/fpu/libc_nano.a(lib_a-exit.o) (_global_impure_ptr)
/home/imerir/STM32/SystemWorkbench/plugins/fr.ac6.mcu.externaltools.arm-none.linux64_1.13.1.201703061524/tools/compiler/bin/../lib/gcc/arm-none-eabi/5.4.1/../../../../arm-none-eabi/lib/armv7e-m/fpu/libc_nano.a(lib_a-init.o)
                              /home/imerir/STM32/SystemWorkbench/plugins/fr.ac6.mcu.externaltools.arm-none.linux64_1.13.1.201703061524/tools/compiler/bin/../lib/gcc/arm-none-eabi/5.4.1/../../../../arm-none-eabi/lib/armv7e-m/fpu/crt0.o (__libc_init_array)
/home/imerir/STM32/SystemWorkbench/plugins/fr.ac6.mcu.externaltools.arm-none.linux64_1.13.1.201703061524/tools/compiler/bin/../lib/gcc/arm-none-eabi/5.4.1/../../../../arm-none-eabi/lib/armv7e-m/fpu/libc_nano.a(lib_a-malloc.o)
                              LIBS/WS2813.o (malloc)
/home/imerir/STM32/SystemWorkbench/plugins/fr.ac6.mcu.externaltools.arm-none.linux64_1.13.1.201703061524/tools/compiler/bin/../lib/gcc/arm-none-eabi/5.4.1/../../../../arm-none-eabi/lib/armv7e-m/fpu/libc_nano.a(lib_a-memcpy-stub.o)
                              Middlewares/Third_Party/FreeRTOS/Source/queue.o (memcpy)
/home/imerir/STM32/SystemWorkbench/plugins/fr.ac6.mcu.externaltools.arm-none.linux64_1.13.1.201703061524/tools/compiler/bin/../lib/gcc/arm-none-eabi/5.4.1/../../../../arm-none-eabi/lib/armv7e-m/fpu/libc_nano.a(lib_a-memset.o)
                              /home/imerir/STM32/SystemWorkbench/plugins/fr.ac6.mcu.externaltools.arm-none.linux64_1.13.1.201703061524/tools/compiler/bin/../lib/gcc/arm-none-eabi/5.4.1/../../../../arm-none-eabi/lib/armv7e-m/fpu/crt0.o (memset)
/home/imerir/STM32/SystemWorkbench/plugins/fr.ac6.mcu.externaltools.arm-none.linux64_1.13.1.201703061524/tools/compiler/bin/../lib/gcc/arm-none-eabi/5.4.1/../../../../arm-none-eabi/lib/armv7e-m/fpu/libc_nano.a(lib_a-nano-freer.o)
                              /home/imerir/STM32/SystemWorkbench/plugins/fr.ac6.mcu.externaltools.arm-none.linux64_1.13.1.201703061524/tools/compiler/bin/../lib/gcc/arm-none-eabi/5.4.1/../../../../arm-none-eabi/lib/armv7e-m/fpu/libc_nano.a(lib_a-malloc.o) (_free_r)
/home/imerir/STM32/SystemWorkbench/plugins/fr.ac6.mcu.externaltools.arm-none.linux64_1.13.1.201703061524/tools/compiler/bin/../lib/gcc/arm-none-eabi/5.4.1/../../../../arm-none-eabi/lib/armv7e-m/fpu/libc_nano.a(lib_a-nano-mallocr.o)
[...]
Memory Configuration

Name             Origin             Length             Attributes
RAM              0x20000000         0x00018000         xrw
RAM2             0x10000000         0x00008000         xrw
FLASH            0x08000000         0x00100000         xr
*default*        0x00000000         0xffffffff

Linker script and memory map

LOAD /home/imerir/STM32/SystemWorkbench/plugins/fr.ac6.mcu.externaltools.arm-none.linux64_1.13.1.201703061524/tools/compiler/bin/../lib/gcc/arm-none-eabi/5.4.1/armv7e-m/fpu/crti.o
LOAD /home/imerir/STM32/SystemWorkbench/plugins/fr.ac6.mcu.externaltools.arm-none.linux64_1.13.1.201703061524/tools/compiler/bin/../lib/gcc/arm-none-eabi/5.4.1/armv7e-m/fpu/crtbegin.o
LOAD /home/imerir/STM32/SystemWorkbench/plugins/fr.ac6.mcu.externaltools.arm-none.linux64_1.13.1.201703061524/tools/compiler/bin/../lib/gcc/arm-none-eabi/5.4.1/../../../../arm-none-eabi/lib/armv7e-m/fpu/crt0.o
LOAD /home/imerir/STM32/SystemWorkbench/plugins/fr.ac6.mcu.externaltools.arm-none.linux64_1.13.1.201703061524/tools/compiler/bin/../lib/gcc/arm-none-eabi/5.4.1/../../../../arm-none-eabi/lib/armv7e-m/fpu/libm.a
LOAD Drivers/BSP/Components/hts221/HTS221_Driver.o
LOAD Drivers/BSP/Components/hts221/HTS221_Driver_HL.o
LOAD Drivers/BSP/Components/lsm303agr/LSM303AGR_ACC_driver.o
LOAD Drivers/BSP/Components/lsm303agr/LSM303AGR_ACC_driver_HL.o
LOAD Drivers/BSP/Components/lsm303agr/LSM303AGR_MAG_driver.o
LOAD Drivers/BSP/Components/lsm303agr/LSM303AGR_MAG_driver_HL.o
LOAD Drivers/BSP/Components/lsm6dsl/LSM6DSL_ACC_GYRO_driver.o
LOAD Drivers/BSP/Components/lsm6dsl/LSM6DSL_ACC_GYRO_driver_HL.o
LOAD Drivers/BSP/STM32L4xx_Nucleo/stm32l4xx_nucleo.o
LOAD Drivers/BSP/X_NUCLEO_IKS01A2/x_nucleo_iks01a2.o
LOAD Drivers/BSP/X_NUCLEO_IKS01A2/x_nucleo_iks01a2_accelero.o
LOAD Drivers/STM32L4xx_HAL_Driver/Src/stm32l4xx_hal.o
LOAD Drivers/STM32L4xx_HAL_Driver/Src/stm32l4xx_hal_cortex.o
LOAD Drivers/STM32L4xx_HAL_Driver/Src/stm32l4xx_hal_dma.o
LOAD Drivers/STM32L4xx_HAL_Driver/Src/stm32l4xx_hal_dma_ex.o
LOAD Drivers/STM32L4xx_HAL_Driver/Src/stm32l4xx_hal_flash.o
LOAD Drivers/STM32L4xx_HAL_Driver/Src/stm32l4xx_hal_flash_ex.o
LOAD Drivers/STM32L4xx_HAL_Driver/Src/stm32l4xx_hal_flash_ramfunc.o
LOAD Drivers/STM32L4xx_HAL_Driver/Src/stm32l4xx_hal_gpio.o
LOAD Drivers/STM32L4xx_HAL_Driver/Src/stm32l4xx_hal_i2c.o
LOAD Drivers/STM32L4xx_HAL_Driver/Src/stm32l4xx_hal_i2c_ex.o
LOAD Drivers/STM32L4xx_HAL_Driver/Src/stm32l4xx_hal_pwr.o
LOAD Drivers/STM32L4xx_HAL_Driver/Src/stm32l4xx_hal_pwr_ex.o
LOAD Drivers/STM32L4xx_HAL_Driver/Src/stm32l4xx_hal_rcc.o
LOAD Drivers/STM32L4xx_HAL_Driver/Src/stm32l4xx_hal_rcc_ex.o
LOAD Drivers/STM32L4xx_HAL_Driver/Src/stm32l4xx_hal_tim.o
LOAD Drivers/STM32L4xx_HAL_Driver/Src/stm32l4xx_hal_tim_ex.o
LOAD Drivers/STM32L4xx_HAL_Driver/Src/stm32l4xx_hal_uart.o
LOAD Drivers/STM32L4xx_HAL_Driver/Src/stm32l4xx_hal_uart_ex.o
LOAD LIBS/WS2813.o
LOAD Middlewares/Third_Party/FreeRTOS/Source/CMSIS_RTOS/cmsis_os.o
LOAD Middlewares/Third_Party/FreeRTOS/Source/croutine.o
LOAD Middlewares/Third_Party/FreeRTOS/Source/event_groups.o
LOAD Middlewares/Third_Party/FreeRTOS/Source/list.o
LOAD Middlewares/Third_Party/FreeRTOS/Source/queue.o
LOAD Middlewares/Third_Party/FreeRTOS/Source/tasks.o
LOAD Middlewares/Third_Party/FreeRTOS/Source/timers.o
LOAD Middlewares/Third_Party/FreeRTOS/Source/portable/GCC/ARM_CM4F/port.o
LOAD Middlewares/Third_Party/FreeRTOS/Source/portable/MemMang/heap_4.o
LOAD Src/dma.o
LOAD Src/freertos.o
LOAD Src/gpio.o
LOAD Src/main.o
LOAD Src/stm32l4xx_hal_msp.o
LOAD Src/stm32l4xx_hal_timebase_TIM.o
LOAD Src/stm32l4xx_it.o
LOAD Src/system_stm32l4xx.o
LOAD Src/tim.o
LOAD Src/usart.o
LOAD startup/startup_stm32l476xx.o
START GROUP
LOAD /home/imerir/STM32/SystemWorkbench/plugins/fr.ac6.mcu.externaltools.arm-none.linux64_1.13.1.201703061524/tools/compiler/bin/../lib/gcc/arm-none-eabi/5.4.1/armv7e-m/fpu/libgcc.a
LOAD /home/imerir/STM32/SystemWorkbench/plugins/fr.ac6.mcu.externaltools.arm-none.linux64_1.13.1.201703061524/tools/compiler/bin/../lib/gcc/arm-none-eabi/5.4.1/../../../../arm-none-eabi/lib/armv7e-m/fpu/libc_nano.a
END GROUP
START GROUP
LOAD /home/imerir/STM32/SystemWorkbench/plugins/fr.ac6.mcu.externaltools.arm-none.linux64_1.13.1.201703061524/tools/compiler/bin/../lib/gcc/arm-none-eabi/5.4.1/armv7e-m/fpu/libgcc.a
LOAD /home/imerir/STM32/SystemWorkbench/plugins/fr.ac6.mcu.externaltools.arm-none.linux64_1.13.1.201703061524/tools/compiler/bin/../lib/gcc/arm-none-eabi/5.4.1/../../../../arm-none-eabi/lib/armv7e-m/fpu/libc_nano.a
LOAD /home/imerir/STM32/SystemWorkbench/plugins/fr.ac6.mcu.externaltools.arm-none.linux64_1.13.1.201703061524/tools/compiler/bin/../lib/gcc/arm-none-eabi/5.4.1/../../../../arm-none-eabi/lib/armv7e-m/fpu/libnosys.a
END GROUP
START GROUP
LOAD /home/imerir/STM32/SystemWorkbench/plugins/fr.ac6.mcu.externaltools.arm-none.linux64_1.13.1.201703061524/tools/compiler/bin/../lib/gcc/arm-none-eabi/5.4.1/armv7e-m/fpu/libgcc.a
LOAD /home/imerir/STM32/SystemWorkbench/plugins/fr.ac6.mcu.externaltools.arm-none.linux64_1.13.1.201703061524/tools/compiler/bin/../lib/gcc/arm-none-eabi/5.4.1/../../../../arm-none-eabi/lib/armv7e-m/fpu/libc_nano.a
LOAD /home/imerir/STM32/SystemWorkbench/plugins/fr.ac6.mcu.externaltools.arm-none.linux64_1.13.1.201703061524/tools/compiler/bin/../lib/gcc/arm-none-eabi/5.4.1/../../../../arm-none-eabi/lib/armv7e-m/fpu/libnosys.a
END GROUP
LOAD /home/imerir/STM32/SystemWorkbench/plugins/fr.ac6.mcu.externaltools.arm-none.linux64_1.13.1.201703061524/tools/compiler/bin/../lib/gcc/arm-none-eabi/5.4.1/armv7e-m/fpu/crtend.o
LOAD /home/imerir/STM32/SystemWorkbench/plugins/fr.ac6.mcu.externaltools.arm-none.linux64_1.13.1.201703061524/tools/compiler/bin/../lib/gcc/arm-none-eabi/5.4.1/armv7e-m/fpu/crtn.o
                0x20018000                _estack = 0x20018000
                0x00000200                _Min_Heap_Size = 0x200
                0x00000400                _Min_Stack_Size = 0x400

.isr_vector     0x08000000      0x188
                0x08000000                . = ALIGN (0x8)
 *(.isr_vector)
 .isr_vector    0x08000000      0x188 startup/startup_stm32l476xx.o
                0x08000000                g_pfnVectors
                0x08000188                . = ALIGN (0x8)

.text           0x08000190     0x9eb8
                0x08000190                . = ALIGN (0x8)
 *(.text)
 .text          0x08000190       0x5c /home/imerir/STM32/SystemWorkbench/plugins/fr.ac6.mcu.externaltools.arm-none.linux64_1.13.1.201703061524/tools/compiler/bin/../lib/gcc/arm-none-eabi/5.4.1/armv7e-m/fpu/crtbegin.o
 .text          0x080001ec       0xa0 /home/imerir/STM32/SystemWorkbench/plugins/fr.ac6.mcu.externaltools.arm-none.linux64_1.13.1.201703061524/tools/compiler/bin/../lib/gcc/arm-none-eabi/5.4.1/armv7e-m/fpu/libgcc.a(_aeabi_ldivmod.o)
                0x080001ec                __aeabi_ldivmod
 .text          0x0800028c       0x30 /home/imerir/STM32/SystemWorkbench/plugins/fr.ac6.mcu.externaltools.arm-none.linux64_1.13.1.201703061524/tools/compiler/bin/../lib/gcc/arm-none-eabi/5.4.1/armv7e-m/fpu/libgcc.a(_aeabi_uldivmod.o)
                0x0800028c                __aeabi_uldivmod
 .text          0x080002bc      0x2e4 /home/imerir/STM32/SystemWorkbench/plugins/fr.ac6.mcu.externaltools.arm-none.linux64_1.13.1.201703061524/tools/compiler/bin/../lib/gcc/arm-none-eabi/5.4.1/armv7e-m/fpu/libgcc.a(_udivmoddi4.o)
                0x080002bc                __udivmoddi4
 .text          0x080005a0        0x4 /home/imerir/STM32/SystemWorkbench/plugins/fr.ac6.mcu.externaltools.arm-none.linux64_1.13.1.201703061524/tools/compiler/bin/../lib/gcc/arm-none-eabi/5.4.1/armv7e-m/fpu/libgcc.a(_dvmd_tls.o)
                0x080005a0                __aeabi_ldiv0
                0x080005a0                __aeabi_idiv0
 .text          0x080005a4       0x10 /home/imerir/STM32/SystemWorkbench/plugins/fr.ac6.mcu.externaltools.arm-none.linux64_1.13.1.201703061524/tools/compiler/bin/../lib/gcc/arm-none-eabi/5.4.1/../../../../arm-none-eabi/lib/armv7e-m/fpu/libc_nano.a(lib_a-strlen.o)
                0x080005a4                strlen
 *(.text*)
 .text.LSM303AGR_ACC_WriteReg
                0x080005b4       0x10 Drivers/BSP/Components/lsm303agr/LSM303AGR_ACC_driver.o
                0x080005b4                LSM303AGR_ACC_WriteReg
 .text.LSM303AGR_ACC_ReadReg
                0x080005c4       0x10 Drivers/BSP/Components/lsm303agr/LSM303AGR_ACC_driver.o
                0x080005c4                LSM303AGR_ACC_ReadReg
 .text.LSM303AGR_ACC_R_WHO_AM_I
                0x080005d4       0x18 Drivers/BSP/Components/lsm303agr/LSM303AGR_ACC_driver.o
                0x080005d4                LSM303AGR_ACC_R_WHO_AM_I
 .text.LSM303AGR_ACC_W_BlockDataUpdate
                0x080005ec       0x40 Drivers/BSP/Components/lsm303agr/LSM303AGR_ACC_driver.o
                0x080005ec                LSM303AGR_ACC_W_BlockDataUpdate
 .text.LSM303AGR_ACC_W_FullScale
                0x0800062c       0x40 Drivers/BSP/Components/lsm303agr/LSM303AGR_ACC_driver.o
                0x0800062c                LSM303AGR_ACC_W_FullScale
 .text.LSM303AGR_ACC_R_FullScale
                0x0800066c       0x20 Drivers/BSP/Components/lsm303agr/LSM303AGR_ACC_driver.o
                0x0800066c                LSM303AGR_ACC_R_FullScale
 .text.LSM303AGR_ACC_Get_Raw_Acceleration
                0x0800068c       0x18 Drivers/BSP/Components/lsm303agr/LSM303AGR_ACC_driver.o
                0x0800068c                LSM303AGR_ACC_Get_Raw_Acceleration
 .text.LSM303AGR_ACC_W_ODR
                0x080006a4       0x40 Drivers/BSP/Components/lsm303agr/LSM303AGR_ACC_driver.o
                0x080006a4                LSM303AGR_ACC_W_ODR
 .text.LSM303AGR_ACC_R_ODR
                0x080006e4       0x20 Drivers/BSP/Components/lsm303agr/LSM303AGR_ACC_driver.o
                0x080006e4                LSM303AGR_ACC_R_ODR
 .text.LSM303AGR_ACC_W_XEN
                0x08000704       0x40 Drivers/BSP/Components/lsm303agr/LSM303AGR_ACC_driver.o
                0x08000704                LSM303AGR_ACC_W_XEN
 .text.LSM303AGR_ACC_R_XEN
                0x08000744       0x20 Drivers/BSP/Components/lsm303agr/LSM303AGR_ACC_driver.o
                0x08000744                LSM303AGR_ACC_R_XEN
 .text.LSM303AGR_ACC_W_YEN
                0x08000764       0x40 Drivers/BSP/Components/lsm303agr/LSM303AGR_ACC_driver.o
                0x08000764                LSM303AGR_ACC_W_YEN
 .text.LSM303AGR_ACC_R_YEN
                0x080007a4       0x20 Drivers/BSP/Components/lsm303agr/LSM303AGR_ACC_driver.o
                0x080007a4                LSM303AGR_ACC_R_YEN
 .text.LSM303AGR_ACC_W_ZEN
                0x080007c4       0x40 Drivers/BSP/Components/lsm303agr/LSM303AGR_ACC_driver.o
                0x080007c4                LSM303AGR_ACC_W_ZEN
 .text.LSM303AGR_ACC_R_ZEN
                0x08000804       0x20 Drivers/BSP/Components/lsm303agr/LSM303AGR_ACC_driver.o
                0x08000804                LSM303AGR_ACC_R_ZEN
 .text.LSM303AGR_ACC_R_LOWPWR_EN
                0x08000824       0x20 Drivers/BSP/Components/lsm303agr/LSM303AGR_ACC_driver.o
                0x08000824                LSM303AGR_ACC_R_LOWPWR_EN
 .text.LSM303AGR_ACC_R_HiRes
                0x08000844       0x20 Drivers/BSP/Components/lsm303agr/LSM303AGR_ACC_driver.o
                0x08000844                LSM303AGR_ACC_R_HiRes
 .text.LSM303AGR_ACC_Get_Acceleration
                0x08000864      0x12c Drivers/BSP/Components/lsm303agr/LSM303AGR_ACC_driver.o
                0x08000864                LSM303AGR_ACC_Get_Acceleration
 .text.LSM303AGR_ACC_R_XDataAvail
                0x08000990       0x20 Drivers/BSP/Components/lsm303agr/LSM303AGR_ACC_driver.o
                0x08000990                LSM303AGR_ACC_R_XDataAvail
 .text.LSM303AGR_ACC_W_FifoMode
                0x080009b0       0x40 Drivers/BSP/Components/lsm303agr/LSM303AGR_ACC_driver.o
                0x080009b0                LSM303AGR_ACC_W_FifoMode
 .text.LSM303AGR_X_Set_ODR_When_Disabled
                0x080009f0       0x50 Drivers/BSP/Components/lsm303agr/LSM303AGR_ACC_driver_HL.o
 .text.LSM303AGR_X_Set_ODR_Value_When_Disabled
                0x08000a40       0x9c Drivers/BSP/Components/lsm303agr/LSM303AGR_ACC_driver_HL.o
 .text.LSM303AGR_X_Get_DRDY_Status
                0x08000adc       0x30 Drivers/BSP/Components/lsm303agr/LSM303AGR_ACC_driver_HL.o
 .text.LSM303AGR_X_Write_Reg
                0x08000b0c       0x20 Drivers/BSP/Components/lsm303agr/LSM303AGR_ACC_driver_HL.o
 .text.LSM303AGR_X_Read_Reg
                0x08000b2c       0x14 Drivers/BSP/Components/lsm303agr/LSM303AGR_ACC_driver_HL.o
 .text.LSM303AGR_X_Set_Axes_Status
                0x08000b40       0x50 Drivers/BSP/Components/lsm303agr/LSM303AGR_ACC_driver_HL.o
 .text.LSM303AGR_X_Get_Axes_Status
                0x08000b90       0x68 Drivers/BSP/Components/lsm303agr/LSM303AGR_ACC_driver_HL.o
 .text.LSM303AGR_X_Set_FS_Value
                0x08000bf8       0x48 Drivers/BSP/Components/lsm303agr/LSM303AGR_ACC_driver_HL.o
 .text.LSM303AGR_X_Set_FS
                0x08000c40       0x28 Drivers/BSP/Components/lsm303agr/LSM303AGR_ACC_driver_HL.o
 .text.LSM303AGR_X_Get_FS
                0x08000c68       0x64 Drivers/BSP/Components/lsm303agr/LSM303AGR_ACC_driver_HL.o
 .text.LSM303AGR_X_Get_Sensitivity_Normal_Mode
                0x08000ccc       0x6c Drivers/BSP/Components/lsm303agr/LSM303AGR_ACC_driver_HL.o
 .text.LSM303AGR_X_Get_Sensitivity_LP_Mode
                0x08000d38       0x6c Drivers/BSP/Components/lsm303agr/LSM303AGR_ACC_driver_HL.o
 .text.LSM303AGR_X_Get_Sensitivity_HR_Mode
                0x08000da4       0x6c Drivers/BSP/Components/lsm303agr/LSM303AGR_ACC_driver_HL.o
 .text.LSM303AGR_X_Set_ODR_Value_When_Enabled
                0x08000e10       0x8c Drivers/BSP/Components/lsm303agr/LSM303AGR_ACC_driver_HL.o
 .text.LSM303AGR_X_Set_ODR_Value
                0x08000e9c       0x24 Drivers/BSP/Components/lsm303agr/LSM303AGR_ACC_driver_HL.o
 .text.LSM303AGR_X_Sensor_Enable
                0x08000ec0       0x28 Drivers/BSP/Components/lsm303agr/LSM303AGR_ACC_driver_HL.o
 .text.LSM303AGR_X_Set_ODR_When_Enabled
                0x08000ee8       0x34 Drivers/BSP/Components/lsm303agr/LSM303AGR_ACC_driver_HL.o
 .text.LSM303AGR_X_Set_ODR
                0x08000f1c       0x24 Drivers/BSP/Components/lsm303agr/LSM303AGR_ACC_driver_HL.o
 .text.LSM303AGR_X_Get_ODR
                0x08000f40       0xac Drivers/BSP/Components/lsm303agr/LSM303AGR_ACC_driver_HL.o
 .text.LSM303AGR_X_Sensor_Disable
                0x08000fec       0x30 Drivers/BSP/Components/lsm303agr/LSM303AGR_ACC_driver_HL.o
 .text.LSM303AGR_X_Get_Sensitivity
                0x0800101c       0x70 Drivers/BSP/Components/lsm303agr/LSM303AGR_ACC_driver_HL.o
 .text.LSM303AGR_X_Get_Axes_Raw
                0x0800108c       0x88 Drivers/BSP/Components/lsm303agr/LSM303AGR_ACC_driver_HL.o
 .text.LSM303AGR_X_Get_AxesRaw
                0x08001114       0x28 Drivers/BSP/Components/lsm303agr/LSM303AGR_ACC_driver_HL.o
 .text.LSM303AGR_X_Get_Axes
                0x0800113c       0x24 Drivers/BSP/Components/lsm303agr/LSM303AGR_ACC_driver_HL.o
 .text.LSM303AGR_X_Get_WhoAmI
                0x08001160       0x10 Drivers/BSP/Components/lsm303agr/LSM303AGR_ACC_driver_HL.o
 .text.LSM303AGR_X_Check_WhoAmI
                0x08001170       0x2c Drivers/BSP/Components/lsm303agr/LSM303AGR_ACC_driver_HL.o
 .text.LSM303AGR_X_DeInit
                0x0800119c       0x28 Drivers/BSP/Components/lsm303agr/LSM303AGR_ACC_driver_HL.o
 .text.LSM303AGR_X_Init
                0x080011c4       0x7c Drivers/BSP/Components/lsm303agr/LSM303AGR_ACC_driver_HL.o
 .text.LSM6DSL_ACC_GYRO_ReadReg
                0x08001240       0x10 Drivers/BSP/Components/lsm6dsl/LSM6DSL_ACC_GYRO_driver.o
                0x08001240                LSM6DSL_ACC_GYRO_ReadReg
 .text.LSM6DSL_ACC_GYRO_WriteReg
                0x08001250       0x10 Drivers/BSP/Components/lsm6dsl/LSM6DSL_ACC_GYRO_driver.o
                0x08001250                LSM6DSL_ACC_GYRO_WriteReg
 .text.LSM6DSL_ACC_GYRO_R_WHO_AM_I
                0x08001260       0x18 Drivers/BSP/Components/lsm6dsl/LSM6DSL_ACC_GYRO_driver.o
                0x08001260                LSM6DSL_ACC_GYRO_R_WHO_AM_I
 .text.LSM6DSL_ACC_GYRO_W_BDU
                0x08001278       0x40 Drivers/BSP/Components/lsm6dsl/LSM6DSL_ACC_GYRO_driver.o
                0x08001278                LSM6DSL_ACC_GYRO_W_BDU
 .text.LSM6DSL_ACC_GYRO_W_FS_XL
                0x080012b8       0x40 Drivers/BSP/Components/lsm6dsl/LSM6DSL_ACC_GYRO_driver.o
                0x080012b8                LSM6DSL_ACC_GYRO_W_FS_XL
 .text.LSM6DSL_ACC_GYRO_R_FS_XL
                0x080012f8       0x20 Drivers/BSP/Components/lsm6dsl/LSM6DSL_ACC_GYRO_driver.o
                0x080012f8                LSM6DSL_ACC_GYRO_R_FS_XL
 .text.LSM6DSL_ACC_GYRO_GetRawAccData
                0x08001318       0x4c Drivers/BSP/Components/lsm6dsl/LSM6DSL_ACC_GYRO_driver.o
                0x08001318                LSM6DSL_ACC_GYRO_GetRawAccData
 .text.LSM6DSL_ACC_GYRO_W_ODR_XL
                0x08001364       0x40 Drivers/BSP/Components/lsm6dsl/LSM6DSL_ACC_GYRO_driver.o
                0x08001364                LSM6DSL_ACC_GYRO_W_ODR_XL
 .text.LSM6DSL_ACC_GYRO_R_ODR_XL
                0x080013a4       0x20 Drivers/BSP/Components/lsm6dsl/LSM6DSL_ACC_GYRO_driver.o
                0x080013a4                LSM6DSL_ACC_GYRO_R_ODR_XL
 .text.LSM6DSL_ACC_GYRO_W_FS_G
                0x080013c4       0x40 Drivers/BSP/Components/lsm6dsl/LSM6DSL_ACC_GYRO_driver.o
                0x080013c4                LSM6DSL_ACC_GYRO_W_FS_G
 .text.LSM6DSL_ACC_GYRO_R_FS_G
                0x08001404       0x20 Drivers/BSP/Components/lsm6dsl/LSM6DSL_ACC_GYRO_driver.o
                0x08001404                LSM6DSL_ACC_GYRO_R_FS_G
 .text.LSM6DSL_ACC_GYRO_GetRawGyroData
                0x08001424       0x4c Drivers/BSP/Components/lsm6dsl/LSM6DSL_ACC_GYRO_driver.o
                0x08001424                LSM6DSL_ACC_GYRO_GetRawGyroData
 .text.LSM6DSL_ACC_GYRO_W_ODR_G
                0x08001470       0x40 Drivers/BSP/Components/lsm6dsl/LSM6DSL_ACC_GYRO_driver.o
                0x08001470                LSM6DSL_ACC_GYRO_W_ODR_G
 .text.LSM6DSL_ACC_GYRO_R_ODR_G
                0x080014b0       0x20 Drivers/BSP/Components/lsm6dsl/LSM6DSL_ACC_GYRO_driver.o
                0x080014b0                LSM6DSL_ACC_GYRO_R_ODR_G
 .text.LSM6DSL_ACC_GYRO_W_FS_125
                0x080014d0       0x40 Drivers/BSP/Components/lsm6dsl/LSM6DSL_ACC_GYRO_driver.o
                0x080014d0                LSM6DSL_ACC_GYRO_W_FS_125
 .text.LSM6DSL_ACC_GYRO_R_FS_125
                0x08001510       0x20 Drivers/BSP/Components/lsm6dsl/LSM6DSL_ACC_GYRO_driver.o
                0x08001510                LSM6DSL_ACC_GYRO_R_FS_125
 .text.LSM6DSL_ACC_GYRO_W_EmbeddedAccess
                0x08001530       0x40 Drivers/BSP/Components/lsm6dsl/LSM6DSL_ACC_GYRO_driver.o
                0x08001530                LSM6DSL_ACC_GYRO_W_EmbeddedAccess
 .text.LSM6DSL_ACC_GYRO_W_FIFO_Watermark
                0x08001570       0x6c Drivers/BSP/Components/lsm6dsl/LSM6DSL_ACC_GYRO_driver.o
                0x08001570                LSM6DSL_ACC_GYRO_W_FIFO_Watermark
 .text.LSM6DSL_ACC_GYRO_W_DEC_FIFO_XL
                0x080015dc       0x40 Drivers/BSP/Components/lsm6dsl/LSM6DSL_ACC_GYRO_driver.o
                0x080015dc                LSM6DSL_ACC_GYRO_W_DEC_FIFO_XL
 .text.LSM6DSL_ACC_GYRO_W_DEC_FIFO_G
                0x0800161c       0x40 Drivers/BSP/Components/lsm6dsl/LSM6DSL_ACC_GYRO_driver.o
                0x0800161c                LSM6DSL_ACC_GYRO_W_DEC_FIFO_G
 .text.LSM6DSL_ACC_GYRO_W_STOP_ON_FTH
                0x0800165c       0x40 Drivers/BSP/Components/lsm6dsl/LSM6DSL_ACC_GYRO_driver.o
                0x0800165c                LSM6DSL_ACC_GYRO_W_STOP_ON_FTH
 .text.LSM6DSL_ACC_GYRO_W_FIFO_MODE
                0x0800169c       0x40 Drivers/BSP/Components/lsm6dsl/LSM6DSL_ACC_GYRO_driver.o
                0x0800169c                LSM6DSL_ACC_GYRO_W_FIFO_MODE
 .text.LSM6DSL_ACC_GYRO_W_ODR_FIFO
                0x080016dc       0x40 Drivers/BSP/Components/lsm6dsl/LSM6DSL_ACC_GYRO_driver.o
                0x080016dc                LSM6DSL_ACC_GYRO_W_ODR_FIFO
 .text.LSM6DSL_ACC_GYRO_W_FULL_FLAG_on_INT1
                0x0800171c       0x40 Drivers/BSP/Components/lsm6dsl/LSM6DSL_ACC_GYRO_driver.o
                0x0800171c                LSM6DSL_ACC_GYRO_W_FULL_FLAG_on_INT1
 .text.LSM6DSL_ACC_GYRO_W_STEP_DET_on_INT1
                0x0800175c       0x40 Drivers/BSP/Components/lsm6dsl/LSM6DSL_ACC_GYRO_driver.o
                0x0800175c                LSM6DSL_ACC_GYRO_W_STEP_DET_on_INT1
 .text.LSM6DSL_ACC_GYRO_W_IF_Addr_Incr
                0x0800179c       0x40 Drivers/BSP/Components/lsm6dsl/LSM6DSL_ACC_GYRO_driver.o
                0x0800179c                LSM6DSL_ACC_GYRO_W_IF_Addr_Incr
 .text.LSM6DSL_ACC_GYRO_W_SelfTest_XL
                0x080017dc       0x40 Drivers/BSP/Components/lsm6dsl/LSM6DSL_ACC_GYRO_driver.o
                0x080017dc                LSM6DSL_ACC_GYRO_W_SelfTest_XL
 .text.LSM6DSL_ACC_GYRO_W_SelfTest_G
                0x0800181c       0x40 Drivers/BSP/Components/lsm6dsl/LSM6DSL_ACC_GYRO_driver.o
                0x0800181c                LSM6DSL_ACC_GYRO_W_SelfTest_G
 .text.LSM6DSL_ACC_GYRO_W_PedoStepReset
                0x0800185c       0x40 Drivers/BSP/Components/lsm6dsl/LSM6DSL_ACC_GYRO_driver.o
                0x0800185c                LSM6DSL_ACC_GYRO_W_PedoStepReset
 .text.LSM6DSL_ACC_GYRO_W_TILT
                0x0800189c       0x40 Drivers/BSP/Components/lsm6dsl/LSM6DSL_ACC_GYRO_driver.o
                0x0800189c                LSM6DSL_ACC_GYRO_W_TILT
 .text.LSM6DSL_ACC_GYRO_W_PEDO
                0x080018dc       0x40 Drivers/BSP/Components/lsm6dsl/LSM6DSL_ACC_GYRO_driver.o
                0x080018dc                LSM6DSL_ACC_GYRO_W_PEDO
 .text.LSM6DSL_ACC_GYRO_W_FUNC_EN
                0x0800191c       0x40 Drivers/BSP/Components/lsm6dsl/LSM6DSL_ACC_GYRO_driver.o
                0x0800191c                LSM6DSL_ACC_GYRO_W_FUNC_EN
 .text.LSM6DSL_ACC_GYRO_R_WU_EV_STATUS
                0x0800195c       0x20 Drivers/BSP/Components/lsm6dsl/LSM6DSL_ACC_GYRO_driver.o
                0x0800195c                LSM6DSL_ACC_GYRO_R_WU_EV_STATUS
 .text.LSM6DSL_ACC_GYRO_R_FF_EV_STATUS
                0x0800197c       0x20 Drivers/BSP/Components/lsm6dsl/LSM6DSL_ACC_GYRO_driver.o
                0x0800197c                LSM6DSL_ACC_GYRO_R_FF_EV_STATUS
 .text.LSM6DSL_ACC_GYRO_R_DOUBLE_TAP_EV_STATUS
                0x0800199c       0x20 Drivers/BSP/Components/lsm6dsl/LSM6DSL_ACC_GYRO_driver.o
                0x0800199c                LSM6DSL_ACC_GYRO_R_DOUBLE_TAP_EV_STATUS
 .text.LSM6DSL_ACC_GYRO_R_SINGLE_TAP_EV_STATUS
                0x080019bc       0x20 Drivers/BSP/Components/lsm6dsl/LSM6DSL_ACC_GYRO_driver.o
                0x080019bc                LSM6DSL_ACC_GYRO_R_SINGLE_TAP_EV_STATUS
 .text.LSM6DSL_ACC_GYRO_R_DSD_XL
                0x080019dc       0x20 Drivers/BSP/Components/lsm6dsl/LSM6DSL_ACC_GYRO_driver.o
                0x080019dc                LSM6DSL_ACC_GYRO_R_DSD_XL
 .text.LSM6DSL_ACC_GYRO_R_DSD_XH
                0x080019fc       0x20 Drivers/BSP/Components/lsm6dsl/LSM6DSL_ACC_GYRO_driver.o
                0x080019fc                LSM6DSL_ACC_GYRO_R_DSD_XH
 .text.LSM6DSL_ACC_GYRO_R_DSD_YL
                0x08001a1c       0x20 Drivers/BSP/Components/lsm6dsl/LSM6DSL_ACC_GYRO_driver.o
                0x08001a1c                LSM6DSL_ACC_GYRO_R_DSD_YL
 .text.LSM6DSL_ACC_GYRO_R_DSD_YH
                0x08001a3c       0x20 Drivers/BSP/Components/lsm6dsl/LSM6DSL_ACC_GYRO_driver.o
                0x08001a3c                LSM6DSL_ACC_GYRO_R_DSD_YH
 .text.LSM6DSL_ACC_GYRO_R_DSD_ZL
                0x08001a5c       0x20 Drivers/BSP/Components/lsm6dsl/LSM6DSL_ACC_GYRO_driver.o
                0x08001a5c                LSM6DSL_ACC_GYRO_R_DSD_ZL
 .text.LSM6DSL_ACC_GYRO_R_DSD_ZH
                0x08001a7c       0x20 Drivers/BSP/Components/lsm6dsl/LSM6DSL_ACC_GYRO_driver.o
                0x08001a7c                LSM6DSL_ACC_GYRO_R_DSD_ZH
 .text.LSM6DSL_ACC_GYRO_R_D6D_EV_STATUS
                0x08001a9c       0x20 Drivers/BSP/Components/lsm6dsl/LSM6DSL_ACC_GYRO_driver.o
                0x08001a9c                LSM6DSL_ACC_GYRO_R_D6D_EV_STATUS
 .text.LSM6DSL_ACC_GYRO_R_XLDA
                0x08001abc       0x20 Drivers/BSP/Components/lsm6dsl/LSM6DSL_ACC_GYRO_driver.o
                0x08001abc                LSM6DSL_ACC_GYRO_R_XLDA
 .text.LSM6DSL_ACC_GYRO_R_GDA
                0x08001adc       0x20 Drivers/BSP/Components/lsm6dsl/LSM6DSL_ACC_GYRO_driver.o
                0x08001adc                LSM6DSL_ACC_GYRO_R_GDA
 .text.LSM6DSL_ACC_GYRO_R_FIFONumOfEntries
                0x08001afc       0x44 Drivers/BSP/Components/lsm6dsl/LSM6DSL_ACC_GYRO_driver.o
                0x08001afc                LSM6DSL_ACC_GYRO_R_FIFONumOfEntries
 .text.LSM6DSL_ACC_GYRO_R_FIFOEmpty
                0x08001b40       0x20 Drivers/BSP/Components/lsm6dsl/LSM6DSL_ACC_GYRO_driver.o
                0x08001b40                LSM6DSL_ACC_GYRO_R_FIFOEmpty
 .text.LSM6DSL_ACC_GYRO_R_FIFOFull
                0x08001b60       0x20 Drivers/BSP/Components/lsm6dsl/LSM6DSL_ACC_GYRO_driver.o
                0x08001b60                LSM6DSL_ACC_GYRO_R_FIFOFull
 .text.LSM6DSL_ACC_GYRO_R_OVERRUN
                0x08001b80       0x20 Drivers/BSP/Components/lsm6dsl/LSM6DSL_ACC_GYRO_driver.o
                0x08001b80                LSM6DSL_ACC_GYRO_R_OVERRUN
 .text.LSM6DSL_ACC_GYRO_R_FIFOPattern
                0x08001ba0       0x44 Drivers/BSP/Components/lsm6dsl/LSM6DSL_ACC_GYRO_driver.o
                0x08001ba0                LSM6DSL_ACC_GYRO_R_FIFOPattern
 .text.LSM6DSL_ACC_GYRO_R_PEDO_EV_STATUS
                0x08001be4       0x20 Drivers/BSP/Components/lsm6dsl/LSM6DSL_ACC_GYRO_driver.o
                0x08001be4                LSM6DSL_ACC_GYRO_R_PEDO_EV_STATUS
 .text.LSM6DSL_ACC_GYRO_R_TILT_EV_STATUS
                0x08001c04       0x20 Drivers/BSP/Components/lsm6dsl/LSM6DSL_ACC_GYRO_driver.o
                0x08001c04                LSM6DSL_ACC_GYRO_R_TILT_EV_STATUS
 .text.LSM6DSL_ACC_GYRO_W_LIR
                0x08001c24       0x40 Drivers/BSP/Components/lsm6dsl/LSM6DSL_ACC_GYRO_driver.o
                0x08001c24                LSM6DSL_ACC_GYRO_W_LIR
 .text.LSM6DSL_ACC_GYRO_W_TAP_Z_EN
                0x08001c64       0x40 Drivers/BSP/Components/lsm6dsl/LSM6DSL_ACC_GYRO_driver.o
                0x08001c64                LSM6DSL_ACC_GYRO_W_TAP_Z_EN
 .text.LSM6DSL_ACC_GYRO_W_TAP_Y_EN
                0x08001ca4       0x40 Drivers/BSP/Components/lsm6dsl/LSM6DSL_ACC_GYRO_driver.o
                0x08001ca4                LSM6DSL_ACC_GYRO_W_TAP_Y_EN
 .text.LSM6DSL_ACC_GYRO_W_TAP_X_EN
                0x08001ce4       0x40 Drivers/BSP/Components/lsm6dsl/LSM6DSL_ACC_GYRO_driver.o
                0x08001ce4                LSM6DSL_ACC_GYRO_W_TAP_X_EN
 .text.LSM6DSL_ACC_GYRO_W_BASIC_INT
                0x08001d24       0x40 Drivers/BSP/Components/lsm6dsl/LSM6DSL_ACC_GYRO_driver.o
                0x08001d24                LSM6DSL_ACC_GYRO_W_BASIC_INT
 .text.LSM6DSL_ACC_GYRO_W_TAP_THS
                0x08001d64       0x40 Drivers/BSP/Components/lsm6dsl/LSM6DSL_ACC_GYRO_driver.o
                0x08001d64                LSM6DSL_ACC_GYRO_W_TAP_THS
 .text.LSM6DSL_ACC_GYRO_W_SIXD_THS
                0x08001da4       0x40 Drivers/BSP/Components/lsm6dsl/LSM6DSL_ACC_GYRO_driver.o
                0x08001da4                LSM6DSL_ACC_GYRO_W_SIXD_THS
 .text.LSM6DSL_ACC_GYRO_W_SHOCK_Duration
                0x08001de4       0x40 Drivers/BSP/Components/lsm6dsl/LSM6DSL_ACC_GYRO_driver.o
                0x08001de4                LSM6DSL_ACC_GYRO_W_SHOCK_Duration
 .text.LSM6DSL_ACC_GYRO_W_QUIET_Duration
                0x08001e24       0x44 Drivers/BSP/Components/lsm6dsl/LSM6DSL_ACC_GYRO_driver.o
                0x08001e24                LSM6DSL_ACC_GYRO_W_QUIET_Duration
 .text.LSM6DSL_ACC_GYRO_W_DUR
                0x08001e68       0x40 Drivers/BSP/Components/lsm6dsl/LSM6DSL_ACC_GYRO_driver.o
                0x08001e68                LSM6DSL_ACC_GYRO_W_DUR
 .text.LSM6DSL_ACC_GYRO_W_WK_THS
                0x08001ea8       0x40 Drivers/BSP/Components/lsm6dsl/LSM6DSL_ACC_GYRO_driver.o
                0x08001ea8                LSM6DSL_ACC_GYRO_W_WK_THS
 .text.LSM6DSL_ACC_GYRO_W_SINGLE_DOUBLE_TAP_EV
                0x08001ee8       0x40 Drivers/BSP/Components/lsm6dsl/LSM6DSL_ACC_GYRO_driver.o
                0x08001ee8                LSM6DSL_ACC_GYRO_W_SINGLE_DOUBLE_TAP_EV
 .text.LSM6DSL_ACC_GYRO_W_SLEEP_DUR
                0x08001f28       0x40 Drivers/BSP/Components/lsm6dsl/LSM6DSL_ACC_GYRO_driver.o
                0x08001f28                LSM6DSL_ACC_GYRO_W_SLEEP_DUR
 .text.LSM6DSL_ACC_GYRO_W_TIMER_HR
                0x08001f68       0x40 Drivers/BSP/Components/lsm6dsl/LSM6DSL_ACC_GYRO_driver.o
                0x08001f68                LSM6DSL_ACC_GYRO_W_TIMER_HR
 .text.LSM6DSL_ACC_GYRO_W_WAKE_DUR
                0x08001fa8       0x44 Drivers/BSP/Components/lsm6dsl/LSM6DSL_ACC_GYRO_driver.o
                0x08001fa8                LSM6DSL_ACC_GYRO_W_WAKE_DUR
 .text.LSM6DSL_ACC_GYRO_W_FF_THS
                0x08001fec       0x40 Drivers/BSP/Components/lsm6dsl/LSM6DSL_ACC_GYRO_driver.o
                0x08001fec                LSM6DSL_ACC_GYRO_W_FF_THS
 .text.LSM6DSL_ACC_GYRO_W_FF_Duration
                0x0800202c       0x78 Drivers/BSP/Components/lsm6dsl/LSM6DSL_ACC_GYRO_driver.o
                0x0800202c                LSM6DSL_ACC_GYRO_W_FF_Duration
 .text.LSM6DSL_ACC_GYRO_W_TiltEvOnInt1
                0x080020a4       0x40 Drivers/BSP/Components/lsm6dsl/LSM6DSL_ACC_GYRO_driver.o
                0x080020a4                LSM6DSL_ACC_GYRO_W_TiltEvOnInt1
 .text.LSM6DSL_ACC_GYRO_W_6DEvOnInt1
                0x080020e4       0x40 Drivers/BSP/Components/lsm6dsl/LSM6DSL_ACC_GYRO_driver.o
                0x080020e4                LSM6DSL_ACC_GYRO_W_6DEvOnInt1
 .text.LSM6DSL_ACC_GYRO_W_TapEvOnInt1
                0x08002124       0x40 Drivers/BSP/Components/lsm6dsl/LSM6DSL_ACC_GYRO_driver.o
                0x08002124                LSM6DSL_ACC_GYRO_W_TapEvOnInt1
 .text.LSM6DSL_ACC_GYRO_W_FFEvOnInt1
                0x08002164       0x40 Drivers/BSP/Components/lsm6dsl/LSM6DSL_ACC_GYRO_driver.o
                0x08002164                LSM6DSL_ACC_GYRO_W_FFEvOnInt1
 .text.LSM6DSL_ACC_GYRO_W_WUEvOnInt1
                0x080021a4       0x40 Drivers/BSP/Components/lsm6dsl/LSM6DSL_ACC_GYRO_driver.o
                0x080021a4                LSM6DSL_ACC_GYRO_W_WUEvOnInt1
 .text.LSM6DSL_ACC_GYRO_W_SingleTapOnInt1
                0x080021e4       0x40 Drivers/BSP/Components/lsm6dsl/LSM6DSL_ACC_GYRO_driver.o
                0x080021e4                LSM6DSL_ACC_GYRO_W_SingleTapOnInt1
 .text.LSM6DSL_ACC_GYRO_W_TiltEvOnInt2
                0x08002224       0x40 Drivers/BSP/Components/lsm6dsl/LSM6DSL_ACC_GYRO_driver.o
                0x08002224                LSM6DSL_ACC_GYRO_W_TiltEvOnInt2
 .text.LSM6DSL_ACC_GYRO_W_6DEvOnInt2
                0x08002264       0x40 Drivers/BSP/Components/lsm6dsl/LSM6DSL_ACC_GYRO_driver.o
                0x08002264                LSM6DSL_ACC_GYRO_W_6DEvOnInt2
 .text.LSM6DSL_ACC_GYRO_W_TapEvOnInt2
                0x080022a4       0x40 Drivers/BSP/Components/lsm6dsl/LSM6DSL_ACC_GYRO_driver.o
                0x080022a4                LSM6DSL_ACC_GYRO_W_TapEvOnInt2
 .text.LSM6DSL_ACC_GYRO_W_FFEvOnInt2
                0x080022e4       0x40 Drivers/BSP/Components/lsm6dsl/LSM6DSL_ACC_GYRO_driver.o
                0x080022e4                LSM6DSL_ACC_GYRO_W_FFEvOnInt2
 .text.LSM6DSL_ACC_GYRO_W_WUEvOnInt2
                0x08002324       0x40 Drivers/BSP/Components/lsm6dsl/LSM6DSL_ACC_GYRO_driver.o
                0x08002324                LSM6DSL_ACC_GYRO_W_WUEvOnInt2
 .text.LSM6DSL_ACC_GYRO_W_SingleTapOnInt2
                0x08002364       0x40 Drivers/BSP/Components/lsm6dsl/LSM6DSL_ACC_GYRO_driver.o
                0x08002364                LSM6DSL_ACC_GYRO_W_SingleTapOnInt2
 .text.LSM6DSL_ACC_GYRO_Get_GetFIFOData
                0x080023a4       0x44 Drivers/BSP/Components/lsm6dsl/LSM6DSL_ACC_GYRO_driver.o
                0x080023a4                LSM6DSL_ACC_GYRO_Get_GetFIFOData
 .text.LSM6DSL_ACC_GYRO_Get_GetStepCounter
                0x080023e8       0x44 Drivers/BSP/Components/lsm6dsl/LSM6DSL_ACC_GYRO_driver.o
                0x080023e8                LSM6DSL_ACC_GYRO_Get_GetStepCounter
 .text.LSM6DSL_ACC_GYRO_W_PedoThreshold
                0x0800242c       0x4c Drivers/BSP/Components/lsm6dsl/LSM6DSL_ACC_GYRO_driver.o
                0x0800242c                LSM6DSL_ACC_GYRO_W_PedoThreshold
 .text.LSM6DSL_X_Set_ODR_When_Disabled
                0x08002478       0x50 Drivers/BSP/Components/lsm6dsl/LSM6DSL_ACC_GYRO_driver_HL.o
 .text.LSM6DSL_X_Set_ODR_Value_When_Disabled
                0x080024c8       0xf0 Drivers/BSP/Components/lsm6dsl/LSM6DSL_ACC_GYRO_driver_HL.o
 .text.LSM6DSL_G_Set_ODR_When_Disabled
                0x080025b8       0x50 Drivers/BSP/Components/lsm6dsl/LSM6DSL_ACC_GYRO_driver_HL.o
 .text.LSM6DSL_G_Set_ODR_Value_When_Disabled
                0x08002608       0xf0 Drivers/BSP/Components/lsm6dsl/LSM6DSL_ACC_GYRO_driver_HL.o
 .text.LSM6DSL_X_Set_SelfTest
                0x080026f8       0x18 Drivers/BSP/Components/lsm6dsl/LSM6DSL_ACC_GYRO_driver_HL.o
 .text.LSM6DSL_Set_Interrupt_Latch
                0x08002710       0x18 Drivers/BSP/Components/lsm6dsl/LSM6DSL_ACC_GYRO_driver_HL.o
 .text.LSM6DSL_X_Set_Interrupt_Latch
                0x08002728        0x8 Drivers/BSP/Components/lsm6dsl/LSM6DSL_ACC_GYRO_driver_HL.o
 .text.LSM6DSL_G_Set_Interrupt_Latch
                0x08002730        0x8 Drivers/BSP/Components/lsm6dsl/LSM6DSL_ACC_GYRO_driver_HL.o
 .text.LSM6DSL_FIFO_Set_Stop_On_Fth
                0x08002738       0x20 Drivers/BSP/Components/lsm6dsl/LSM6DSL_ACC_GYRO_driver_HL.o
 .text.LSM6DSL_FIFO_Set_Watermark_Level
                0x08002758       0x10 Drivers/BSP/Components/lsm6dsl/LSM6DSL_ACC_GYRO_driver_HL.o
 .text.LSM6DSL_FIFO_Set_INT1_FIFO_Full
                0x08002768       0x20 Drivers/BSP/Components/lsm6dsl/LSM6DSL_ACC_GYRO_driver_HL.o
 .text.LSM6DSL_FIFO_Set_Mode
                0x08002788       0x24 Drivers/BSP/Components/lsm6dsl/LSM6DSL_ACC_GYRO_driver_HL.o
 .text.LSM6DSL_X_Get_Sensitivity
                0x080027ac       0x6c Drivers/BSP/Components/lsm6dsl/LSM6DSL_ACC_GYRO_driver_HL.o
 .text.LSM6DSL_X_Get_FS
                0x08002818       0x64 Drivers/BSP/Components/lsm6dsl/LSM6DSL_ACC_GYRO_driver_HL.o
 .text.LSM6DSL_FIFO_X_Set_Decimation
                0x0800287c       0x18 Drivers/BSP/Components/lsm6dsl/LSM6DSL_ACC_GYRO_driver_HL.o
 .text.LSM6DSL_FIFO_Get_Num_Of_Samples
                0x08002894       0x10 Drivers/BSP/Components/lsm6dsl/LSM6DSL_ACC_GYRO_driver_HL.o
 .text.LSM6DSL_FIFO_Get_Data
                0x080028a4       0x10 Drivers/BSP/Components/lsm6dsl/LSM6DSL_ACC_GYRO_driver_HL.o
 .text.LSM6DSL_FIFO_X_Get_Axis
                0x080028b4       0x50 Drivers/BSP/Components/lsm6dsl/LSM6DSL_ACC_GYRO_driver_HL.o
 .text.LSM6DSL_FIFO_Get_Pattern
                0x08002904       0x10 Drivers/BSP/Components/lsm6dsl/LSM6DSL_ACC_GYRO_driver_HL.o
 .text.LSM6DSL_FIFO_Get_Overrun_Status
                0x08002914       0x34 Drivers/BSP/Components/lsm6dsl/LSM6DSL_ACC_GYRO_driver_HL.o
 .text.LSM6DSL_FIFO_Get_Empty_Status
                0x08002948       0x34 Drivers/BSP/Components/lsm6dsl/LSM6DSL_ACC_GYRO_driver_HL.o
 .text.LSM6DSL_FIFO_Get_Full_Status
                0x0800297c       0x34 Drivers/BSP/Components/lsm6dsl/LSM6DSL_ACC_GYRO_driver_HL.o
 .text.LSM6DSL_FIFO_Set_ODR_Value
                0x080029b0       0xd0 Drivers/BSP/Components/lsm6dsl/LSM6DSL_ACC_GYRO_driver_HL.o
 .text.LSM6DSL_Read_Reg
                0x08002a80       0x14 Drivers/BSP/Components/lsm6dsl/LSM6DSL_ACC_GYRO_driver_HL.o
 .text.LSM6DSL_X_Read_Reg
                0x08002a94       0x10 Drivers/BSP/Components/lsm6dsl/LSM6DSL_ACC_GYRO_driver_HL.o
 .text.LSM6DSL_X_Get_Event_Status
                0x08002aa4      0x1b0 Drivers/BSP/Components/lsm6dsl/LSM6DSL_ACC_GYRO_driver_HL.o
 .text.LSM6DSL_G_Read_Reg
                0x08002c54       0x10 Drivers/BSP/Components/lsm6dsl/LSM6DSL_ACC_GYRO_driver_HL.o
 .text.LSM6DSL_X_Get_6D_Orientation_ZH
                0x08002c64       0x34 Drivers/BSP/Components/lsm6dsl/LSM6DSL_ACC_GYRO_driver_HL.o
 .text.LSM6DSL_X_Get_6D_Orientation_ZL
                0x08002c98       0x34 Drivers/BSP/Components/lsm6dsl/LSM6DSL_ACC_GYRO_driver_HL.o
 .text.LSM6DSL_X_Get_6D_Orientation_YH
                0x08002ccc       0x34 Drivers/BSP/Components/lsm6dsl/LSM6DSL_ACC_GYRO_driver_HL.o
 .text.LSM6DSL_X_Get_6D_Orientation_YL
                0x08002d00       0x34 Drivers/BSP/Components/lsm6dsl/LSM6DSL_ACC_GYRO_driver_HL.o
 .text.LSM6DSL_X_Get_6D_Orientation_XH
                0x08002d34       0x34 Drivers/BSP/Components/lsm6dsl/LSM6DSL_ACC_GYRO_driver_HL.o
 .text.LSM6DSL_X_Get_6D_Orientation_XL
                0x08002d68       0x30 Drivers/BSP/Components/lsm6dsl/LSM6DSL_ACC_GYRO_driver_HL.o
 .text.LSM6DSL_X_Get_6D_Orientation_Status
                0x08002d98       0x34 Drivers/BSP/Components/lsm6dsl/LSM6DSL_ACC_GYRO_driver_HL.o
 .text.LSM6DSL_X_Disable_6D_Orientation
                0x08002dcc       0x40 Drivers/BSP/Components/lsm6dsl/LSM6DSL_ACC_GYRO_driver_HL.o
 .text.LSM6DSL_X_Set_FS_Value
                0x08002e0c       0x48 Drivers/BSP/Components/lsm6dsl/LSM6DSL_ACC_GYRO_driver_HL.o
 .text.LSM6DSL_X_Set_FS
                0x08002e54       0x28 Drivers/BSP/Components/lsm6dsl/LSM6DSL_ACC_GYRO_driver_HL.o
 .text.LSM6DSL_X_Set_ODR_Value_When_Enabled
                0x08002e7c       0xd0 Drivers/BSP/Components/lsm6dsl/LSM6DSL_ACC_GYRO_driver_HL.o
 .text.LSM6DSL_X_Set_ODR_Value
                0x08002f4c       0x24 Drivers/BSP/Components/lsm6dsl/LSM6DSL_ACC_GYRO_driver_HL.o
 .text.LSM6DSL_X_Enable_6D_Orientation
                0x08002f70       0x70 Drivers/BSP/Components/lsm6dsl/LSM6DSL_ACC_GYRO_driver_HL.o
 .text.LSM6DSL_X_Sensor_Enable
                0x08002fe0       0x28 Drivers/BSP/Components/lsm6dsl/LSM6DSL_ACC_GYRO_driver_HL.o
 .text.LSM6DSL_X_Set_ODR_When_Enabled
                0x08003008       0x30 Drivers/BSP/Components/lsm6dsl/LSM6DSL_ACC_GYRO_driver_HL.o
 .text.LSM6DSL_X_Set_ODR
                0x08003038       0x24 Drivers/BSP/Components/lsm6dsl/LSM6DSL_ACC_GYRO_driver_HL.o
 .text.LSM6DSL_X_Set_Tap_Duration_Time
                0x0800305c       0x10 Drivers/BSP/Components/lsm6dsl/LSM6DSL_ACC_GYRO_driver_HL.o
 .text.LSM6DSL_X_Set_Tap_Quiet_Time
                0x0800306c       0x10 Drivers/BSP/Components/lsm6dsl/LSM6DSL_ACC_GYRO_driver_HL.o
 .text.LSM6DSL_X_Set_Tap_Shock_Time
                0x0800307c       0x10 Drivers/BSP/Components/lsm6dsl/LSM6DSL_ACC_GYRO_driver_HL.o
 .text.LSM6DSL_X_Set_Tap_Threshold
                0x0800308c       0x10 Drivers/BSP/Components/lsm6dsl/LSM6DSL_ACC_GYRO_driver_HL.o
 .text.LSM6DSL_X_Get_Double_Tap_Detection_Status
                0x0800309c       0x34 Drivers/BSP/Components/lsm6dsl/LSM6DSL_ACC_GYRO_driver_HL.o
 .text.LSM6DSL_X_Disable_Double_Tap_Detection
                0x080030d0       0x98 Drivers/BSP/Components/lsm6dsl/LSM6DSL_ACC_GYRO_driver_HL.o
 .text.LSM6DSL_X_Enable_Double_Tap_Detection
                0x08003168       0xd0 Drivers/BSP/Components/lsm6dsl/LSM6DSL_ACC_GYRO_driver_HL.o
 .text.LSM6DSL_X_Get_Single_Tap_Detection_Status
                0x08003238       0x34 Drivers/BSP/Components/lsm6dsl/LSM6DSL_ACC_GYRO_driver_HL.o
 .text.LSM6DSL_X_Disable_Single_Tap_Detection
                0x0800326c       0x80 Drivers/BSP/Components/lsm6dsl/LSM6DSL_ACC_GYRO_driver_HL.o
 .text.LSM6DSL_X_Enable_Single_Tap_Detection
                0x080032ec       0xb0 Drivers/BSP/Components/lsm6dsl/LSM6DSL_ACC_GYRO_driver_HL.o
 .text.LSM6DSL_X_Set_Wake_Up_Threshold
                0x0800339c       0x10 Drivers/BSP/Components/lsm6dsl/LSM6DSL_ACC_GYRO_driver_HL.o
 .text.LSM6DSL_X_Get_Wake_Up_Detection_Status
                0x080033ac       0x34 Drivers/BSP/Components/lsm6dsl/LSM6DSL_ACC_GYRO_driver_HL.o
 .text.LSM6DSL_X_Disable_Wake_Up_Detection
                0x080033e0       0x4c Drivers/BSP/Components/lsm6dsl/LSM6DSL_ACC_GYRO_driver_HL.o
 .text.LSM6DSL_X_Enable_Wake_Up_Detection
                0x0800342c       0x80 Drivers/BSP/Components/lsm6dsl/LSM6DSL_ACC_GYRO_driver_HL.o
 .text.LSM6DSL_X_Get_Tilt_Detection_Status
                0x080034ac       0x34 Drivers/BSP/Components/lsm6dsl/LSM6DSL_ACC_GYRO_driver_HL.o
 .text.LSM6DSL_X_Disable_Tilt_Detection
                0x080034e0       0x40 Drivers/BSP/Components/lsm6dsl/LSM6DSL_ACC_GYRO_driver_HL.o
 .text.LSM6DSL_X_Enable_Tilt_Detection
                0x08003520       0x6c Drivers/BSP/Components/lsm6dsl/LSM6DSL_ACC_GYRO_driver_HL.o
 .text.LSM6DSL_X_Set_Pedometer_Threshold
                0x0800358c       0x10 Drivers/BSP/Components/lsm6dsl/LSM6DSL_ACC_GYRO_driver_HL.o
 .text.LSM6DSL_X_Disable_Step_Counter_Reset
                0x0800359c       0x14 Drivers/BSP/Components/lsm6dsl/LSM6DSL_ACC_GYRO_driver_HL.o
 .text.LSM6DSL_X_Enable_Step_Counter_Reset
                0x080035b0       0x14 Drivers/BSP/Components/lsm6dsl/LSM6DSL_ACC_GYRO_driver_HL.o
 .text.LSM6DSL_X_Get_Step_Count
                0x080035c4       0x10 Drivers/BSP/Components/lsm6dsl/LSM6DSL_ACC_GYRO_driver_HL.o
 .text.LSM6DSL_X_Get_Pedometer_Status
                0x080035d4       0x34 Drivers/BSP/Components/lsm6dsl/LSM6DSL_ACC_GYRO_driver_HL.o
 .text.LSM6DSL_X_Disable_Pedometer
                0x08003608       0x40 Drivers/BSP/Components/lsm6dsl/LSM6DSL_ACC_GYRO_driver_HL.o
 .text.LSM6DSL_X_Enable_Pedometer
                0x08003648       0x58 Drivers/BSP/Components/lsm6dsl/LSM6DSL_ACC_GYRO_driver_HL.o
 .text.LSM6DSL_X_Set_Free_Fall_Threshold
                0x080036a0       0x10 Drivers/BSP/Components/lsm6dsl/LSM6DSL_ACC_GYRO_driver_HL.o
 .text.LSM6DSL_X_Get_Free_Fall_Detection_Status
                0x080036b0       0x34 Drivers/BSP/Components/lsm6dsl/LSM6DSL_ACC_GYRO_driver_HL.o
 .text.LSM6DSL_X_Disable_Free_Fall_Detection
                0x080036e4       0x4c Drivers/BSP/Components/lsm6dsl/LSM6DSL_ACC_GYRO_driver_HL.o
 .text.LSM6DSL_X_Enable_Free_Fall_Detection
                0x08003730       0xa8 Drivers/BSP/Components/lsm6dsl/LSM6DSL_ACC_GYRO_driver_HL.o
 .text.LSM6DSL_G_Set_SelfTest
                0x080037d8       0x2c Drivers/BSP/Components/lsm6dsl/LSM6DSL_ACC_GYRO_driver_HL.o
 .text.LSM6DSL_G_Get_Sensitivity
                0x08003804       0x94 Drivers/BSP/Components/lsm6dsl/LSM6DSL_ACC_GYRO_driver_HL.o
 .text.LSM6DSL_FIFO_G_Get_Axis
                0x08003898       0x50 Drivers/BSP/Components/lsm6dsl/LSM6DSL_ACC_GYRO_driver_HL.o
 .text.LSM6DSL_G_Get_FS
                0x080038e8       0x94 Drivers/BSP/Components/lsm6dsl/LSM6DSL_ACC_GYRO_driver_HL.o
 .text.LSM6DSL_FIFO_G_Set_Decimation
                0x0800397c       0x58 Drivers/BSP/Components/lsm6dsl/LSM6DSL_ACC_GYRO_driver_HL.o
 .text.LSM6DSL_X_Get_DRDY_Status
                0x080039d4       0x30 Drivers/BSP/Components/lsm6dsl/LSM6DSL_ACC_GYRO_driver_HL.o
 .text.LSM6DSL_Write_Reg
                0x08003a04       0x20 Drivers/BSP/Components/lsm6dsl/LSM6DSL_ACC_GYRO_driver_HL.o
 .text.LSM6DSL_X_Write_Reg
                0x08003a24       0x10 Drivers/BSP/Components/lsm6dsl/LSM6DSL_ACC_GYRO_driver_HL.o
 .text.LSM6DSL_G_Write_Reg
                0x08003a34       0x10 Drivers/BSP/Components/lsm6dsl/LSM6DSL_ACC_GYRO_driver_HL.o
 .text.LSM6DSL_X_Get_ODR
                0x08003a44       0xe0 Drivers/BSP/Components/lsm6dsl/LSM6DSL_ACC_GYRO_driver_HL.o
 .text.LSM6DSL_X_Sensor_Disable
                0x08003b24       0x30 Drivers/BSP/Components/lsm6dsl/LSM6DSL_ACC_GYRO_driver_HL.o
 .text.LSM6DSL_X_Get_Axes_Raw
                0x08003b54       0x4c Drivers/BSP/Components/lsm6dsl/LSM6DSL_ACC_GYRO_driver_HL.o
 .text.LSM6DSL_X_Get_AxesRaw
                0x08003ba0       0x28 Drivers/BSP/Components/lsm6dsl/LSM6DSL_ACC_GYRO_driver_HL.o
 .text.LSM6DSL_X_Get_Axes
                0x08003bc8       0x74 Drivers/BSP/Components/lsm6dsl/LSM6DSL_ACC_GYRO_driver_HL.o
 .text.LSM6DSL_Get_WhoAmI
                0x08003c3c       0x10 Drivers/BSP/Components/lsm6dsl/LSM6DSL_ACC_GYRO_driver_HL.o
 .text.LSM6DSL_Check_WhoAmI
                0x08003c4c       0x2c Drivers/BSP/Components/lsm6dsl/LSM6DSL_ACC_GYRO_driver_HL.o
 .text.LSM6DSL_X_Check_WhoAmI
                0x08003c78        0x8 Drivers/BSP/Components/lsm6dsl/LSM6DSL_ACC_GYRO_driver_HL.o
 .text.LSM6DSL_X_DeInit
                0x08003c80       0x70 Drivers/BSP/Components/lsm6dsl/LSM6DSL_ACC_GYRO_driver_HL.o
 .text.LSM6DSL_G_Check_WhoAmI
                0x08003cf0        0x8 Drivers/BSP/Components/lsm6dsl/LSM6DSL_ACC_GYRO_driver_HL.o
 .text.LSM6DSL_X_Get_WhoAmI
                0x08003cf8        0x8 Drivers/BSP/Components/lsm6dsl/LSM6DSL_ACC_GYRO_driver_HL.o
 .text.LSM6DSL_G_Get_WhoAmI
                0x08003d00        0x8 Drivers/BSP/Components/lsm6dsl/LSM6DSL_ACC_GYRO_driver_HL.o
 .text.LSM6DSL_X_Init
                0x08003d08       0x68 Drivers/BSP/Components/lsm6dsl/LSM6DSL_ACC_GYRO_driver_HL.o
 .text.LSM6DSL_G_Get_DRDY_Status
                0x08003d70       0x34 Drivers/BSP/Components/lsm6dsl/LSM6DSL_ACC_GYRO_driver_HL.o
 .text.LSM6DSL_G_Set_FS_Value
                0x08003da4       0x8c Drivers/BSP/Components/lsm6dsl/LSM6DSL_ACC_GYRO_driver_HL.o
 .text.LSM6DSL_G_Set_FS
                0x08003e30       0x28 Drivers/BSP/Components/lsm6dsl/LSM6DSL_ACC_GYRO_driver_HL.o
 .text.LSM6DSL_G_Set_ODR_Value_When_Enabled
                0x08003e58       0xd0 Drivers/BSP/Components/lsm6dsl/LSM6DSL_ACC_GYRO_driver_HL.o
 .text.LSM6DSL_G_Set_ODR_Value
                0x08003f28       0x24 Drivers/BSP/Components/lsm6dsl/LSM6DSL_ACC_GYRO_driver_HL.o
 .text.LSM6DSL_G_Sensor_Enable
                0x08003f4c       0x28 Drivers/BSP/Components/lsm6dsl/LSM6DSL_ACC_GYRO_driver_HL.o
 .text.LSM6DSL_G_Set_ODR_When_Enabled
                0x08003f74       0x30 Drivers/BSP/Components/lsm6dsl/LSM6DSL_ACC_GYRO_driver_HL.o
 .text.LSM6DSL_G_Set_ODR
                0x08003fa4       0x24 Drivers/BSP/Components/lsm6dsl/LSM6DSL_ACC_GYRO_driver_HL.o
 .text.LSM6DSL_G_Init
                0x08003fc8       0x68 Drivers/BSP/Components/lsm6dsl/LSM6DSL_ACC_GYRO_driver_HL.o
 .text.LSM6DSL_G_Get_ODR
                0x08004030       0xe0 Drivers/BSP/Components/lsm6dsl/LSM6DSL_ACC_GYRO_driver_HL.o
 .text.LSM6DSL_G_Sensor_Disable
                0x08004110       0x30 Drivers/BSP/Components/lsm6dsl/LSM6DSL_ACC_GYRO_driver_HL.o
 .text.LSM6DSL_G_DeInit
                0x08004140       0x28 Drivers/BSP/Components/lsm6dsl/LSM6DSL_ACC_GYRO_driver_HL.o
 .text.LSM6DSL_G_Get_Axes_Raw
                0x08004168       0x4c Drivers/BSP/Components/lsm6dsl/LSM6DSL_ACC_GYRO_driver_HL.o
 .text.LSM6DSL_G_Get_AxesRaw
                0x080041b4       0x28 Drivers/BSP/Components/lsm6dsl/LSM6DSL_ACC_GYRO_driver_HL.o
 .text.LSM6DSL_G_Get_Axes
                0x080041dc       0x74 Drivers/BSP/Components/lsm6dsl/LSM6DSL_ACC_GYRO_driver_HL.o
 .text.I2C_EXPBD_MspInit
                0x08004250       0x84 Drivers/BSP/X_NUCLEO_IKS01A2/x_nucleo_iks01a2.o
 .text.I2C_EXPBD_Init
                0x080042d4       0x44 Drivers/BSP/X_NUCLEO_IKS01A2/x_nucleo_iks01a2.o
 .text.I2C_EXPBD_Error
                0x08004318       0x14 Drivers/BSP/X_NUCLEO_IKS01A2/x_nucleo_iks01a2.o
 .text.I2C_EXPBD_WriteData
                0x0800432c       0x34 Drivers/BSP/X_NUCLEO_IKS01A2/x_nucleo_iks01a2.o
 .text.I2C_EXPBD_ReadData
                0x08004360       0x34 Drivers/BSP/X_NUCLEO_IKS01A2/x_nucleo_iks01a2.o
 .text.Sensor_IO_Init
                0x08004394       0x10 Drivers/BSP/X_NUCLEO_IKS01A2/x_nucleo_iks01a2.o
                0x08004394                Sensor_IO_Init
 .text.LSM6DSL_Sensor_IO_ITConfig
                0x080043a4       0x90 Drivers/BSP/X_NUCLEO_IKS01A2/x_nucleo_iks01a2.o
                0x080043a4                LSM6DSL_Sensor_IO_ITConfig
 .text.Sensor_IO_Write
                0x08004434       0x7c Drivers/BSP/X_NUCLEO_IKS01A2/x_nucleo_iks01a2.o
                0x08004434                Sensor_IO_Write
 .text.Sensor_IO_Read
                0x080044b0       0x7c Drivers/BSP/X_NUCLEO_IKS01A2/x_nucleo_iks01a2.o
                0x080044b0                Sensor_IO_Read
 .text.BSP_LSM303AGR_ACCELERO_Init
                0x0800452c       0x98 Drivers/BSP/X_NUCLEO_IKS01A2/x_nucleo_iks01a2_accelero.o
 .text.BSP_LSM6DSL_ACCELERO_Init
                0x080045c4       0x98 Drivers/BSP/X_NUCLEO_IKS01A2/x_nucleo_iks01a2_accelero.o
 .text.BSP_ACCELERO_Init
                0x0800465c       0x4c Drivers/BSP/X_NUCLEO_IKS01A2/x_nucleo_iks01a2_accelero.o
                0x0800465c                BSP_ACCELERO_Init
 .text.BSP_ACCELERO_Sensor_Enable
                0x080046a8       0x20 Drivers/BSP/X_NUCLEO_IKS01A2/x_nucleo_iks01a2_accelero.o
                0x080046a8                BSP_ACCELERO_Sensor_Enable
 .text.BSP_ACCELERO_IsInitialized
                0x080046c8       0x14 Drivers/BSP/X_NUCLEO_IKS01A2/x_nucleo_iks01a2_accelero.o
                0x080046c8                BSP_ACCELERO_IsInitialized
 .text.BSP_ACCELERO_Get_Instance
                0x080046dc       0x14 Drivers/BSP/X_NUCLEO_IKS01A2/x_nucleo_iks01a2_accelero.o
                0x080046dc                BSP_ACCELERO_Get_Instance
 .text.BSP_ACCELERO_Get_Axes
                0x080046f0       0x24 Drivers/BSP/X_NUCLEO_IKS01A2/x_nucleo_iks01a2_accelero.o
                0x080046f0                BSP_ACCELERO_Get_Axes
 .text.HAL_Init
                0x08004714       0x24 Drivers/STM32L4xx_HAL_Driver/Src/stm32l4xx_hal.o
                0x08004714                HAL_Init
 .text.HAL_IncTick
                0x08004738       0x10 Drivers/STM32L4xx_HAL_Driver/Src/stm32l4xx_hal.o
                0x08004738                HAL_IncTick
 .text.HAL_GetTick
                0x08004748        0xc Drivers/STM32L4xx_HAL_Driver/Src/stm32l4xx_hal.o
                0x08004748                HAL_GetTick
 .text.HAL_NVIC_SetPriorityGrouping
                0x08004754       0x24 Drivers/STM32L4xx_HAL_Driver/Src/stm32l4xx_hal_cortex.o
                0x08004754                HAL_NVIC_SetPriorityGrouping
 .text.HAL_NVIC_SetPriority
                0x08004778       0x64 Drivers/STM32L4xx_HAL_Driver/Src/stm32l4xx_hal_cortex.o
                0x08004778                HAL_NVIC_SetPriority
 .text.HAL_NVIC_EnableIRQ
                0x080047dc       0x18 Drivers/STM32L4xx_HAL_Driver/Src/stm32l4xx_hal_cortex.o
                0x080047dc                HAL_NVIC_EnableIRQ
 .text.HAL_SYSTICK_Config
                0x080047f4       0x2c Drivers/STM32L4xx_HAL_Driver/Src/stm32l4xx_hal_cortex.o
                0x080047f4                HAL_SYSTICK_Config
 .text.HAL_SYSTICK_CLKSourceConfig
                0x08004820       0x20 Drivers/STM32L4xx_HAL_Driver/Src/stm32l4xx_hal_cortex.o
                0x08004820                HAL_SYSTICK_CLKSourceConfig
 .text.DMA_SetConfig
                0x08004840       0x2c Drivers/STM32L4xx_HAL_Driver/Src/stm32l4xx_hal_dma.o
 .text.HAL_DMA_Init
                0x0800486c       0xf8 Drivers/STM32L4xx_HAL_Driver/Src/stm32l4xx_hal_dma.o
                0x0800486c                HAL_DMA_Init
 .text.HAL_DMA_Start_IT
                0x08004964       0x78 Drivers/STM32L4xx_HAL_Driver/Src/stm32l4xx_hal_dma.o
                0x08004964                HAL_DMA_Start_IT
 .text.HAL_DMA_IRQHandler
                0x080049dc       0xb4 Drivers/STM32L4xx_HAL_Driver/Src/stm32l4xx_hal_dma.o
                0x080049dc                HAL_DMA_IRQHandler
 .text.HAL_GPIO_Init
                0x08004a90      0x1cc Drivers/STM32L4xx_HAL_Driver/Src/stm32l4xx_hal_gpio.o
                0x08004a90                HAL_GPIO_Init
 .text.HAL_GPIO_WritePin
                0x08004c5c        0xc Drivers/STM32L4xx_HAL_Driver/Src/stm32l4xx_hal_gpio.o
                0x08004c5c                HAL_GPIO_WritePin
 .text.I2C_Flush_TXDR
                0x08004c68       0x24 Drivers/STM32L4xx_HAL_Driver/Src/stm32l4xx_hal_i2c.o
 .text.I2C_TransferConfig
                0x08004c8c       0x24 Drivers/STM32L4xx_HAL_Driver/Src/stm32l4xx_hal_i2c.o
 .text.I2C_IsAcknowledgeFailed
                0x08004cb0       0x84 Drivers/STM32L4xx_HAL_Driver/Src/stm32l4xx_hal_i2c.o
 .text.I2C_WaitOnTXISFlagUntilTimeout
                0x08004d34       0x58 Drivers/STM32L4xx_HAL_Driver/Src/stm32l4xx_hal_i2c.o
 .text.I2C_WaitOnFlagUntilTimeout
                0x08004d8c       0x4c Drivers/STM32L4xx_HAL_Driver/Src/stm32l4xx_hal_i2c.o
 .text.I2C_RequestMemoryWrite
                0x08004dd8       0x84 Drivers/STM32L4xx_HAL_Driver/Src/stm32l4xx_hal_i2c.o
 .text.I2C_RequestMemoryRead
                0x08004e5c       0x80 Drivers/STM32L4xx_HAL_Driver/Src/stm32l4xx_hal_i2c.o
 .text.I2C_WaitOnSTOPFlagUntilTimeout
                0x08004edc       0x50 Drivers/STM32L4xx_HAL_Driver/Src/stm32l4xx_hal_i2c.o
 .text.HAL_I2C_MspInit
                0x08004f2c        0x4 Drivers/STM32L4xx_HAL_Driver/Src/stm32l4xx_hal_i2c.o
                0x08004f2c                HAL_I2C_MspInit
 .text.HAL_I2C_Init
                0x08004f30       0xbc Drivers/STM32L4xx_HAL_Driver/Src/stm32l4xx_hal_i2c.o
                0x08004f30                HAL_I2C_Init
 .text.HAL_I2C_MspDeInit
                0x08004fec        0x4 Drivers/STM32L4xx_HAL_Driver/Src/stm32l4xx_hal_i2c.o
                0x08004fec                HAL_I2C_MspDeInit
 .text.HAL_I2C_DeInit
                0x08004ff0       0x34 Drivers/STM32L4xx_HAL_Driver/Src/stm32l4xx_hal_i2c.o
                0x08004ff0                HAL_I2C_DeInit
 .text.HAL_I2C_Mem_Write
                0x08005024      0x1cc Drivers/STM32L4xx_HAL_Driver/Src/stm32l4xx_hal_i2c.o
                0x08005024                HAL_I2C_Mem_Write
 .text.HAL_I2C_Mem_Read
                0x080051f0      0x1cc Drivers/STM32L4xx_HAL_Driver/Src/stm32l4xx_hal_i2c.o
                0x080051f0                HAL_I2C_Mem_Read
 .text.HAL_I2C_GetState
                0x080053bc        0x8 Drivers/STM32L4xx_HAL_Driver/Src/stm32l4xx_hal_i2c.o
                0x080053bc                HAL_I2C_GetState
 .text.HAL_PWREx_GetVoltageRange
                0x080053c4       0x10 Drivers/STM32L4xx_HAL_Driver/Src/stm32l4xx_hal_pwr_ex.o
                0x080053c4                HAL_PWREx_GetVoltageRange
 .text.HAL_PWREx_ControlVoltageScaling
                0x080053d4       0x90 Drivers/STM32L4xx_HAL_Driver/Src/stm32l4xx_hal_pwr_ex.o
                0x080053d4                HAL_PWREx_ControlVoltageScaling
 .text.RCC_SetFlashLatencyFromMSIRange
                0x08005464       0x90 Drivers/STM32L4xx_HAL_Driver/Src/stm32l4xx_hal_rcc.o
 .text.HAL_RCC_GetSysClockFreq
                0x080054f4      0x100 Drivers/STM32L4xx_HAL_Driver/Src/stm32l4xx_hal_rcc.o
                0x080054f4                HAL_RCC_GetSysClockFreq
 .text.HAL_RCC_OscConfig
                0x080055f4      0x598 Drivers/STM32L4xx_HAL_Driver/Src/stm32l4xx_hal_rcc.o
                0x080055f4                HAL_RCC_OscConfig
 .text.HAL_RCC_ClockConfig
                0x08005b8c      0x1c0 Drivers/STM32L4xx_HAL_Driver/Src/stm32l4xx_hal_rcc.o
                0x08005b8c                HAL_RCC_ClockConfig
 .text.HAL_RCC_GetHCLKFreq
                0x08005d4c        0xc Drivers/STM32L4xx_HAL_Driver/Src/stm32l4xx_hal_rcc.o
                0x08005d4c                HAL_RCC_GetHCLKFreq
 .text.HAL_RCC_GetPCLK1Freq
                0x08005d58       0x20 Drivers/STM32L4xx_HAL_Driver/Src/stm32l4xx_hal_rcc.o
                0x08005d58                HAL_RCC_GetPCLK1Freq
 .text.HAL_RCC_GetPCLK2Freq
                0x08005d78       0x20 Drivers/STM32L4xx_HAL_Driver/Src/stm32l4xx_hal_rcc.o
                0x08005d78                HAL_RCC_GetPCLK2Freq
 .text.HAL_RCC_GetClockConfig
                0x08005d98       0x3c Drivers/STM32L4xx_HAL_Driver/Src/stm32l4xx_hal_rcc.o
                0x08005d98                HAL_RCC_GetClockConfig
 .text.RCCEx_PLLSAI1_Config
                0x08005dd4      0x180 Drivers/STM32L4xx_HAL_Driver/Src/stm32l4xx_hal_rcc_ex.o
 .text.RCCEx_PLLSAI2_Config
                0x08005f54      0x15c Drivers/STM32L4xx_HAL_Driver/Src/stm32l4xx_hal_rcc_ex.o
 .text.HAL_RCCEx_PeriphCLKConfig
                0x080060b0      0x438 Drivers/STM32L4xx_HAL_Driver/Src/stm32l4xx_hal_rcc_ex.o
                0x080060b0                HAL_RCCEx_PeriphCLKConfig
 .text.TIM_OC1_SetConfig
                0x080064e8       0x9c Drivers/STM32L4xx_HAL_Driver/Src/stm32l4xx_hal_tim.o
 .text.TIM_OC3_SetConfig
                0x08006584       0x8c Drivers/STM32L4xx_HAL_Driver/Src/stm32l4xx_hal_tim.o
 .text.TIM_OC4_SetConfig
                0x08006610       0x6c Drivers/STM32L4xx_HAL_Driver/Src/stm32l4xx_hal_tim.o
 .text.TIM_OC5_SetConfig
                0x0800667c       0x68 Drivers/STM32L4xx_HAL_Driver/Src/stm32l4xx_hal_tim.o
 .text.TIM_OC6_SetConfig
                0x080066e4       0x6c Drivers/STM32L4xx_HAL_Driver/Src/stm32l4xx_hal_tim.o
 .text.TIM_TI1_ConfigInputStage
                0x08006750       0x28 Drivers/STM32L4xx_HAL_Driver/Src/stm32l4xx_hal_tim.o
 .text.TIM_TI2_ConfigInputStage
                0x08006778       0x28 Drivers/STM32L4xx_HAL_Driver/Src/stm32l4xx_hal_tim.o
 .text.TIM_ITRx_SetConfig
                0x080067a0       0x10 Drivers/STM32L4xx_HAL_Driver/Src/stm32l4xx_hal_tim.o
 .text.HAL_TIM_Base_Start_IT
                0x080067b0       0x18 Drivers/STM32L4xx_HAL_Driver/Src/stm32l4xx_hal_tim.o
                0x080067b0                HAL_TIM_Base_Start_IT
 .text.HAL_TIM_OC_MspInit
                0x080067c8        0x4 Drivers/STM32L4xx_HAL_Driver/Src/stm32l4xx_hal_tim.o
                0x080067c8                HAL_TIM_OC_MspInit
 .text.HAL_TIM_PWM_MspInit
                0x080067cc        0x4 Drivers/STM32L4xx_HAL_Driver/Src/stm32l4xx_hal_tim.o
                0x080067cc                HAL_TIM_PWM_MspInit
 .text.HAL_TIM_OC_DelayElapsedCallback
                0x080067d0        0x4 Drivers/STM32L4xx_HAL_Driver/Src/stm32l4xx_hal_tim.o
                0x080067d0                HAL_TIM_OC_DelayElapsedCallback
 .text.HAL_TIM_IC_CaptureCallback
                0x080067d4        0x4 Drivers/STM32L4xx_HAL_Driver/Src/stm32l4xx_hal_tim.o
                0x080067d4                HAL_TIM_IC_CaptureCallback
 .text.TIM_DMADelayPulseCplt
                0x080067d8       0x44 Drivers/STM32L4xx_HAL_Driver/Src/stm32l4xx_hal_tim.o
                0x080067d8                TIM_DMADelayPulseCplt
 .text.HAL_TIM_TriggerCallback
                0x0800681c        0x4 Drivers/STM32L4xx_HAL_Driver/Src/stm32l4xx_hal_tim.o
                0x0800681c                HAL_TIM_TriggerCallback
 .text.HAL_TIM_IRQHandler
                0x08006820      0x174 Drivers/STM32L4xx_HAL_Driver/Src/stm32l4xx_hal_tim.o
                0x08006820                HAL_TIM_IRQHandler
 .text.HAL_TIM_ErrorCallback
                0x08006994        0x4 Drivers/STM32L4xx_HAL_Driver/Src/stm32l4xx_hal_tim.o
                0x08006994                HAL_TIM_ErrorCallback
 .text.TIM_DMAError
                0x08006998       0x10 Drivers/STM32L4xx_HAL_Driver/Src/stm32l4xx_hal_tim.o
                0x08006998                TIM_DMAError
 .text.TIM_Base_SetConfig
                0x080069a8       0xc8 Drivers/STM32L4xx_HAL_Driver/Src/stm32l4xx_hal_tim.o
                0x080069a8                TIM_Base_SetConfig
 .text.HAL_TIM_Base_Init
                0x08006a70       0x38 Drivers/STM32L4xx_HAL_Driver/Src/stm32l4xx_hal_tim.o
                0x08006a70                HAL_TIM_Base_Init
 .text.HAL_TIM_OC_Init
                0x08006aa8       0x38 Drivers/STM32L4xx_HAL_Driver/Src/stm32l4xx_hal_tim.o
                0x08006aa8                HAL_TIM_OC_Init
 .text.HAL_TIM_PWM_Init
                0x08006ae0       0x38 Drivers/STM32L4xx_HAL_Driver/Src/stm32l4xx_hal_tim.o
                0x08006ae0                HAL_TIM_PWM_Init
 .text.TIM_OC2_SetConfig
                0x08006b18       0x8c Drivers/STM32L4xx_HAL_Driver/Src/stm32l4xx_hal_tim.o
                0x08006b18                TIM_OC2_SetConfig
 .text.HAL_TIM_OC_ConfigChannel
                0x08006ba4       0x78 Drivers/STM32L4xx_HAL_Driver/Src/stm32l4xx_hal_tim.o
                0x08006ba4                HAL_TIM_OC_ConfigChannel
 .text.HAL_TIM_PWM_ConfigChannel
                0x08006c1c      0x138 Drivers/STM32L4xx_HAL_Driver/Src/stm32l4xx_hal_tim.o
                0x08006c1c                HAL_TIM_PWM_ConfigChannel
 .text.TIM_ETR_SetConfig
                0x08006d54       0x1c Drivers/STM32L4xx_HAL_Driver/Src/stm32l4xx_hal_tim.o
                0x08006d54                TIM_ETR_SetConfig
 .text.HAL_TIM_ConfigClockSource
                0x08006d70      0x120 Drivers/STM32L4xx_HAL_Driver/Src/stm32l4xx_hal_tim.o
                0x08006d70                HAL_TIM_ConfigClockSource
 .text.TIM_CCxChannelCmd
                0x08006e90       0x20 Drivers/STM32L4xx_HAL_Driver/Src/stm32l4xx_hal_tim.o
                0x08006e90                TIM_CCxChannelCmd
 .text.HAL_TIM_PWM_Start_DMA
                0x08006eb0      0x144 Drivers/STM32L4xx_HAL_Driver/Src/stm32l4xx_hal_tim.o
                0x08006eb0                HAL_TIM_PWM_Start_DMA
 .text.HAL_TIM_PWM_Stop_DMA
                0x08006ff4       0xd8 Drivers/STM32L4xx_HAL_Driver/Src/stm32l4xx_hal_tim.o
                0x08006ff4                HAL_TIM_PWM_Stop_DMA
 .text.HAL_TIMEx_MasterConfigSynchronization
                0x080070cc       0x58 Drivers/STM32L4xx_HAL_Driver/Src/stm32l4xx_hal_tim_ex.o
                0x080070cc                HAL_TIMEx_MasterConfigSynchronization
 .text.HAL_TIMEx_CommutationCallback
                0x08007124        0x4 Drivers/STM32L4xx_HAL_Driver/Src/stm32l4xx_hal_tim_ex.o
                0x08007124                HAL_TIMEx_CommutationCallback
 .text.HAL_TIMEx_BreakCallback
                0x08007128        0x4 Drivers/STM32L4xx_HAL_Driver/Src/stm32l4xx_hal_tim_ex.o
                0x08007128                HAL_TIMEx_BreakCallback
 .text.UART_SetConfig
                0x0800712c      0x414 Drivers/STM32L4xx_HAL_Driver/Src/stm32l4xx_hal_uart.o
                0x0800712c                UART_SetConfig
 .text.UART_AdvFeatureConfig
                0x08007540       0xc8 Drivers/STM32L4xx_HAL_Driver/Src/stm32l4xx_hal_uart.o
                0x08007540                UART_AdvFeatureConfig
 .text.UART_WaitOnFlagUntilTimeout
                0x08007608       0x68 Drivers/STM32L4xx_HAL_Driver/Src/stm32l4xx_hal_uart.o
                0x08007608                UART_WaitOnFlagUntilTimeout
 .text.HAL_UART_Transmit
                0x08007670       0xd4 Drivers/STM32L4xx_HAL_Driver/Src/stm32l4xx_hal_uart.o
                0x08007670                HAL_UART_Transmit
 .text.UART_CheckIdleState
                0x08007744       0x6c Drivers/STM32L4xx_HAL_Driver/Src/stm32l4xx_hal_uart.o
                0x08007744                UART_CheckIdleState
 .text.HAL_UART_Init
                0x080077b0       0x6c Drivers/STM32L4xx_HAL_Driver/Src/stm32l4xx_hal_uart.o
                0x080077b0                HAL_UART_Init
 .text.ws2813_init_tim
                0x0800781c       0x6c LIBS/WS2813.o
                0x0800781c                ws2813_init_tim
 .text.ws2813_update_led
                0x08007888       0x34 LIBS/WS2813.o
                0x08007888                ws2813_update_led
 .text.ws2813_start_transmission_tim
                0x080078bc       0x88 LIBS/WS2813.o
                0x080078bc                ws2813_start_transmission_tim
 .text.HAL_TIM_PWM_PulseFinishedCallback
                0x08007944       0x24 LIBS/WS2813.o
                0x08007944                HAL_TIM_PWM_PulseFinishedCallback
 .text.makeFreeRtosPriority
                0x08007968        0xc Middlewares/Third_Party/FreeRTOS/Source/CMSIS_RTOS/cmsis_os.o
 .text.osKernelStart
                0x08007974        0xc Middlewares/Third_Party/FreeRTOS/Source/CMSIS_RTOS/cmsis_os.o
                0x08007974                osKernelStart
 .text.osThreadCreate
                0x08007980       0x34 Middlewares/Third_Party/FreeRTOS/Source/CMSIS_RTOS/cmsis_os.o
                0x08007980                osThreadCreate
 .text.osDelay  0x080079b4       0x10 Middlewares/Third_Party/FreeRTOS/Source/CMSIS_RTOS/cmsis_os.o
                0x080079b4                osDelay
 .text.osSystickHandler
                0x080079c4       0x10 Middlewares/Third_Party/FreeRTOS/Source/CMSIS_RTOS/cmsis_os.o
                0x080079c4                osSystickHandler
 .text.vListInitialise
                0x080079d4       0x18 Middlewares/Third_Party/FreeRTOS/Source/list.o
                0x080079d4                vListInitialise
 .text.vListInitialiseItem
                0x080079ec        0x8 Middlewares/Third_Party/FreeRTOS/Source/list.o
                0x080079ec                vListInitialiseItem
 .text.vListInsertEnd
                0x080079f4       0x18 Middlewares/Third_Party/FreeRTOS/Source/list.o
                0x080079f4                vListInsertEnd
 .text.vListInsert
                0x08007a0c       0x34 Middlewares/Third_Party/FreeRTOS/Source/list.o
                0x08007a0c                vListInsert
 .text.uxListRemove
                0x08007a40       0x24 Middlewares/Third_Party/FreeRTOS/Source/list.o
                0x08007a40                uxListRemove
 .text.prvIsQueueFull
                0x08007a64       0x20 Middlewares/Third_Party/FreeRTOS/Source/queue.o
 .text.prvIsQueueEmpty
                0x08007a84       0x1c Middlewares/Third_Party/FreeRTOS/Source/queue.o
 .text.prvCopyDataToQueue
                0x08007aa0       0x78 Middlewares/Third_Party/FreeRTOS/Source/queue.o
 .text.prvCopyDataFromQueue
                0x08007b18       0x24 Middlewares/Third_Party/FreeRTOS/Source/queue.o
 .text.prvUnlockQueue
                0x08007b3c       0x68 Middlewares/Third_Party/FreeRTOS/Source/queue.o
 .text.xQueueGenericReset
                0x08007ba4       0x80 Middlewares/Third_Party/FreeRTOS/Source/queue.o
                0x08007ba4                xQueueGenericReset
 .text.prvInitialiseNewQueue
                0x08007c24       0x1c Middlewares/Third_Party/FreeRTOS/Source/queue.o
 .text.xQueueGenericCreate
                0x08007c40       0x4c Middlewares/Third_Party/FreeRTOS/Source/queue.o
                0x08007c40                xQueueGenericCreate
 .text.xQueueGenericSend
                0x08007c8c      0x190 Middlewares/Third_Party/FreeRTOS/Source/queue.o
                0x08007c8c                xQueueGenericSend
 .text.xQueueGenericSendFromISR
                0x08007e1c       0xe4 Middlewares/Third_Party/FreeRTOS/Source/queue.o
                0x08007e1c                xQueueGenericSendFromISR
 .text.xQueueGiveFromISR
                0x08007f00       0xbc Middlewares/Third_Party/FreeRTOS/Source/queue.o
                0x08007f00                xQueueGiveFromISR
 .text.xQueueGenericReceive
                0x08007fbc      0x1a0 Middlewares/Third_Party/FreeRTOS/Source/queue.o
                0x08007fbc                xQueueGenericReceive
 .text.vQueueAddToRegistry
                0x0800815c       0x28 Middlewares/Third_Party/FreeRTOS/Source/queue.o
                0x0800815c                vQueueAddToRegistry
 .text.vQueueWaitForMessageRestricted
                0x08008184       0x4c Middlewares/Third_Party/FreeRTOS/Source/queue.o
                0x08008184                vQueueWaitForMessageRestricted
 .text.prvResetNextTaskUnblockTime
                0x080081d0       0x2c Middlewares/Third_Party/FreeRTOS/Source/tasks.o
 .text.prvDeleteTCB
                0x080081fc       0x14 Middlewares/Third_Party/FreeRTOS/Source/tasks.o
 .text.prvInitialiseNewTask
                0x08008210       0x80 Middlewares/Third_Party/FreeRTOS/Source/tasks.o
 .text.prvInitialiseTaskLists
                0x08008290       0x58 Middlewares/Third_Party/FreeRTOS/Source/tasks.o
 .text.prvAddNewTaskToReadyList
                0x080082e8       0xac Middlewares/Third_Party/FreeRTOS/Source/tasks.o
 .text.prvAddCurrentTaskToDelayedList
                0x08008394       0x84 Middlewares/Third_Party/FreeRTOS/Source/tasks.o
 .text.xTaskCreate
                0x08008418       0x64 Middlewares/Third_Party/FreeRTOS/Source/tasks.o
                0x08008418                xTaskCreate
 .text.vTaskStartScheduler
                0x0800847c       0x7c Middlewares/Third_Party/FreeRTOS/Source/tasks.o
                0x0800847c                vTaskStartScheduler
 .text.vTaskSuspendAll
                0x080084f8       0x14 Middlewares/Third_Party/FreeRTOS/Source/tasks.o
                0x080084f8                vTaskSuspendAll
 .text.xTaskGetTickCount
                0x0800850c        0xc Middlewares/Third_Party/FreeRTOS/Source/tasks.o
                0x0800850c                xTaskGetTickCount
 .text.xTaskIncrementTick
                0x08008518      0x118 Middlewares/Third_Party/FreeRTOS/Source/tasks.o
                0x08008518                xTaskIncrementTick
 .text.xTaskResumeAll
                0x08008630       0xf4 Middlewares/Third_Party/FreeRTOS/Source/tasks.o
                0x08008630                xTaskResumeAll
 .text.vTaskDelay
                0x08008724       0x50 Middlewares/Third_Party/FreeRTOS/Source/tasks.o
                0x08008724                vTaskDelay
 .text.prvCheckTasksWaitingTermination
                0x08008774       0x54 Middlewares/Third_Party/FreeRTOS/Source/tasks.o
 .text.prvIdleTask
                0x080087c8       0x28 Middlewares/Third_Party/FreeRTOS/Source/tasks.o
 .text.vTaskSwitchContext
                0x080087f0       0x90 Middlewares/Third_Party/FreeRTOS/Source/tasks.o
                0x080087f0                vTaskSwitchContext
 .text.vTaskPlaceOnEventList
                0x08008880       0x34 Middlewares/Third_Party/FreeRTOS/Source/tasks.o
                0x08008880                vTaskPlaceOnEventList
 .text.vTaskPlaceOnEventListRestricted
                0x080088b4       0x3c Middlewares/Third_Party/FreeRTOS/Source/tasks.o
                0x080088b4                vTaskPlaceOnEventListRestricted
 .text.xTaskRemoveFromEventList
                0x080088f0       0x88 Middlewares/Third_Party/FreeRTOS/Source/tasks.o
                0x080088f0                xTaskRemoveFromEventList
 .text.vTaskSetTimeOutState
                0x08008978       0x28 Middlewares/Third_Party/FreeRTOS/Source/tasks.o
                0x08008978                vTaskSetTimeOutState
 .text.xTaskCheckForTimeOut
                0x080089a0       0x80 Middlewares/Third_Party/FreeRTOS/Source/tasks.o
                0x080089a0                xTaskCheckForTimeOut
 .text.vTaskMissedYield
                0x08008a20       0x10 Middlewares/Third_Party/FreeRTOS/Source/tasks.o
                0x08008a20                vTaskMissedYield
 .text.xTaskGetSchedulerState
                0x08008a30       0x20 Middlewares/Third_Party/FreeRTOS/Source/tasks.o
                0x08008a30                xTaskGetSchedulerState
 .text.vTaskPriorityInherit
                0x08008a50       0xb4 Middlewares/Third_Party/FreeRTOS/Source/tasks.o
                0x08008a50                vTaskPriorityInherit
 .text.xTaskPriorityDisinherit
                0x08008b04       0xb8 Middlewares/Third_Party/FreeRTOS/Source/tasks.o
                0x08008b04                xTaskPriorityDisinherit
 .text.pvTaskIncrementMutexHeldCount
                0x08008bbc       0x20 Middlewares/Third_Party/FreeRTOS/Source/tasks.o
                0x08008bbc                pvTaskIncrementMutexHeldCount
 .text.prvGetNextExpireTime
                0x08008bdc       0x20 Middlewares/Third_Party/FreeRTOS/Source/timers.o
 .text.prvInsertTimerInActiveList
                0x08008bfc       0x44 Middlewares/Third_Party/FreeRTOS/Source/timers.o
 .text.prvCheckForValidListAndQueue
                0x08008c40       0x48 Middlewares/Third_Party/FreeRTOS/Source/timers.o
 .text.prvInitialiseNewTimer
                0x08008c88       0x40 Middlewares/Third_Party/FreeRTOS/Source/timers.o
 .text.xTimerCreateTimerTask
                0x08008cc8       0x54 Middlewares/Third_Party/FreeRTOS/Source/timers.o
                0x08008cc8                xTimerCreateTimerTask
 .text.xTimerCreate
                0x08008d1c       0x34 Middlewares/Third_Party/FreeRTOS/Source/timers.o
                0x08008d1c                xTimerCreate
 .text.xTimerGenericCommand
                0x08008d50       0x6c Middlewares/Third_Party/FreeRTOS/Source/timers.o
                0x08008d50                xTimerGenericCommand
 .text.prvSwitchTimerLists
                0x08008dbc       0x74 Middlewares/Third_Party/FreeRTOS/Source/timers.o
 .text.prvSampleTimeNow
                0x08008e30       0x2c Middlewares/Third_Party/FreeRTOS/Source/timers.o
 .text.prvProcessExpiredTimer
                0x08008e5c       0x5c Middlewares/Third_Party/FreeRTOS/Source/timers.o
 .text.prvProcessTimerOrBlockTask
                0x08008eb8       0x70 Middlewares/Third_Party/FreeRTOS/Source/timers.o
 .text.prvProcessReceivedCommands
                0x08008f28       0xbc Middlewares/Third_Party/FreeRTOS/Source/timers.o
 .text.prvTimerTask
                0x08008fe4       0x18 Middlewares/Third_Party/FreeRTOS/Source/timers.o
 .text.prvTaskExitError
                0x08008ffc       0x34 Middlewares/Third_Party/FreeRTOS/Source/portable/GCC/ARM_CM4F/port.o
 .text.prvPortStartFirstTask
                0x08009030       0x20 Middlewares/Third_Party/FreeRTOS/Source/portable/GCC/ARM_CM4F/port.o
 .text.vPortEnableVFP
                0x08009050       0x14 Middlewares/Third_Party/FreeRTOS/Source/portable/GCC/ARM_CM4F/port.o
 .text.pxPortInitialiseStack
                0x08009064       0x2c Middlewares/Third_Party/FreeRTOS/Source/portable/GCC/ARM_CM4F/port.o
                0x08009064                pxPortInitialiseStack
 .text.SVC_Handler
                0x08009090       0x24 Middlewares/Third_Party/FreeRTOS/Source/portable/GCC/ARM_CM4F/port.o
                0x08009090                SVC_Handler
 .text.vPortEnterCritical
                0x080090b4       0x44 Middlewares/Third_Party/FreeRTOS/Source/portable/GCC/ARM_CM4F/port.o
                0x080090b4                vPortEnterCritical
 .text.vPortExitCritical
                0x080090f8       0x2c Middlewares/Third_Party/FreeRTOS/Source/portable/GCC/ARM_CM4F/port.o
                0x080090f8                vPortExitCritical
 *fill*         0x08009124        0xc 
 .text.PendSV_Handler
                0x08009130       0x64 Middlewares/Third_Party/FreeRTOS/Source/portable/GCC/ARM_CM4F/port.o
                0x08009130                PendSV_Handler
 .text.xPortSysTickHandler
                0x08009194       0x2c Middlewares/Third_Party/FreeRTOS/Source/portable/GCC/ARM_CM4F/port.o
                0x08009194                xPortSysTickHandler
 .text.vPortSetupTimerInterrupt
                0x080091c0       0x2c Middlewares/Third_Party/FreeRTOS/Source/portable/GCC/ARM_CM4F/port.o
                0x080091c0                vPortSetupTimerInterrupt
 .text.xPortStartScheduler
                0x080091ec       0xe8 Middlewares/Third_Party/FreeRTOS/Source/portable/GCC/ARM_CM4F/port.o
                0x080091ec                xPortStartScheduler
 .text.vPortValidateInterruptPriority
                0x080092d4       0x58 Middlewares/Third_Party/FreeRTOS/Source/portable/GCC/ARM_CM4F/port.o
                0x080092d4                vPortValidateInterruptPriority
 .text.prvHeapInit
                0x0800932c       0x58 Middlewares/Third_Party/FreeRTOS/Source/portable/MemMang/heap_4.o
 .text.prvInsertBlockIntoFreeList
                0x08009384       0x58 Middlewares/Third_Party/FreeRTOS/Source/portable/MemMang/heap_4.o
 .text.pvPortMalloc
                0x080093dc      0x10c Middlewares/Third_Party/FreeRTOS/Source/portable/MemMang/heap_4.o
                0x080093dc                pvPortMalloc
 .text.vPortFree
                0x080094e8       0x78 Middlewares/Third_Party/FreeRTOS/Source/portable/MemMang/heap_4.o
                0x080094e8                vPortFree
 .text.MX_DMA_Init
                0x08009560       0x44 Src/dma.o
                0x08009560                MX_DMA_Init
 .text.StartDefaultTask
                0x080095a4        0xc Src/freertos.o
                0x080095a4                StartDefaultTask
 .text.vAcquisitionCallback
                0x080095b0      0x1d8 Src/freertos.o
                0x080095b0                vAcquisitionCallback
 .text.MX_FREERTOS_Init
                0x08009788       0x78 Src/freertos.o
                0x08009788                MX_FREERTOS_Init
 .text.MX_GPIO_Init
                0x08009800       0xd4 Src/gpio.o
                0x08009800                MX_GPIO_Init
 .text.HAL_TIM_PeriodElapsedCallback
                0x080098d4       0x14 Src/main.o
                0x080098d4                HAL_TIM_PeriodElapsedCallback
 .text._Error_Handler
                0x080098e8        0x4 Src/main.o
                0x080098e8                _Error_Handler
 .text.SystemClock_Config
                0x080098ec       0xac Src/main.o
                0x080098ec                SystemClock_Config
 .text.main     0x08009998       0x24 Src/main.o
                0x08009998                main
 .text.HAL_MspInit
                0x080099bc       0x90 Src/stm32l4xx_hal_msp.o
                0x080099bc                HAL_MspInit
 .text.HAL_InitTick
                0x08009a4c       0x78 Src/stm32l4xx_hal_timebase_TIM.o
                0x08009a4c                HAL_InitTick
 .text.SysTick_Handler
                0x08009ac4        0x8 Src/stm32l4xx_it.o
                0x08009ac4                SysTick_Handler
 .text.DMA1_Channel3_IRQHandler
                0x08009acc       0x10 Src/stm32l4xx_it.o
                0x08009acc                DMA1_Channel3_IRQHandler
 .text.DMA1_Channel6_IRQHandler
                0x08009adc       0x10 Src/stm32l4xx_it.o
                0x08009adc                DMA1_Channel6_IRQHandler
 .text.TIM1_UP_TIM16_IRQHandler
                0x08009aec       0x10 Src/stm32l4xx_it.o
                0x08009aec                TIM1_UP_TIM16_IRQHandler
 .text.TIM3_IRQHandler
                0x08009afc       0x10 Src/stm32l4xx_it.o
                0x08009afc                TIM3_IRQHandler
 .text.SystemInit
                0x08009b0c       0x48 Src/system_stm32l4xx.o
                0x08009b0c                SystemInit
 .text.HAL_TIM_Base_MspInit
                0x08009b54       0xcc Src/tim.o
                0x08009b54                HAL_TIM_Base_MspInit
 .text.HAL_TIM_MspPostInit
                0x08009c20       0x34 Src/tim.o
                0x08009c20                HAL_TIM_MspPostInit
 .text.MX_TIM3_Init
                0x08009c54       0xcc Src/tim.o
                0x08009c54                MX_TIM3_Init
 .text.MX_USART2_UART_Init
                0x08009d20       0x40 Src/usart.o
                0x08009d20                MX_USART2_UART_Init
 .text.HAL_UART_MspInit
                0x08009d60       0x4c Src/usart.o
                0x08009d60                HAL_UART_MspInit
 .text.Reset_Handler
                0x08009dac       0x50 startup/startup_stm32l476xx.o
                0x08009dac                Reset_Handler
 .text.Default_Handler
                0x08009dfc        0x2 startup/startup_stm32l476xx.o
                0x08009dfc                RTC_Alarm_IRQHandler
                0x08009dfc                EXTI2_IRQHandler
                0x08009dfc                TIM8_TRG_COM_IRQHandler
                0x08009dfc                TIM8_CC_IRQHandler
                0x08009dfc                DebugMon_Handler
                0x08009dfc                TIM1_CC_IRQHandler
                0x08009dfc                TSC_IRQHandler
                0x08009dfc                HardFault_Handler
                0x08009dfc                TAMP_STAMP_IRQHandler
                0x08009dfc                NMI_Handler
                0x08009dfc                EXTI3_IRQHandler
                0x08009dfc                LPTIM2_IRQHandler
                0x08009dfc                DFSDM1_FLT1_IRQHandler
                0x08009dfc                I2C3_ER_IRQHandler
                0x08009dfc                DFSDM1_FLT2_IRQHandler
                0x08009dfc                EXTI0_IRQHandler
                0x08009dfc                I2C2_EV_IRQHandler
                0x08009dfc                CAN1_RX0_IRQHandler
                0x08009dfc                FPU_IRQHandler
                0x08009dfc                UsageFault_Handler
                0x08009dfc                ADC1_2_IRQHandler
                0x08009dfc                SPI1_IRQHandler
                0x08009dfc                TIM6_DAC_IRQHandler
                0x08009dfc                TIM8_UP_IRQHandler
                0x08009dfc                DMA2_Channel2_IRQHandler
                0x08009dfc                DMA1_Channel4_IRQHandler
                0x08009dfc                SAI2_IRQHandler
                0x08009dfc                DFSDM1_FLT3_IRQHandler
                0x08009dfc                USART3_IRQHandler
                0x08009dfc                DMA1_Channel7_IRQHandler
                0x08009dfc                CAN1_RX1_IRQHandler
                0x08009dfc                LCD_IRQHandler
                0x08009dfc                UART5_IRQHandler
                0x08009dfc                ADC3_IRQHandler
                0x08009dfc                TIM4_IRQHandler
                0x08009dfc                DMA2_Channel1_IRQHandler
                0x08009dfc                QUADSPI_IRQHandler
                0x08009dfc                I2C1_EV_IRQHandler
                0x08009dfc                UART4_IRQHandler
                0x08009dfc                DMA2_Channel4_IRQHandler
                0x08009dfc                RCC_IRQHandler
                0x08009dfc                DMA1_Channel1_IRQHandler
                0x08009dfc                Default_Handler
                0x08009dfc                DMA2_Channel7_IRQHandler
                0x08009dfc                EXTI15_10_IRQHandler
                0x08009dfc                TIM7_IRQHandler
                0x08009dfc                SDMMC1_IRQHandler
                0x08009dfc                TIM5_IRQHandler
                0x08009dfc                I2C3_EV_IRQHandler
                0x08009dfc                EXTI9_5_IRQHandler
                0x08009dfc                RTC_WKUP_IRQHandler
                0x08009dfc                PVD_PVM_IRQHandler
                0x08009dfc                SPI2_IRQHandler
                0x08009dfc                MemManage_Handler
                0x08009dfc                CAN1_TX_IRQHandler
                0x08009dfc                DMA2_Channel5_IRQHandler
                0x08009dfc                DMA1_Channel5_IRQHandler
                0x08009dfc                EXTI4_IRQHandler
                0x08009dfc                RNG_IRQHandler
                0x08009dfc                TIM1_TRG_COM_TIM17_IRQHandler
                0x08009dfc                COMP_IRQHandler
                0x08009dfc                WWDG_IRQHandler
                0x08009dfc                LPUART1_IRQHandler
                0x08009dfc                DMA2_Channel6_IRQHandler
                0x08009dfc                TIM2_IRQHandler
                0x08009dfc                EXTI1_IRQHandler
                0x08009dfc                USART2_IRQHandler
                0x08009dfc                DFSDM1_FLT0_IRQHandler
                0x08009dfc                I2C2_ER_IRQHandler
                0x08009dfc                DMA1_Channel2_IRQHandler
                0x08009dfc                TIM8_BRK_IRQHandler
                0x08009dfc                CAN1_SCE_IRQHandler
                0x08009dfc                FLASH_IRQHandler
                0x08009dfc                BusFault_Handler
                0x08009dfc                USART1_IRQHandler
                0x08009dfc                OTG_FS_IRQHandler
                0x08009dfc                SPI3_IRQHandler
                0x08009dfc                I2C1_ER_IRQHandler
                0x08009dfc                FMC_IRQHandler
                0x08009dfc                SWPMI1_IRQHandler
                0x08009dfc                LPTIM1_IRQHandler
                0x08009dfc                SAI1_IRQHandler
                0x08009dfc                DMA2_Channel3_IRQHandler
                0x08009dfc                TIM1_BRK_TIM15_IRQHandler
 *fill*         0x08009dfe        0x2 
 .text.__libc_init_array
                0x08009e00       0x4c /home/imerir/STM32/SystemWorkbench/plugins/fr.ac6.mcu.externaltools.arm-none.linux64_1.13.1.201703061524/tools/compiler/bin/../lib/gcc/arm-none-eabi/5.4.1/../../../../arm-none-eabi/lib/armv7e-m/fpu/libc_nano.a(lib_a-init.o)
                0x08009e00                __libc_init_array
 .text.malloc   0x08009e4c       0x10 /home/imerir/STM32/SystemWorkbench/plugins/fr.ac6.mcu.externaltools.arm-none.linux64_1.13.1.201703061524/tools/compiler/bin/../lib/gcc/arm-none-eabi/5.4.1/../../../../arm-none-eabi/lib/armv7e-m/fpu/libc_nano.a(lib_a-malloc.o)
                0x08009e4c                malloc
 .text.free     0x08009e5c       0x10 /home/imerir/STM32/SystemWorkbench/plugins/fr.ac6.mcu.externaltools.arm-none.linux64_1.13.1.201703061524/tools/compiler/bin/../lib/gcc/arm-none-eabi/5.4.1/../../../../arm-none-eabi/lib/armv7e-m/fpu/libc_nano.a(lib_a-malloc.o)
                0x08009e5c                free
 .text.memcpy   0x08009e6c       0x16 /home/imerir/STM32/SystemWorkbench/plugins/fr.ac6.mcu.externaltools.arm-none.linux64_1.13.1.201703061524/tools/compiler/bin/../lib/gcc/arm-none-eabi/5.4.1/../../../../arm-none-eabi/lib/armv7e-m/fpu/libc_nano.a(lib_a-memcpy-stub.o)
                0x08009e6c                memcpy
 .text.memset   0x08009e82       0x10 /home/imerir/STM32/SystemWorkbench/plugins/fr.ac6.mcu.externaltools.arm-none.linux64_1.13.1.201703061524/tools/compiler/bin/../lib/gcc/arm-none-eabi/5.4.1/../../../../arm-none-eabi/lib/armv7e-m/fpu/libc_nano.a(lib_a-memset.o)
                0x08009e82                memset
 *fill*         0x08009e92        0x2 
 .text._free_r  0x08009e94       0x9c /home/imerir/STM32/SystemWorkbench/plugins/fr.ac6.mcu.externaltools.arm-none.linux64_1.13.1.201703061524/tools/compiler/bin/../lib/gcc/arm-none-eabi/5.4.1/../../../../arm-none-eabi/lib/armv7e-m/fpu/libc_nano.a(lib_a-nano-freer.o)
                0x08009e94                _free_r
 .text._malloc_r
                0x08009f30       0xbc /home/imerir/STM32/SystemWorkbench/plugins/fr.ac6.mcu.externaltools.arm-none.linux64_1.13.1.201703061524/tools/compiler/bin/../lib/gcc/arm-none-eabi/5.4.1/../../../../arm-none-eabi/lib/armv7e-m/fpu/libc_nano.a(lib_a-nano-mallocr.o)
                0x08009f30                _malloc_r
 .text._sbrk_r  0x08009fec       0x20 /home/imerir/STM32/SystemWorkbench/plugins/fr.ac6.mcu.externaltools.arm-none.linux64_1.13.1.201703061524/tools/compiler/bin/../lib/gcc/arm-none-eabi/5.4.1/../../../../arm-none-eabi/lib/armv7e-m/fpu/libc_nano.a(lib_a-sbrkr.o)
                0x08009fec                _sbrk_r
 .text.__malloc_lock
                0x0800a00c        0x2 /home/imerir/STM32/SystemWorkbench/plugins/fr.ac6.mcu.externaltools.arm-none.linux64_1.13.1.201703061524/tools/compiler/bin/../lib/gcc/arm-none-eabi/5.4.1/../../../../arm-none-eabi/lib/armv7e-m/fpu/libc_nano.a(lib_a-mlock.o)
                0x0800a00c                __malloc_lock
 .text.__malloc_unlock
                0x0800a00e        0x2 /home/imerir/STM32/SystemWorkbench/plugins/fr.ac6.mcu.externaltools.arm-none.linux64_1.13.1.201703061524/tools/compiler/bin/../lib/gcc/arm-none-eabi/5.4.1/../../../../arm-none-eabi/lib/armv7e-m/fpu/libc_nano.a(lib_a-mlock.o)
                0x0800a00e                __malloc_unlock
 .text._sbrk    0x0800a010       0x1c /home/imerir/STM32/SystemWorkbench/plugins/fr.ac6.mcu.externaltools.arm-none.linux64_1.13.1.201703061524/tools/compiler/bin/../lib/gcc/arm-none-eabi/5.4.1/../../../../arm-none-eabi/lib/armv7e-m/fpu/libnosys.a(sbrk.o)
                0x0800a010                _sbrk
 *(.glue_7)
 .glue_7        0x0800a02c        0x0 linker stubs
 *(.glue_7t)
 .glue_7t       0x0800a02c        0x0 linker stubs
 *(.eh_frame)
 .eh_frame      0x0800a02c        0x0 /home/imerir/STM32/SystemWorkbench/plugins/fr.ac6.mcu.externaltools.arm-none.linux64_1.13.1.201703061524/tools/compiler/bin/../lib/gcc/arm-none-eabi/5.4.1/armv7e-m/fpu/crtbegin.o
 *(.init)
 .init          0x0800a02c        0x4 /home/imerir/STM32/SystemWorkbench/plugins/fr.ac6.mcu.externaltools.arm-none.linux64_1.13.1.201703061524/tools/compiler/bin/../lib/gcc/arm-none-eabi/5.4.1/armv7e-m/fpu/crti.o
                0x0800a02c                _init
 .init          0x0800a030        0x8 /home/imerir/STM32/SystemWorkbench/plugins/fr.ac6.mcu.externaltools.arm-none.linux64_1.13.1.201703061524/tools/compiler/bin/../lib/gcc/arm-none-eabi/5.4.1/armv7e-m/fpu/crtn.o
 *(.fini)
 .fini          0x0800a038        0x4 /home/imerir/STM32/SystemWorkbench/plugins/fr.ac6.mcu.externaltools.arm-none.linux64_1.13.1.201703061524/tools/compiler/bin/../lib/gcc/arm-none-eabi/5.4.1/armv7e-m/fpu/crti.o
                0x0800a038                _fini
 .fini          0x0800a03c        0x8 /home/imerir/STM32/SystemWorkbench/plugins/fr.ac6.mcu.externaltools.arm-none.linux64_1.13.1.201703061524/tools/compiler/bin/../lib/gcc/arm-none-eabi/5.4.1/armv7e-m/fpu/crtn.o
                0x0800a048                . = ALIGN (0x8)
 *fill*         0x0800a044        0x4 
                0x0800a048                _etext = .

.vfp11_veneer   0x0800a048        0x0
 .vfp11_veneer  0x0800a048        0x0 linker stubs

.v4_bx          0x0800a048        0x0
 .v4_bx         0x0800a048        0x0 linker stubs

.iplt           0x0800a048        0x0
 .iplt          0x0800a048        0x0 /home/imerir/STM32/SystemWorkbench/plugins/fr.ac6.mcu.externaltools.arm-none.linux64_1.13.1.201703061524/tools/compiler/bin/../lib/gcc/arm-none-eabi/5.4.1/armv7e-m/fpu/crtbegin.o

.rodata         0x0800a048      0x240
                0x0800a048                . = ALIGN (0x8)
 *(.rodata)
 .rodata        0x0800a048       0x60 Drivers/BSP/Components/lsm303agr/LSM303AGR_ACC_driver.o
                0x0800a048                LSM303AGR_ACC_Sensitivity_List
 .rodata        0x0800a0a8        0x3 Drivers/BSP/Components/lsm303agr/LSM303AGR_ACC_driver_HL.o
 *fill*         0x0800a0ab        0x1 
 .rodata        0x0800a0ac       0x14 Src/freertos.o
 .rodata        0x0800a0c0       0x48 Src/system_stm32l4xx.o
                0x0800a0c0                MSIRangeTable
                0x0800a0f0                AHBPrescTable
                0x0800a100                APBPrescTable
 *(.rodata*)
 .rodata.str1.4
                0x0800a108        0x5 Middlewares/Third_Party/FreeRTOS/Source/tasks.o
 *fill*         0x0800a10d        0x3 
 .rodata.str1.4
                0x0800a110       0x10 Middlewares/Third_Party/FreeRTOS/Source/timers.o
 .rodata.str1.4
                0x0800a120       0xd8 Src/freertos.o
 .rodata.str1.4
                0x0800a1f8        0xe Src/main.o
 *fill*         0x0800a206        0x2 
 .rodata.str1.4
                0x0800a208        0xd Src/tim.o
 *fill*         0x0800a215        0x3 
 .rodata.str1.4
                0x0800a218       0x10 Src/usart.o
                                  0xf (size before relaxing)
 .rodata.__sf_fake_stdin
                0x0800a228       0x20 /home/imerir/STM32/SystemWorkbench/plugins/fr.ac6.mcu.externaltools.arm-none.linux64_1.13.1.201703061524/tools/compiler/bin/../lib/gcc/arm-none-eabi/5.4.1/../../../../arm-none-eabi/lib/armv7e-m/fpu/libc_nano.a(lib_a-findfp.o)
                0x0800a228                __sf_fake_stdin
 .rodata.__sf_fake_stdout
                0x0800a248       0x20 /home/imerir/STM32/SystemWorkbench/plugins/fr.ac6.mcu.externaltools.arm-none.linux64_1.13.1.201703061524/tools/compiler/bin/../lib/gcc/arm-none-eabi/5.4.1/../../../../arm-none-eabi/lib/armv7e-m/fpu/libc_nano.a(lib_a-findfp.o)
                0x0800a248                __sf_fake_stdout
 .rodata.__sf_fake_stderr
                0x0800a268       0x20 /home/imerir/STM32/SystemWorkbench/plugins/fr.ac6.mcu.externaltools.arm-none.linux64_1.13.1.201703061524/tools/compiler/bin/../lib/gcc/arm-none-eabi/5.4.1/../../../../arm-none-eabi/lib/armv7e-m/fpu/libc_nano.a(lib_a-findfp.o)
                0x0800a268                __sf_fake_stderr
                0x0800a288                . = ALIGN (0x8)

.ARM.extab      0x0800a288        0x0
                0x0800a288                . = ALIGN (0x8)
 *(.ARM.extab* .gnu.linkonce.armextab.*)
                0x0800a288                . = ALIGN (0x8)

.ARM            0x0800a288        0x8
                0x0800a288                . = ALIGN (0x8)
                0x0800a288                __exidx_start = .
 *(.ARM.exidx*)
 .ARM.exidx     0x0800a288        0x8 /home/imerir/STM32/SystemWorkbench/plugins/fr.ac6.mcu.externaltools.arm-none.linux64_1.13.1.201703061524/tools/compiler/bin/../lib/gcc/arm-none-eabi/5.4.1/armv7e-m/fpu/libgcc.a(_udivmoddi4.o)
                0x0800a290                __exidx_end = .
                0x0800a290                . = ALIGN (0x8)

.rel.dyn        0x0800a290        0x0
 .rel.iplt      0x0800a290        0x0 /home/imerir/STM32/SystemWorkbench/plugins/fr.ac6.mcu.externaltools.arm-none.linux64_1.13.1.201703061524/tools/compiler/bin/../lib/gcc/arm-none-eabi/5.4.1/armv7e-m/fpu/crtbegin.o

.preinit_array  0x0800a290        0x0
                0x0800a290                . = ALIGN (0x8)
                0x0800a290                PROVIDE (__preinit_array_start, .)
 *(.preinit_array*)
                0x0800a290                PROVIDE (__preinit_array_end, .)
                0x0800a290                . = ALIGN (0x8)

.init_array     0x0800a290        0x8
                0x0800a290                . = ALIGN (0x8)
                0x0800a290                PROVIDE (__init_array_start, .)
 *(SORT(.init_array.*))
 *(.init_array*)
 .init_array    0x0800a290        0x4 /home/imerir/STM32/SystemWorkbench/plugins/fr.ac6.mcu.externaltools.arm-none.linux64_1.13.1.201703061524/tools/compiler/bin/../lib/gcc/arm-none-eabi/5.4.1/armv7e-m/fpu/crtbegin.o
                0x0800a294                PROVIDE (__init_array_end, .)
                0x0800a298                . = ALIGN (0x8)
 *fill*         0x0800a294        0x4 

.fini_array     0x0800a298        0x8
                0x0800a298                . = ALIGN (0x8)
                [!provide]                PROVIDE (__fini_array_start, .)
 *(SORT(.fini_array.*))
 *(.fini_array*)
 .fini_array    0x0800a298        0x4 /home/imerir/STM32/SystemWorkbench/plugins/fr.ac6.mcu.externaltools.arm-none.linux64_1.13.1.201703061524/tools/compiler/bin/../lib/gcc/arm-none-eabi/5.4.1/armv7e-m/fpu/crtbegin.o
                [!provide]                PROVIDE (__fini_array_end, .)
                0x0800a2a0                . = ALIGN (0x8)
 *fill*         0x0800a29c        0x4 
                0x0800a2a0                _sidata = LOADADDR (.data)

.data           0x20000000      0x270 load address 0x0800a2a0
                0x20000000                . = ALIGN (0x8)
                0x20000000                _sdata = .
 *(.data)