Archive member included to satisfy reference by file (symbol)

/home/imerir/STM32/SystemWorkbench/plugins/fr.ac6.mcu.externaltools.arm-none.linux64_1.13.1.201703061524/tools/compiler/bin/../lib/gcc/arm-none-eabi/5.4.1/armv7e-m/fpu/libgcc.a(_aeabi_uldivmod.o)
                              Drivers/STM32L4xx_HAL_Driver/Src/stm32l4xx_hal_uart.o (__aeabi_uldivmod)
/home/imerir/STM32/SystemWorkbench/plugins/fr.ac6.mcu.externaltools.arm-none.linux64_1.13.1.201703061524/tools/compiler/bin/../lib/gcc/arm-none-eabi/5.4.1/armv7e-m/fpu/libgcc.a(_udivmoddi4.o)
                              /home/imerir/STM32/SystemWorkbench/plugins/fr.ac6.mcu.externaltools.arm-none.linux64_1.13.1.201703061524/tools/compiler/bin/../lib/gcc/arm-none-eabi/5.4.1/armv7e-m/fpu/libgcc.a(_aeabi_uldivmod.o) (__udivmoddi4)
/home/imerir/STM32/SystemWorkbench/plugins/fr.ac6.mcu.externaltools.arm-none.linux64_1.13.1.201703061524/tools/compiler/bin/../lib/gcc/arm-none-eabi/5.4.1/armv7e-m/fpu/libgcc.a(_dvmd_tls.o)
                              /home/imerir/STM32/SystemWorkbench/plugins/fr.ac6.mcu.externaltools.arm-none.linux64_1.13.1.201703061524/tools/compiler/bin/../lib/gcc/arm-none-eabi/5.4.1/armv7e-m/fpu/libgcc.a(_aeabi_uldivmod.o) (__aeabi_ldiv0)
/home/imerir/STM32/SystemWorkbench/plugins/fr.ac6.mcu.externaltools.arm-none.linux64_1.13.1.201703061524/tools/compiler/bin/../lib/gcc/arm-none-eabi/5.4.1/../../../../arm-none-eabi/lib/armv7e-m/fpu/libc_nano.a(lib_a-exit.o)
                              /home/imerir/STM32/SystemWorkbench/plugins/fr.ac6.mcu.externaltools.arm-none.linux64_1.13.1.201703061524/tools/compiler/bin/../lib/gcc/arm-none-eabi/5.4.1/../../../../arm-none-eabi/lib/armv7e-m/fpu/crt0.o (exit)
/home/imerir/STM32/SystemWorkbench/plugins/fr.ac6.mcu.externaltools.arm-none.linux64_1.13.1.201703061524/tools/compiler/bin/../lib/gcc/arm-none-eabi/5.4.1/../../../../arm-none-eabi/lib/armv7e-m/fpu/libc_nano.a(lib_a-impure.o)
                              /home/imerir/STM32/SystemWorkbench/plugins/fr.ac6.mcu.externaltools.arm-none.linux64_1.13.1.201703061524/tools/compiler/bin/../lib/gcc/arm-none-eabi/5.4.1/../../../../arm-none-eabi/lib/armv7e-m/fpu/libc_nano.a(lib_a-exit.o) (_global_impure_ptr)
/home/imerir/STM32/SystemWorkbench/plugins/fr.ac6.mcu.externaltools.arm-none.linux64_1.13.1.201703061524/tools/compiler/bin/../lib/gcc/arm-none-eabi/5.4.1/../../../../arm-none-eabi/lib/armv7e-m/fpu/libc_nano.a(lib_a-init.o)
                              /home/imerir/STM32/SystemWorkbench/plugins/fr.ac6.mcu.externaltools.arm-none.linux64_1.13.1.201703061524/tools/compiler/bin/../lib/gcc/arm-none-eabi/5.4.1/../../../../arm-none-eabi/lib/armv7e-m/fpu/crt0.o (__libc_init_array)
/home/imerir/STM32/SystemWorkbench/plugins/fr.ac6.mcu.externaltools.arm-none.linux64_1.13.1.201703061524/tools/compiler/bin/../lib/gcc/arm-none-eabi/5.4.1/../../../../arm-none-eabi/lib/armv7e-m/fpu/libc_nano.a(lib_a-malloc.o)
                              LIBS/WS2813.o (malloc)
/home/imerir/STM32/SystemWorkbench/plugins/fr.ac6.mcu.externaltools.arm-none.linux64_1.13.1.201703061524/tools/compiler/bin/../lib/gcc/arm-none-eabi/5.4.1/../../../../arm-none-eabi/lib/armv7e-m/fpu/libc_nano.a(lib_a-memcpy-stub.o)
                              Middlewares/Third_Party/FreeRTOS/Source/queue.o (memcpy)
/home/imerir/STM32/SystemWorkbench/plugins/fr.ac6.mcu.externaltools.arm-none.linux64_1.13.1.201703061524/tools/compiler/bin/../lib/gcc/arm-none-eabi/5.4.1/../../../../arm-none-eabi/lib/armv7e-m/fpu/libc_nano.a(lib_a-memset.o)
                              /home/imerir/STM32/SystemWorkbench/plugins/fr.ac6.mcu.externaltools.arm-none.linux64_1.13.1.201703061524/tools/compiler/bin/../lib/gcc/arm-none-eabi/5.4.1/../../../../arm-none-eabi/lib/armv7e-m/fpu/crt0.o (memset)
/home/imerir/STM32/SystemWorkbench/plugins/fr.ac6.mcu.externaltools.arm-none.linux64_1.13.1.201703061524/tools/compiler/bin/../lib/gcc/arm-none-eabi/5.4.1/../../../../arm-none-eabi/lib/armv7e-m/fpu/libc_nano.a(lib_a-nano-freer.o)
                              /home/imerir/STM32/SystemWorkbench/plugins/fr.ac6.mcu.externaltools.arm-none.linux64_1.13.1.201703061524/tools/compiler/bin/../lib/gcc/arm-none-eabi/5.4.1/../../../../arm-none-eabi/lib/armv7e-m/fpu/libc_nano.a(lib_a-malloc.o) (_free_r)
/home/imerir/STM32/SystemWorkbench/plugins/fr.ac6.mcu.externaltools.arm-none.linux64_1.13.1.201703061524/tools/compiler/bin/../lib/gcc/arm-none-eabi/5.4.1/../../../../arm-none-eabi/lib/armv7e-m/fpu/libc_nano.a(lib_a-nano-mallocr.o)
                              /home/imerir/STM32/SystemWorkbench/plugins/fr.ac6.mcu.externaltools.arm-none.linux64_1.13.1.201703061524/tools/compiler/bin/../lib/gcc/arm-none-eabi/5.4.1/../../../../arm-none-eabi/lib/armv7e-m/fpu/libc_nano.a(lib_a-malloc.o) (_malloc_r)
/home/imerir/STM32/SystemWorkbench/plugins/fr.ac6.mcu.externaltools.arm-none.linux64_1.13.1.201703061524/tools/compiler/bin/../lib/gcc/arm-none-eabi/5.4.1/../../../../arm-none-eabi/lib/armv7e-m/fpu/libc_nano.a(lib_a-sbrkr.o)
[...]
Memory Configuration

Name             Origin             Length             Attributes
RAM              0x20000000         0x00018000         xrw
RAM2             0x10000000         0x00008000         xrw
FLASH            0x08000000         0x00100000         xr
*default*        0x00000000         0xffffffff

Linker script and memory map

LOAD /home/imerir/STM32/SystemWorkbench/plugins/fr.ac6.mcu.externaltools.arm-none.linux64_1.13.1.201703061524/tools/compiler/bin/../lib/gcc/arm-none-eabi/5.4.1/armv7e-m/fpu/crti.o
LOAD /home/imerir/STM32/SystemWorkbench/plugins/fr.ac6.mcu.externaltools.arm-none.linux64_1.13.1.201703061524/tools/compiler/bin/../lib/gcc/arm-none-eabi/5.4.1/armv7e-m/fpu/crtbegin.o
LOAD /home/imerir/STM32/SystemWorkbench/plugins/fr.ac6.mcu.externaltools.arm-none.linux64_1.13.1.201703061524/tools/compiler/bin/../lib/gcc/arm-none-eabi/5.4.1/../../../../arm-none-eabi/lib/armv7e-m/fpu/crt0.o
LOAD /home/imerir/STM32/SystemWorkbench/plugins/fr.ac6.mcu.externaltools.arm-none.linux64_1.13.1.201703061524/tools/compiler/bin/../lib/gcc/arm-none-eabi/5.4.1/../../../../arm-none-eabi/lib/armv7e-m/fpu/libm.a
LOAD Drivers/STM32L4xx_HAL_Driver/Src/stm32l4xx_hal.o
LOAD Drivers/STM32L4xx_HAL_Driver/Src/stm32l4xx_hal_cortex.o
LOAD Drivers/STM32L4xx_HAL_Driver/Src/stm32l4xx_hal_dfsdm.o
LOAD Drivers/STM32L4xx_HAL_Driver/Src/stm32l4xx_hal_dma.o
LOAD Drivers/STM32L4xx_HAL_Driver/Src/stm32l4xx_hal_dma_ex.o
LOAD Drivers/STM32L4xx_HAL_Driver/Src/stm32l4xx_hal_flash.o
LOAD Drivers/STM32L4xx_HAL_Driver/Src/stm32l4xx_hal_flash_ex.o
LOAD Drivers/STM32L4xx_HAL_Driver/Src/stm32l4xx_hal_flash_ramfunc.o
LOAD Drivers/STM32L4xx_HAL_Driver/Src/stm32l4xx_hal_gpio.o
LOAD Drivers/STM32L4xx_HAL_Driver/Src/stm32l4xx_hal_i2c.o
LOAD Drivers/STM32L4xx_HAL_Driver/Src/stm32l4xx_hal_i2c_ex.o
LOAD Drivers/STM32L4xx_HAL_Driver/Src/stm32l4xx_hal_pwr.o
LOAD Drivers/STM32L4xx_HAL_Driver/Src/stm32l4xx_hal_pwr_ex.o
LOAD Drivers/STM32L4xx_HAL_Driver/Src/stm32l4xx_hal_rcc.o
LOAD Drivers/STM32L4xx_HAL_Driver/Src/stm32l4xx_hal_rcc_ex.o
LOAD Drivers/STM32L4xx_HAL_Driver/Src/stm32l4xx_hal_tim.o
LOAD Drivers/STM32L4xx_HAL_Driver/Src/stm32l4xx_hal_tim_ex.o
LOAD Drivers/STM32L4xx_HAL_Driver/Src/stm32l4xx_hal_uart.o
LOAD Drivers/STM32L4xx_HAL_Driver/Src/stm32l4xx_hal_uart_ex.o
LOAD LIBS/WS2813.o
LOAD Middlewares/Third_Party/FreeRTOS/Source/CMSIS_RTOS/cmsis_os.o
LOAD Middlewares/Third_Party/FreeRTOS/Source/croutine.o
LOAD Middlewares/Third_Party/FreeRTOS/Source/event_groups.o
LOAD Middlewares/Third_Party/FreeRTOS/Source/list.o
LOAD Middlewares/Third_Party/FreeRTOS/Source/queue.o
LOAD Middlewares/Third_Party/FreeRTOS/Source/tasks.o
LOAD Middlewares/Third_Party/FreeRTOS/Source/timers.o
LOAD Middlewares/Third_Party/FreeRTOS/Source/portable/GCC/ARM_CM4F/port.o
LOAD Middlewares/Third_Party/FreeRTOS/Source/portable/MemMang/heap_4.o
LOAD Src/dfsdm.o
LOAD Src/dma.o
LOAD Src/freertos.o
LOAD Src/gpio.o
LOAD Src/main.o
LOAD Src/stm32l4xx_hal_msp.o
LOAD Src/stm32l4xx_hal_timebase_TIM.o
LOAD Src/stm32l4xx_it.o
LOAD Src/system_stm32l4xx.o
LOAD Src/tim.o
LOAD Src/usart.o
LOAD startup/startup_stm32l476xx.o
START GROUP
LOAD /home/imerir/STM32/SystemWorkbench/plugins/fr.ac6.mcu.externaltools.arm-none.linux64_1.13.1.201703061524/tools/compiler/bin/../lib/gcc/arm-none-eabi/5.4.1/armv7e-m/fpu/libgcc.a
LOAD /home/imerir/STM32/SystemWorkbench/plugins/fr.ac6.mcu.externaltools.arm-none.linux64_1.13.1.201703061524/tools/compiler/bin/../lib/gcc/arm-none-eabi/5.4.1/../../../../arm-none-eabi/lib/armv7e-m/fpu/libc_nano.a
END GROUP
START GROUP
LOAD /home/imerir/STM32/SystemWorkbench/plugins/fr.ac6.mcu.externaltools.arm-none.linux64_1.13.1.201703061524/tools/compiler/bin/../lib/gcc/arm-none-eabi/5.4.1/armv7e-m/fpu/libgcc.a
LOAD /home/imerir/STM32/SystemWorkbench/plugins/fr.ac6.mcu.externaltools.arm-none.linux64_1.13.1.201703061524/tools/compiler/bin/../lib/gcc/arm-none-eabi/5.4.1/../../../../arm-none-eabi/lib/armv7e-m/fpu/libc_nano.a
LOAD /home/imerir/STM32/SystemWorkbench/plugins/fr.ac6.mcu.externaltools.arm-none.linux64_1.13.1.201703061524/tools/compiler/bin/../lib/gcc/arm-none-eabi/5.4.1/../../../../arm-none-eabi/lib/armv7e-m/fpu/libnosys.a
END GROUP
START GROUP
LOAD /home/imerir/STM32/SystemWorkbench/plugins/fr.ac6.mcu.externaltools.arm-none.linux64_1.13.1.201703061524/tools/compiler/bin/../lib/gcc/arm-none-eabi/5.4.1/armv7e-m/fpu/libgcc.a
LOAD /home/imerir/STM32/SystemWorkbench/plugins/fr.ac6.mcu.externaltools.arm-none.linux64_1.13.1.201703061524/tools/compiler/bin/../lib/gcc/arm-none-eabi/5.4.1/../../../../arm-none-eabi/lib/armv7e-m/fpu/libc_nano.a
LOAD /home/imerir/STM32/SystemWorkbench/plugins/fr.ac6.mcu.externaltools.arm-none.linux64_1.13.1.201703061524/tools/compiler/bin/../lib/gcc/arm-none-eabi/5.4.1/../../../../arm-none-eabi/lib/armv7e-m/fpu/libnosys.a
END GROUP
LOAD /home/imerir/STM32/SystemWorkbench/plugins/fr.ac6.mcu.externaltools.arm-none.linux64_1.13.1.201703061524/tools/compiler/bin/../lib/gcc/arm-none-eabi/5.4.1/armv7e-m/fpu/crtend.o
LOAD /home/imerir/STM32/SystemWorkbench/plugins/fr.ac6.mcu.externaltools.arm-none.linux64_1.13.1.201703061524/tools/compiler/bin/../lib/gcc/arm-none-eabi/5.4.1/armv7e-m/fpu/crtn.o
                0x20018000                _estack = 0x20018000
                0x00000200                _Min_Heap_Size = 0x200
                0x00000400                _Min_Stack_Size = 0x400

.isr_vector     0x08000000      0x188
                0x08000000                . = ALIGN (0x8)
 *(.isr_vector)
 .isr_vector    0x08000000      0x188 startup/startup_stm32l476xx.o
                0x08000000                g_pfnVectors
                0x08000188                . = ALIGN (0x8)

.text           0x08000190     0x63b0
                0x08000190                . = ALIGN (0x8)
 *(.text)
 .text          0x08000190       0x5c /home/imerir/STM32/SystemWorkbench/plugins/fr.ac6.mcu.externaltools.arm-none.linux64_1.13.1.201703061524/tools/compiler/bin/../lib/gcc/arm-none-eabi/5.4.1/armv7e-m/fpu/crtbegin.o
 .text          0x080001ec       0x30 /home/imerir/STM32/SystemWorkbench/plugins/fr.ac6.mcu.externaltools.arm-none.linux64_1.13.1.201703061524/tools/compiler/bin/../lib/gcc/arm-none-eabi/5.4.1/armv7e-m/fpu/libgcc.a(_aeabi_uldivmod.o)
                0x080001ec                __aeabi_uldivmod
 .text          0x0800021c      0x2e4 /home/imerir/STM32/SystemWorkbench/plugins/fr.ac6.mcu.externaltools.arm-none.linux64_1.13.1.201703061524/tools/compiler/bin/../lib/gcc/arm-none-eabi/5.4.1/armv7e-m/fpu/libgcc.a(_udivmoddi4.o)
                0x0800021c                __udivmoddi4
 .text          0x08000500        0x4 /home/imerir/STM32/SystemWorkbench/plugins/fr.ac6.mcu.externaltools.arm-none.linux64_1.13.1.201703061524/tools/compiler/bin/../lib/gcc/arm-none-eabi/5.4.1/armv7e-m/fpu/libgcc.a(_dvmd_tls.o)
                0x08000500                __aeabi_ldiv0
                0x08000500                __aeabi_idiv0
 .text          0x08000504       0x10 /home/imerir/STM32/SystemWorkbench/plugins/fr.ac6.mcu.externaltools.arm-none.linux64_1.13.1.201703061524/tools/compiler/bin/../lib/gcc/arm-none-eabi/5.4.1/../../../../arm-none-eabi/lib/armv7e-m/fpu/libc_nano.a(lib_a-strlen.o)
                0x08000504                strlen
 *fill*         0x08000514        0xc 
 .text          0x08000520       0xa0 /home/imerir/STM32/SystemWorkbench/plugins/fr.ac6.mcu.externaltools.arm-none.linux64_1.13.1.201703061524/tools/compiler/bin/../lib/gcc/arm-none-eabi/5.4.1/../../../../arm-none-eabi/lib/armv7e-m/fpu/libc_nano.a(lib_a-memchr.o)
                0x08000520                memchr
 *(.text*)
 .text.HAL_Init
                0x080005c0       0x24 Drivers/STM32L4xx_HAL_Driver/Src/stm32l4xx_hal.o
                0x080005c0                HAL_Init
 .text.HAL_IncTick
                0x080005e4       0x10 Drivers/STM32L4xx_HAL_Driver/Src/stm32l4xx_hal.o
                0x080005e4                HAL_IncTick
 .text.HAL_GetTick
                0x080005f4        0xc Drivers/STM32L4xx_HAL_Driver/Src/stm32l4xx_hal.o
                0x080005f4                HAL_GetTick
 .text.HAL_NVIC_SetPriorityGrouping
                0x08000600       0x24 Drivers/STM32L4xx_HAL_Driver/Src/stm32l4xx_hal_cortex.o
                0x08000600                HAL_NVIC_SetPriorityGrouping
 .text.HAL_NVIC_SetPriority
                0x08000624       0x64 Drivers/STM32L4xx_HAL_Driver/Src/stm32l4xx_hal_cortex.o
                0x08000624                HAL_NVIC_SetPriority
 .text.HAL_NVIC_EnableIRQ
                0x08000688       0x18 Drivers/STM32L4xx_HAL_Driver/Src/stm32l4xx_hal_cortex.o
                0x08000688                HAL_NVIC_EnableIRQ
 .text.HAL_SYSTICK_Config
                0x080006a0       0x2c Drivers/STM32L4xx_HAL_Driver/Src/stm32l4xx_hal_cortex.o
                0x080006a0                HAL_SYSTICK_Config
 .text.HAL_SYSTICK_CLKSourceConfig
                0x080006cc       0x20 Drivers/STM32L4xx_HAL_Driver/Src/stm32l4xx_hal_cortex.o
                0x080006cc                HAL_SYSTICK_CLKSourceConfig
 .text.DFSDM_GetChannelFromInstance
                0x080006ec       0x58 Drivers/STM32L4xx_HAL_Driver/Src/stm32l4xx_hal_dfsdm.o
 .text.DFSDM_RegConvStart
                0x08000744       0x68 Drivers/STM32L4xx_HAL_Driver/Src/stm32l4xx_hal_dfsdm.o
 .text.HAL_DFSDM_ChannelInit
                0x080007ac      0x100 Drivers/STM32L4xx_HAL_Driver/Src/stm32l4xx_hal_dfsdm.o
                0x080007ac                HAL_DFSDM_ChannelInit
 .text.HAL_DFSDM_FilterInit
                0x080008ac      0x128 Drivers/STM32L4xx_HAL_Driver/Src/stm32l4xx_hal_dfsdm.o
                0x080008ac                HAL_DFSDM_FilterInit
 .text.HAL_DFSDM_FilterConfigRegChannel
                0x080009d4       0x54 Drivers/STM32L4xx_HAL_Driver/Src/stm32l4xx_hal_dfsdm.o
                0x080009d4                HAL_DFSDM_FilterConfigRegChannel
 .text.HAL_DFSDM_FilterRegularStart_DMA
                0x08000a28       0xac Drivers/STM32L4xx_HAL_Driver/Src/stm32l4xx_hal_dfsdm.o
                0x08000a28                HAL_DFSDM_FilterRegularStart_DMA
 .text.DFSDM_DMARegularConvCplt
                0x08000ad4        0xc Drivers/STM32L4xx_HAL_Driver/Src/stm32l4xx_hal_dfsdm.o
 .text.HAL_DFSDM_FilterRegConvHalfCpltCallback
                0x08000ae0        0x4 Drivers/STM32L4xx_HAL_Driver/Src/stm32l4xx_hal_dfsdm.o
                0x08000ae0                HAL_DFSDM_FilterRegConvHalfCpltCallback
 .text.DFSDM_DMARegularHalfConvCplt
                0x08000ae4        0xc Drivers/STM32L4xx_HAL_Driver/Src/stm32l4xx_hal_dfsdm.o
 .text.HAL_DFSDM_FilterErrorCallback
                0x08000af0        0x4 Drivers/STM32L4xx_HAL_Driver/Src/stm32l4xx_hal_dfsdm.o
                0x08000af0                HAL_DFSDM_FilterErrorCallback
 .text.DFSDM_DMAError
                0x08000af4       0x10 Drivers/STM32L4xx_HAL_Driver/Src/stm32l4xx_hal_dfsdm.o
 .text.DMA_SetConfig
                0x08000b04       0x2c Drivers/STM32L4xx_HAL_Driver/Src/stm32l4xx_hal_dma.o
 .text.HAL_DMA_Init
                0x08000b30       0xf8 Drivers/STM32L4xx_HAL_Driver/Src/stm32l4xx_hal_dma.o
                0x08000b30                HAL_DMA_Init
 .text.HAL_DMA_Start_IT
                0x08000c28       0x78 Drivers/STM32L4xx_HAL_Driver/Src/stm32l4xx_hal_dma.o
                0x08000c28                HAL_DMA_Start_IT
 .text.HAL_DMA_IRQHandler
                0x08000ca0       0xb4 Drivers/STM32L4xx_HAL_Driver/Src/stm32l4xx_hal_dma.o
                0x08000ca0                HAL_DMA_IRQHandler
 .text.HAL_GPIO_Init
                0x08000d54      0x1cc Drivers/STM32L4xx_HAL_Driver/Src/stm32l4xx_hal_gpio.o
                0x08000d54                HAL_GPIO_Init
 .text.HAL_GPIO_WritePin
                0x08000f20        0xc Drivers/STM32L4xx_HAL_Driver/Src/stm32l4xx_hal_gpio.o
                0x08000f20                HAL_GPIO_WritePin
 .text.HAL_PWREx_GetVoltageRange
                0x08000f2c       0x10 Drivers/STM32L4xx_HAL_Driver/Src/stm32l4xx_hal_pwr_ex.o
                0x08000f2c                HAL_PWREx_GetVoltageRange
 .text.HAL_PWREx_ControlVoltageScaling
                0x08000f3c       0x90 Drivers/STM32L4xx_HAL_Driver/Src/stm32l4xx_hal_pwr_ex.o
                0x08000f3c                HAL_PWREx_ControlVoltageScaling
 .text.RCC_SetFlashLatencyFromMSIRange
                0x08000fcc       0x90 Drivers/STM32L4xx_HAL_Driver/Src/stm32l4xx_hal_rcc.o
 .text.HAL_RCC_GetSysClockFreq
                0x0800105c      0x100 Drivers/STM32L4xx_HAL_Driver/Src/stm32l4xx_hal_rcc.o
                0x0800105c                HAL_RCC_GetSysClockFreq
 .text.HAL_RCC_OscConfig
                0x0800115c      0x598 Drivers/STM32L4xx_HAL_Driver/Src/stm32l4xx_hal_rcc.o
                0x0800115c                HAL_RCC_OscConfig
 .text.HAL_RCC_ClockConfig
                0x080016f4      0x1c0 Drivers/STM32L4xx_HAL_Driver/Src/stm32l4xx_hal_rcc.o
                0x080016f4                HAL_RCC_ClockConfig
 .text.HAL_RCC_GetHCLKFreq
                0x080018b4        0xc Drivers/STM32L4xx_HAL_Driver/Src/stm32l4xx_hal_rcc.o
                0x080018b4                HAL_RCC_GetHCLKFreq
 .text.HAL_RCC_GetPCLK1Freq
                0x080018c0       0x20 Drivers/STM32L4xx_HAL_Driver/Src/stm32l4xx_hal_rcc.o
                0x080018c0                HAL_RCC_GetPCLK1Freq
 .text.HAL_RCC_GetPCLK2Freq
                0x080018e0       0x20 Drivers/STM32L4xx_HAL_Driver/Src/stm32l4xx_hal_rcc.o
                0x080018e0                HAL_RCC_GetPCLK2Freq
 .text.HAL_RCC_GetClockConfig
                0x08001900       0x3c Drivers/STM32L4xx_HAL_Driver/Src/stm32l4xx_hal_rcc.o
                0x08001900                HAL_RCC_GetClockConfig
 .text.RCCEx_PLLSAI1_Config
                0x0800193c      0x180 Drivers/STM32L4xx_HAL_Driver/Src/stm32l4xx_hal_rcc_ex.o
 .text.RCCEx_PLLSAI2_Config
                0x08001abc      0x15c Drivers/STM32L4xx_HAL_Driver/Src/stm32l4xx_hal_rcc_ex.o
 .text.HAL_RCCEx_PeriphCLKConfig
                0x08001c18      0x438 Drivers/STM32L4xx_HAL_Driver/Src/stm32l4xx_hal_rcc_ex.o
                0x08001c18                HAL_RCCEx_PeriphCLKConfig
 .text.TIM_OC1_SetConfig
                0x08002050       0x9c Drivers/STM32L4xx_HAL_Driver/Src/stm32l4xx_hal_tim.o
 .text.TIM_OC3_SetConfig
                0x080020ec       0x8c Drivers/STM32L4xx_HAL_Driver/Src/stm32l4xx_hal_tim.o
 .text.TIM_OC4_SetConfig
                0x08002178       0x6c Drivers/STM32L4xx_HAL_Driver/Src/stm32l4xx_hal_tim.o
 .text.TIM_OC5_SetConfig
                0x080021e4       0x68 Drivers/STM32L4xx_HAL_Driver/Src/stm32l4xx_hal_tim.o
 .text.TIM_OC6_SetConfig
                0x0800224c       0x6c Drivers/STM32L4xx_HAL_Driver/Src/stm32l4xx_hal_tim.o
 .text.TIM_TI1_ConfigInputStage
                0x080022b8       0x28 Drivers/STM32L4xx_HAL_Driver/Src/stm32l4xx_hal_tim.o
 .text.TIM_TI2_ConfigInputStage
                0x080022e0       0x28 Drivers/STM32L4xx_HAL_Driver/Src/stm32l4xx_hal_tim.o
 .text.TIM_ITRx_SetConfig
                0x08002308       0x10 Drivers/STM32L4xx_HAL_Driver/Src/stm32l4xx_hal_tim.o
 .text.HAL_TIM_Base_Start_IT
                0x08002318       0x18 Drivers/STM32L4xx_HAL_Driver/Src/stm32l4xx_hal_tim.o
                0x08002318                HAL_TIM_Base_Start_IT
 .text.HAL_TIM_OC_MspInit
                0x08002330        0x4 Drivers/STM32L4xx_HAL_Driver/Src/stm32l4xx_hal_tim.o
                0x08002330                HAL_TIM_OC_MspInit
 .text.HAL_TIM_PWM_MspInit
                0x08002334        0x4 Drivers/STM32L4xx_HAL_Driver/Src/stm32l4xx_hal_tim.o
                0x08002334                HAL_TIM_PWM_MspInit
 .text.HAL_TIM_OC_DelayElapsedCallback
                0x08002338        0x4 Drivers/STM32L4xx_HAL_Driver/Src/stm32l4xx_hal_tim.o
                0x08002338                HAL_TIM_OC_DelayElapsedCallback
 .text.HAL_TIM_IC_CaptureCallback
                0x0800233c        0x4 Drivers/STM32L4xx_HAL_Driver/Src/stm32l4xx_hal_tim.o
                0x0800233c                HAL_TIM_IC_CaptureCallback
 .text.TIM_DMADelayPulseCplt
                0x08002340       0x44 Drivers/STM32L4xx_HAL_Driver/Src/stm32l4xx_hal_tim.o
                0x08002340                TIM_DMADelayPulseCplt
 .text.HAL_TIM_TriggerCallback
                0x08002384        0x4 Drivers/STM32L4xx_HAL_Driver/Src/stm32l4xx_hal_tim.o
                0x08002384                HAL_TIM_TriggerCallback
 .text.HAL_TIM_IRQHandler
                0x08002388      0x174 Drivers/STM32L4xx_HAL_Driver/Src/stm32l4xx_hal_tim.o
                0x08002388                HAL_TIM_IRQHandler
 .text.HAL_TIM_ErrorCallback
                0x080024fc        0x4 Drivers/STM32L4xx_HAL_Driver/Src/stm32l4xx_hal_tim.o
                0x080024fc                HAL_TIM_ErrorCallback
 .text.TIM_DMAError
                0x08002500       0x10 Drivers/STM32L4xx_HAL_Driver/Src/stm32l4xx_hal_tim.o
                0x08002500                TIM_DMAError
 .text.TIM_Base_SetConfig
                0x08002510       0xc8 Drivers/STM32L4xx_HAL_Driver/Src/stm32l4xx_hal_tim.o
                0x08002510                TIM_Base_SetConfig
 .text.HAL_TIM_Base_Init
                0x080025d8       0x38 Drivers/STM32L4xx_HAL_Driver/Src/stm32l4xx_hal_tim.o
                0x080025d8                HAL_TIM_Base_Init
 .text.HAL_TIM_OC_Init
                0x08002610       0x38 Drivers/STM32L4xx_HAL_Driver/Src/stm32l4xx_hal_tim.o
                0x08002610                HAL_TIM_OC_Init
 .text.HAL_TIM_PWM_Init
                0x08002648       0x38 Drivers/STM32L4xx_HAL_Driver/Src/stm32l4xx_hal_tim.o
                0x08002648                HAL_TIM_PWM_Init
 .text.TIM_OC2_SetConfig
                0x08002680       0x8c Drivers/STM32L4xx_HAL_Driver/Src/stm32l4xx_hal_tim.o
                0x08002680                TIM_OC2_SetConfig
 .text.HAL_TIM_OC_ConfigChannel
                0x0800270c       0x78 Drivers/STM32L4xx_HAL_Driver/Src/stm32l4xx_hal_tim.o
                0x0800270c                HAL_TIM_OC_ConfigChannel
 .text.HAL_TIM_PWM_ConfigChannel
                0x08002784      0x138 Drivers/STM32L4xx_HAL_Driver/Src/stm32l4xx_hal_tim.o
                0x08002784                HAL_TIM_PWM_ConfigChannel
 .text.TIM_ETR_SetConfig
                0x080028bc       0x1c Drivers/STM32L4xx_HAL_Driver/Src/stm32l4xx_hal_tim.o
                0x080028bc                TIM_ETR_SetConfig
 .text.HAL_TIM_ConfigClockSource
                0x080028d8      0x120 Drivers/STM32L4xx_HAL_Driver/Src/stm32l4xx_hal_tim.o
                0x080028d8                HAL_TIM_ConfigClockSource
 .text.TIM_CCxChannelCmd
                0x080029f8       0x20 Drivers/STM32L4xx_HAL_Driver/Src/stm32l4xx_hal_tim.o
                0x080029f8                TIM_CCxChannelCmd
 .text.HAL_TIM_PWM_Start_DMA
                0x08002a18      0x144 Drivers/STM32L4xx_HAL_Driver/Src/stm32l4xx_hal_tim.o
                0x08002a18                HAL_TIM_PWM_Start_DMA
 .text.HAL_TIM_PWM_Stop_DMA
                0x08002b5c       0xd8 Drivers/STM32L4xx_HAL_Driver/Src/stm32l4xx_hal_tim.o
                0x08002b5c                HAL_TIM_PWM_Stop_DMA
 .text.HAL_TIMEx_MasterConfigSynchronization
                0x08002c34       0x58 Drivers/STM32L4xx_HAL_Driver/Src/stm32l4xx_hal_tim_ex.o
                0x08002c34                HAL_TIMEx_MasterConfigSynchronization
 .text.HAL_TIMEx_CommutationCallback
                0x08002c8c        0x4 Drivers/STM32L4xx_HAL_Driver/Src/stm32l4xx_hal_tim_ex.o
                0x08002c8c                HAL_TIMEx_CommutationCallback
 .text.HAL_TIMEx_BreakCallback
                0x08002c90        0x4 Drivers/STM32L4xx_HAL_Driver/Src/stm32l4xx_hal_tim_ex.o
                0x08002c90                HAL_TIMEx_BreakCallback
 .text.UART_SetConfig
                0x08002c94      0x414 Drivers/STM32L4xx_HAL_Driver/Src/stm32l4xx_hal_uart.o
                0x08002c94                UART_SetConfig
 .text.UART_AdvFeatureConfig
                0x080030a8       0xc8 Drivers/STM32L4xx_HAL_Driver/Src/stm32l4xx_hal_uart.o
                0x080030a8                UART_AdvFeatureConfig
 .text.UART_WaitOnFlagUntilTimeout
                0x08003170       0x68 Drivers/STM32L4xx_HAL_Driver/Src/stm32l4xx_hal_uart.o
                0x08003170                UART_WaitOnFlagUntilTimeout
 .text.HAL_UART_Transmit
                0x080031d8       0xd4 Drivers/STM32L4xx_HAL_Driver/Src/stm32l4xx_hal_uart.o
                0x080031d8                HAL_UART_Transmit
 .text.UART_CheckIdleState
                0x080032ac       0x6c Drivers/STM32L4xx_HAL_Driver/Src/stm32l4xx_hal_uart.o
                0x080032ac                UART_CheckIdleState
 .text.HAL_UART_Init
                0x08003318       0x6c Drivers/STM32L4xx_HAL_Driver/Src/stm32l4xx_hal_uart.o
                0x08003318                HAL_UART_Init
 .text.ws2813_init_tim
                0x08003384       0x6c LIBS/WS2813.o
                0x08003384                ws2813_init_tim
 .text.ws2813_update_led
                0x080033f0       0x34 LIBS/WS2813.o
                0x080033f0                ws2813_update_led
 .text.ws2813_start_transmission_tim
                0x08003424       0x88 LIBS/WS2813.o
                0x08003424                ws2813_start_transmission_tim
 .text.HAL_TIM_PWM_PulseFinishedCallback
                0x080034ac       0x24 LIBS/WS2813.o
                0x080034ac                HAL_TIM_PWM_PulseFinishedCallback
 .text.makeFreeRtosPriority
                0x080034d0        0xc Middlewares/Third_Party/FreeRTOS/Source/CMSIS_RTOS/cmsis_os.o
 .text.osKernelStart
                0x080034dc        0xc Middlewares/Third_Party/FreeRTOS/Source/CMSIS_RTOS/cmsis_os.o
                0x080034dc                osKernelStart
 .text.osThreadCreate
                0x080034e8       0x34 Middlewares/Third_Party/FreeRTOS/Source/CMSIS_RTOS/cmsis_os.o
                0x080034e8                osThreadCreate
 .text.osDelay  0x0800351c       0x10 Middlewares/Third_Party/FreeRTOS/Source/CMSIS_RTOS/cmsis_os.o
                0x0800351c                osDelay
 .text.osSystickHandler
                0x0800352c       0x10 Middlewares/Third_Party/FreeRTOS/Source/CMSIS_RTOS/cmsis_os.o
                0x0800352c                osSystickHandler
 .text.vListInitialise
                0x0800353c       0x18 Middlewares/Third_Party/FreeRTOS/Source/list.o
                0x0800353c                vListInitialise
 .text.vListInitialiseItem
                0x08003554        0x8 Middlewares/Third_Party/FreeRTOS/Source/list.o
                0x08003554                vListInitialiseItem
 .text.vListInsertEnd
                0x0800355c       0x18 Middlewares/Third_Party/FreeRTOS/Source/list.o
                0x0800355c                vListInsertEnd
 .text.vListInsert
                0x08003574       0x34 Middlewares/Third_Party/FreeRTOS/Source/list.o
                0x08003574                vListInsert
 .text.uxListRemove
                0x080035a8       0x24 Middlewares/Third_Party/FreeRTOS/Source/list.o
                0x080035a8                uxListRemove
 .text.prvIsQueueFull
                0x080035cc       0x20 Middlewares/Third_Party/FreeRTOS/Source/queue.o
 .text.prvIsQueueEmpty
                0x080035ec       0x1c Middlewares/Third_Party/FreeRTOS/Source/queue.o
 .text.prvCopyDataToQueue
                0x08003608       0x78 Middlewares/Third_Party/FreeRTOS/Source/queue.o
 .text.prvCopyDataFromQueue
                0x08003680       0x24 Middlewares/Third_Party/FreeRTOS/Source/queue.o
 .text.prvUnlockQueue
                0x080036a4       0x68 Middlewares/Third_Party/FreeRTOS/Source/queue.o
 .text.xQueueGenericReset
                0x0800370c       0x80 Middlewares/Third_Party/FreeRTOS/Source/queue.o
                0x0800370c                xQueueGenericReset
 .text.prvInitialiseNewQueue
                0x0800378c       0x1c Middlewares/Third_Party/FreeRTOS/Source/queue.o
 .text.xQueueGenericCreate
                0x080037a8       0x4c Middlewares/Third_Party/FreeRTOS/Source/queue.o
                0x080037a8                xQueueGenericCreate
 .text.xQueueGenericSend
                0x080037f4      0x190 Middlewares/Third_Party/FreeRTOS/Source/queue.o
                0x080037f4                xQueueGenericSend
 .text.xQueueGenericSendFromISR
                0x08003984       0xe4 Middlewares/Third_Party/FreeRTOS/Source/queue.o
                0x08003984                xQueueGenericSendFromISR
 .text.xQueueGiveFromISR
                0x08003a68       0xbc Middlewares/Third_Party/FreeRTOS/Source/queue.o
                0x08003a68                xQueueGiveFromISR
 .text.xQueueGenericReceive
                0x08003b24      0x1a0 Middlewares/Third_Party/FreeRTOS/Source/queue.o
                0x08003b24                xQueueGenericReceive
 .text.xQueueReceiveFromISR
                0x08003cc4       0xb8 Middlewares/Third_Party/FreeRTOS/Source/queue.o
                0x08003cc4                xQueueReceiveFromISR
 .text.vQueueAddToRegistry
                0x08003d7c       0x28 Middlewares/Third_Party/FreeRTOS/Source/queue.o
                0x08003d7c                vQueueAddToRegistry
 .text.vQueueWaitForMessageRestricted
                0x08003da4       0x4c Middlewares/Third_Party/FreeRTOS/Source/queue.o
                0x08003da4                vQueueWaitForMessageRestricted
 .text.prvResetNextTaskUnblockTime
                0x08003df0       0x2c Middlewares/Third_Party/FreeRTOS/Source/tasks.o
 .text.prvDeleteTCB
                0x08003e1c       0x14 Middlewares/Third_Party/FreeRTOS/Source/tasks.o
 .text.prvInitialiseNewTask
                0x08003e30       0x80 Middlewares/Third_Party/FreeRTOS/Source/tasks.o
 .text.prvInitialiseTaskLists
                0x08003eb0       0x58 Middlewares/Third_Party/FreeRTOS/Source/tasks.o
 .text.prvAddNewTaskToReadyList
                0x08003f08       0xac Middlewares/Third_Party/FreeRTOS/Source/tasks.o
 .text.prvAddCurrentTaskToDelayedList
                0x08003fb4       0x84 Middlewares/Third_Party/FreeRTOS/Source/tasks.o
 .text.xTaskCreate
                0x08004038       0x64 Middlewares/Third_Party/FreeRTOS/Source/tasks.o
                0x08004038                xTaskCreate
 .text.vTaskStartScheduler
                0x0800409c       0x7c Middlewares/Third_Party/FreeRTOS/Source/tasks.o
                0x0800409c                vTaskStartScheduler
 .text.vTaskSuspendAll
                0x08004118       0x14 Middlewares/Third_Party/FreeRTOS/Source/tasks.o
                0x08004118                vTaskSuspendAll
 .text.xTaskGetTickCount
                0x0800412c        0xc Middlewares/Third_Party/FreeRTOS/Source/tasks.o
                0x0800412c                xTaskGetTickCount
 .text.xTaskIncrementTick
                0x08004138      0x118 Middlewares/Third_Party/FreeRTOS/Source/tasks.o
                0x08004138                xTaskIncrementTick
 .text.xTaskResumeAll
                0x08004250       0xf4 Middlewares/Third_Party/FreeRTOS/Source/tasks.o
                0x08004250                xTaskResumeAll
 .text.vTaskDelay
                0x08004344       0x50 Middlewares/Third_Party/FreeRTOS/Source/tasks.o
                0x08004344                vTaskDelay
 .text.prvCheckTasksWaitingTermination
                0x08004394       0x54 Middlewares/Third_Party/FreeRTOS/Source/tasks.o
 .text.prvIdleTask
                0x080043e8       0x28 Middlewares/Third_Party/FreeRTOS/Source/tasks.o
 .text.vTaskSwitchContext
                0x08004410       0x90 Middlewares/Third_Party/FreeRTOS/Source/tasks.o
                0x08004410                vTaskSwitchContext
 .text.vTaskPlaceOnEventList
                0x080044a0       0x34 Middlewares/Third_Party/FreeRTOS/Source/tasks.o
                0x080044a0                vTaskPlaceOnEventList
 .text.vTaskPlaceOnEventListRestricted
                0x080044d4       0x3c Middlewares/Third_Party/FreeRTOS/Source/tasks.o
                0x080044d4                vTaskPlaceOnEventListRestricted
 .text.xTaskRemoveFromEventList
                0x08004510       0x88 Middlewares/Third_Party/FreeRTOS/Source/tasks.o
                0x08004510                xTaskRemoveFromEventList
 .text.vTaskSetTimeOutState
                0x08004598       0x28 Middlewares/Third_Party/FreeRTOS/Source/tasks.o
                0x08004598                vTaskSetTimeOutState
 .text.xTaskCheckForTimeOut
                0x080045c0       0x80 Middlewares/Third_Party/FreeRTOS/Source/tasks.o
                0x080045c0                xTaskCheckForTimeOut
 .text.vTaskMissedYield
                0x08004640       0x10 Middlewares/Third_Party/FreeRTOS/Source/tasks.o
                0x08004640                vTaskMissedYield
 .text.xTaskGetSchedulerState
                0x08004650       0x20 Middlewares/Third_Party/FreeRTOS/Source/tasks.o
                0x08004650                xTaskGetSchedulerState
 .text.vTaskPriorityInherit
                0x08004670       0xb4 Middlewares/Third_Party/FreeRTOS/Source/tasks.o
                0x08004670                vTaskPriorityInherit
 .text.xTaskPriorityDisinherit
                0x08004724       0xb8 Middlewares/Third_Party/FreeRTOS/Source/tasks.o
                0x08004724                xTaskPriorityDisinherit
 .text.pvTaskIncrementMutexHeldCount
                0x080047dc       0x20 Middlewares/Third_Party/FreeRTOS/Source/tasks.o
                0x080047dc                pvTaskIncrementMutexHeldCount
 .text.prvGetNextExpireTime
                0x080047fc       0x20 Middlewares/Third_Party/FreeRTOS/Source/timers.o
 .text.prvInsertTimerInActiveList
                0x0800481c       0x44 Middlewares/Third_Party/FreeRTOS/Source/timers.o
 .text.prvCheckForValidListAndQueue
                0x08004860       0x48 Middlewares/Third_Party/FreeRTOS/Source/timers.o
 .text.xTimerCreateTimerTask
                0x080048a8       0x54 Middlewares/Third_Party/FreeRTOS/Source/timers.o
                0x080048a8                xTimerCreateTimerTask
 .text.xTimerGenericCommand
                0x080048fc       0x6c Middlewares/Third_Party/FreeRTOS/Source/timers.o
                0x080048fc                xTimerGenericCommand
 .text.prvSwitchTimerLists
                0x08004968       0x74 Middlewares/Third_Party/FreeRTOS/Source/timers.o
 .text.prvSampleTimeNow
                0x080049dc       0x2c Middlewares/Third_Party/FreeRTOS/Source/timers.o
 .text.prvProcessExpiredTimer
                0x08004a08       0x5c Middlewares/Third_Party/FreeRTOS/Source/timers.o
 .text.prvProcessTimerOrBlockTask
                0x08004a64       0x70 Middlewares/Third_Party/FreeRTOS/Source/timers.o
 .text.prvProcessReceivedCommands
                0x08004ad4       0xbc Middlewares/Third_Party/FreeRTOS/Source/timers.o
 .text.prvTimerTask
                0x08004b90       0x18 Middlewares/Third_Party/FreeRTOS/Source/timers.o
 .text.prvTaskExitError
                0x08004ba8       0x34 Middlewares/Third_Party/FreeRTOS/Source/portable/GCC/ARM_CM4F/port.o
 .text.prvPortStartFirstTask
                0x08004bdc       0x20 Middlewares/Third_Party/FreeRTOS/Source/portable/GCC/ARM_CM4F/port.o
 .text.vPortEnableVFP
                0x08004bfc       0x14 Middlewares/Third_Party/FreeRTOS/Source/portable/GCC/ARM_CM4F/port.o
 .text.pxPortInitialiseStack
                0x08004c10       0x2c Middlewares/Third_Party/FreeRTOS/Source/portable/GCC/ARM_CM4F/port.o
                0x08004c10                pxPortInitialiseStack
 *fill*         0x08004c3c        0x4 
 .text.SVC_Handler
                0x08004c40       0x24 Middlewares/Third_Party/FreeRTOS/Source/portable/GCC/ARM_CM4F/port.o
                0x08004c40                SVC_Handler
 .text.vPortEnterCritical
                0x08004c64       0x44 Middlewares/Third_Party/FreeRTOS/Source/portable/GCC/ARM_CM4F/port.o
                0x08004c64                vPortEnterCritical
 .text.vPortExitCritical
                0x08004ca8       0x2c Middlewares/Third_Party/FreeRTOS/Source/portable/GCC/ARM_CM4F/port.o
                0x08004ca8                vPortExitCritical
 *fill*         0x08004cd4        0xc 
 .text.PendSV_Handler
                0x08004ce0       0x64 Middlewares/Third_Party/FreeRTOS/Source/portable/GCC/ARM_CM4F/port.o
                0x08004ce0                PendSV_Handler
 .text.xPortSysTickHandler
                0x08004d44       0x2c Middlewares/Third_Party/FreeRTOS/Source/portable/GCC/ARM_CM4F/port.o
                0x08004d44                xPortSysTickHandler
 .text.vPortSetupTimerInterrupt
                0x08004d70       0x2c Middlewares/Third_Party/FreeRTOS/Source/portable/GCC/ARM_CM4F/port.o
                0x08004d70                vPortSetupTimerInterrupt
 .text.xPortStartScheduler
                0x08004d9c       0xe8 Middlewares/Third_Party/FreeRTOS/Source/portable/GCC/ARM_CM4F/port.o
                0x08004d9c                xPortStartScheduler
 .text.vPortValidateInterruptPriority
                0x08004e84       0x58 Middlewares/Third_Party/FreeRTOS/Source/portable/GCC/ARM_CM4F/port.o
                0x08004e84                vPortValidateInterruptPriority
 .text.prvHeapInit
                0x08004edc       0x58 Middlewares/Third_Party/FreeRTOS/Source/portable/MemMang/heap_4.o
 .text.prvInsertBlockIntoFreeList
                0x08004f34       0x58 Middlewares/Third_Party/FreeRTOS/Source/portable/MemMang/heap_4.o
 .text.pvPortMalloc
                0x08004f8c      0x10c Middlewares/Third_Party/FreeRTOS/Source/portable/MemMang/heap_4.o
                0x08004f8c                pvPortMalloc
 .text.vPortFree
                0x08005098       0x78 Middlewares/Third_Party/FreeRTOS/Source/portable/MemMang/heap_4.o
                0x08005098                vPortFree
 .text.MX_DFSDM1_Init
                0x08005110       0x90 Src/dfsdm.o
                0x08005110                MX_DFSDM1_Init
 .text.HAL_DFSDM_FilterMspInit
                0x080051a0       0xd0 Src/dfsdm.o
                0x080051a0                HAL_DFSDM_FilterMspInit
 .text.HAL_DFSDM_ChannelMspInit
                0x08005270       0x7c Src/dfsdm.o
                0x08005270                HAL_DFSDM_ChannelMspInit
 .text.MX_DMA_Init
                0x080052ec       0x20 Src/dma.o
                0x080052ec                MX_DMA_Init
 .text.StartDefaultTask
                0x0800530c        0xc Src/freertos.o
                0x0800530c                StartDefaultTask
 .text.VmicTask
                0x08005318      0x1a4 Src/freertos.o
                0x08005318                VmicTask
 .text.MX_FREERTOS_Init
                0x080054bc       0x68 Src/freertos.o
                0x080054bc                MX_FREERTOS_Init
 .text.HAL_DFSDM_FilterRegConvCpltCallback
                0x08005524       0x50 Src/freertos.o
                0x08005524                HAL_DFSDM_FilterRegConvCpltCallback
 .text.MX_GPIO_Init
                0x08005574      0x118 Src/gpio.o
                0x08005574                MX_GPIO_Init
 .text.MX_NVIC_Init
                0x0800568c       0x34 Src/main.o
 .text.HAL_TIM_PeriodElapsedCallback
                0x080056c0       0x14 Src/main.o
                0x080056c0                HAL_TIM_PeriodElapsedCallback
 .text._Error_Handler
                0x080056d4        0x4 Src/main.o
                0x080056d4                _Error_Handler
 .text.SystemClock_Config
                0x080056d8       0xd0 Src/main.o
                0x080056d8                SystemClock_Config
 .text.main     0x080057a8       0x2c Src/main.o
                0x080057a8                main
 .text.HAL_MspInit
                0x080057d4       0x90 Src/stm32l4xx_hal_msp.o
                0x080057d4                HAL_MspInit
 .text.HAL_InitTick
                0x08005864       0x78 Src/stm32l4xx_hal_timebase_TIM.o
                0x08005864                HAL_InitTick
 .text.SysTick_Handler
                0x080058dc        0x8 Src/stm32l4xx_it.o
                0x080058dc                SysTick_Handler
 .text.DMA1_Channel3_IRQHandler
                0x080058e4       0x10 Src/stm32l4xx_it.o
                0x080058e4                DMA1_Channel3_IRQHandler
 .text.DMA1_Channel4_IRQHandler
                0x080058f4       0x10 Src/stm32l4xx_it.o
                0x080058f4                DMA1_Channel4_IRQHandler
 .text.DMA1_Channel6_IRQHandler
                0x08005904       0x10 Src/stm32l4xx_it.o
                0x08005904                DMA1_Channel6_IRQHandler
 .text.TIM1_UP_TIM16_IRQHandler
                0x08005914       0x10 Src/stm32l4xx_it.o
                0x08005914                TIM1_UP_TIM16_IRQHandler
 .text.TIM3_IRQHandler
                0x08005924       0x10 Src/stm32l4xx_it.o
                0x08005924                TIM3_IRQHandler
 .text.SystemInit
                0x08005934       0x48 Src/system_stm32l4xx.o
                0x08005934                SystemInit
 .text.HAL_TIM_Base_MspInit
                0x0800597c       0xcc Src/tim.o
                0x0800597c                HAL_TIM_Base_MspInit
 .text.HAL_TIM_MspPostInit
                0x08005a48       0x34 Src/tim.o
                0x08005a48                HAL_TIM_MspPostInit
 .text.MX_TIM3_Init
                0x08005a7c       0xcc Src/tim.o
                0x08005a7c                MX_TIM3_Init
 .text.MX_USART2_UART_Init
                0x08005b48       0x40 Src/usart.o
                0x08005b48                MX_USART2_UART_Init
 .text.HAL_UART_MspInit
                0x08005b88       0x4c Src/usart.o
                0x08005b88                HAL_UART_MspInit
 .text.Reset_Handler
                0x08005bd4       0x50 startup/startup_stm32l476xx.o
                0x08005bd4                Reset_Handler
 .text.Default_Handler
                0x08005c24        0x2 startup/startup_stm32l476xx.o
                0x08005c24                RTC_Alarm_IRQHandler
                0x08005c24                EXTI2_IRQHandler
                0x08005c24                TIM8_TRG_COM_IRQHandler
                0x08005c24                TIM8_CC_IRQHandler
                0x08005c24                DebugMon_Handler
                0x08005c24                TIM1_CC_IRQHandler
                0x08005c24                TSC_IRQHandler
                0x08005c24                HardFault_Handler
                0x08005c24                TAMP_STAMP_IRQHandler
                0x08005c24                NMI_Handler
                0x08005c24                EXTI3_IRQHandler
                0x08005c24                LPTIM2_IRQHandler
                0x08005c24                DFSDM1_FLT1_IRQHandler
                0x08005c24                I2C3_ER_IRQHandler
                0x08005c24                DFSDM1_FLT2_IRQHandler
                0x08005c24                EXTI0_IRQHandler
                0x08005c24                I2C2_EV_IRQHandler
                0x08005c24                CAN1_RX0_IRQHandler
                0x08005c24                FPU_IRQHandler
                0x08005c24                UsageFault_Handler
                0x08005c24                ADC1_2_IRQHandler
                0x08005c24                SPI1_IRQHandler
                0x08005c24                TIM6_DAC_IRQHandler
                0x08005c24                TIM8_UP_IRQHandler
                0x08005c24                DMA2_Channel2_IRQHandler
                0x08005c24                SAI2_IRQHandler
                0x08005c24                DFSDM1_FLT3_IRQHandler
                0x08005c24                USART3_IRQHandler
                0x08005c24                DMA1_Channel7_IRQHandler
                0x08005c24                CAN1_RX1_IRQHandler
                0x08005c24                LCD_IRQHandler
                0x08005c24                UART5_IRQHandler
                0x08005c24                ADC3_IRQHandler
                0x08005c24                TIM4_IRQHandler
                0x08005c24                DMA2_Channel1_IRQHandler
                0x08005c24                QUADSPI_IRQHandler
                0x08005c24                I2C1_EV_IRQHandler
                0x08005c24                UART4_IRQHandler
                0x08005c24                DMA2_Channel4_IRQHandler
                0x08005c24                RCC_IRQHandler
                0x08005c24                DMA1_Channel1_IRQHandler
                0x08005c24                Default_Handler
                0x08005c24                DMA2_Channel7_IRQHandler
                0x08005c24                EXTI15_10_IRQHandler
                0x08005c24                TIM7_IRQHandler
                0x08005c24                SDMMC1_IRQHandler
                0x08005c24                TIM5_IRQHandler
                0x08005c24                I2C3_EV_IRQHandler
                0x08005c24                EXTI9_5_IRQHandler
                0x08005c24                RTC_WKUP_IRQHandler
                0x08005c24                PVD_PVM_IRQHandler
                0x08005c24                SPI2_IRQHandler
                0x08005c24                MemManage_Handler
                0x08005c24                CAN1_TX_IRQHandler
                0x08005c24                DMA2_Channel5_IRQHandler
                0x08005c24                DMA1_Channel5_IRQHandler
                0x08005c24                EXTI4_IRQHandler
                0x08005c24                RNG_IRQHandler
                0x08005c24                TIM1_TRG_COM_TIM17_IRQHandler
                0x08005c24                COMP_IRQHandler
                0x08005c24                WWDG_IRQHandler
                0x08005c24                LPUART1_IRQHandler
                0x08005c24                DMA2_Channel6_IRQHandler
                0x08005c24                TIM2_IRQHandler
                0x08005c24                EXTI1_IRQHandler
                0x08005c24                USART2_IRQHandler
                0x08005c24                DFSDM1_FLT0_IRQHandler
                0x08005c24                I2C2_ER_IRQHandler
                0x08005c24                DMA1_Channel2_IRQHandler
                0x08005c24                TIM8_BRK_IRQHandler
                0x08005c24                CAN1_SCE_IRQHandler
                0x08005c24                FLASH_IRQHandler
                0x08005c24                BusFault_Handler
                0x08005c24                USART1_IRQHandler
                0x08005c24                OTG_FS_IRQHandler
                0x08005c24                SPI3_IRQHandler
                0x08005c24                I2C1_ER_IRQHandler
                0x08005c24                FMC_IRQHandler
                0x08005c24                SWPMI1_IRQHandler
                0x08005c24                LPTIM1_IRQHandler
                0x08005c24                SAI1_IRQHandler
                0x08005c24                DMA2_Channel3_IRQHandler
                0x08005c24                TIM1_BRK_TIM15_IRQHandler
 *fill*         0x08005c26        0x2 
 .text.__libc_init_array
                0x08005c28       0x4c /home/imerir/STM32/SystemWorkbench/plugins/fr.ac6.mcu.externaltools.arm-none.linux64_1.13.1.201703061524/tools/compiler/bin/../lib/gcc/arm-none-eabi/5.4.1/../../../../arm-none-eabi/lib/armv7e-m/fpu/libc_nano.a(lib_a-init.o)
                0x08005c28                __libc_init_array
 .text.malloc   0x08005c74       0x10 /home/imerir/STM32/SystemWorkbench/plugins/fr.ac6.mcu.externaltools.arm-none.linux64_1.13.1.201703061524/tools/compiler/bin/../lib/gcc/arm-none-eabi/5.4.1/../../../../arm-none-eabi/lib/armv7e-m/fpu/libc_nano.a(lib_a-malloc.o)
                0x08005c74                malloc
 .text.free     0x08005c84       0x10 /home/imerir/STM32/SystemWorkbench/plugins/fr.ac6.mcu.externaltools.arm-none.linux64_1.13.1.201703061524/tools/compiler/bin/../lib/gcc/arm-none-eabi/5.4.1/../../../../arm-none-eabi/lib/armv7e-m/fpu/libc_nano.a(lib_a-malloc.o)
                0x08005c84                free
 .text.memcpy   0x08005c94       0x16 /home/imerir/STM32/SystemWorkbench/plugins/fr.ac6.mcu.externaltools.arm-none.linux64_1.13.1.201703061524/tools/compiler/bin/../lib/gcc/arm-none-eabi/5.4.1/../../../../arm-none-eabi/lib/armv7e-m/fpu/libc_nano.a(lib_a-memcpy-stub.o)
                0x08005c94                memcpy
 .text.memset   0x08005caa       0x10 /home/imerir/STM32/SystemWorkbench/plugins/fr.ac6.mcu.externaltools.arm-none.linux64_1.13.1.201703061524/tools/compiler/bin/../lib/gcc/arm-none-eabi/5.4.1/../../../../arm-none-eabi/lib/armv7e-m/fpu/libc_nano.a(lib_a-memset.o)
                0x08005caa                memset
 *fill*         0x08005cba        0x2 
 .text._free_r  0x08005cbc       0x9c /home/imerir/STM32/SystemWorkbench/plugins/fr.ac6.mcu.externaltools.arm-none.linux64_1.13.1.201703061524/tools/compiler/bin/../lib/gcc/arm-none-eabi/5.4.1/../../../../arm-none-eabi/lib/armv7e-m/fpu/libc_nano.a(lib_a-nano-freer.o)
                0x08005cbc                _free_r
 .text._malloc_r
                0x08005d58       0xbc /home/imerir/STM32/SystemWorkbench/plugins/fr.ac6.mcu.externaltools.arm-none.linux64_1.13.1.201703061524/tools/compiler/bin/../lib/gcc/arm-none-eabi/5.4.1/../../../../arm-none-eabi/lib/armv7e-m/fpu/libc_nano.a(lib_a-nano-mallocr.o)
                0x08005d58                _malloc_r
 .text._sbrk_r  0x08005e14       0x20 /home/imerir/STM32/SystemWorkbench/plugins/fr.ac6.mcu.externaltools.arm-none.linux64_1.13.1.201703061524/tools/compiler/bin/../lib/gcc/arm-none-eabi/5.4.1/../../../../arm-none-eabi/lib/armv7e-m/fpu/libc_nano.a(lib_a-sbrkr.o)
                0x08005e14                _sbrk_r
 .text.snprintf
                0x08005e34       0x64 /home/imerir/STM32/SystemWorkbench/plugins/fr.ac6.mcu.externaltools.arm-none.linux64_1.13.1.201703061524/tools/compiler/bin/../lib/gcc/arm-none-eabi/5.4.1/../../../../arm-none-eabi/lib/armv7e-m/fpu/libc_nano.a(lib_a-snprintf.o)
                0x08005e34                snprintf
                0x08005e34                sniprintf
 .text.__malloc_lock
                0x08005e98        0x2 /home/imerir/STM32/SystemWorkbench/plugins/fr.ac6.mcu.externaltools.arm-none.linux64_1.13.1.201703061524/tools/compiler/bin/../lib/gcc/arm-none-eabi/5.4.1/../../../../arm-none-eabi/lib/armv7e-m/fpu/libc_nano.a(lib_a-mlock.o)
                0x08005e98                __malloc_lock
 .text.__malloc_unlock
                0x08005e9a        0x2 /home/imerir/STM32/SystemWorkbench/plugins/fr.ac6.mcu.externaltools.arm-none.linux64_1.13.1.201703061524/tools/compiler/bin/../lib/gcc/arm-none-eabi/5.4.1/../../../../arm-none-eabi/lib/armv7e-m/fpu/libc_nano.a(lib_a-mlock.o)
                0x08005e9a                __malloc_unlock
 .text.__ssputs_r
                0x08005e9c       0xb2 /home/imerir/STM32/SystemWorkbench/plugins/fr.ac6.mcu.externaltools.arm-none.linux64_1.13.1.201703061524/tools/compiler/bin/../lib/gcc/arm-none-eabi/5.4.1/../../../../arm-none-eabi/lib/armv7e-m/fpu/libc_nano.a(lib_a-nano-svfprintf.o)
                0x08005e9c                __ssputs_r
 *fill*         0x08005f4e        0x2 
 .text._svfprintf_r
                0x08005f50      0x1e8 /home/imerir/STM32/SystemWorkbench/plugins/fr.ac6.mcu.externaltools.arm-none.linux64_1.13.1.201703061524/tools/compiler/bin/../lib/gcc/arm-none-eabi/5.4.1/../../../../arm-none-eabi/lib/armv7e-m/fpu/libc_nano.a(lib_a-nano-svfprintf.o)
                0x08005f50                _svfprintf_r
                0x08005f50                _svfiprintf_r
 .text._printf_common
                0x08006138       0xec /home/imerir/STM32/SystemWorkbench/plugins/fr.ac6.mcu.externaltools.arm-none.linux64_1.13.1.201703061524/tools/compiler/bin/../lib/gcc/arm-none-eabi/5.4.1/../../../../arm-none-eabi/lib/armv7e-m/fpu/libc_nano.a(lib_a-nano-vfprintf_i.o)
                0x08006138                _printf_common
 .text._printf_i
                0x08006224      0x24c /home/imerir/STM32/SystemWorkbench/plugins/fr.ac6.mcu.externaltools.arm-none.linux64_1.13.1.201703061524/tools/compiler/bin/../lib/gcc/arm-none-eabi/5.4.1/../../../../arm-none-eabi/lib/armv7e-m/fpu/libc_nano.a(lib_a-nano-vfprintf_i.o)
                0x08006224                _printf_i
 .text.memmove  0x08006470       0x36 /home/imerir/STM32/SystemWorkbench/plugins/fr.ac6.mcu.externaltools.arm-none.linux64_1.13.1.201703061524/tools/compiler/bin/../lib/gcc/arm-none-eabi/5.4.1/../../../../arm-none-eabi/lib/armv7e-m/fpu/libc_nano.a(lib_a-memmove.o)
                0x08006470                memmove
 .text._realloc_r
                0x080064a6       0x4c /home/imerir/STM32/SystemWorkbench/plugins/fr.ac6.mcu.externaltools.arm-none.linux64_1.13.1.201703061524/tools/compiler/bin/../lib/gcc/arm-none-eabi/5.4.1/../../../../arm-none-eabi/lib/armv7e-m/fpu/libc_nano.a(lib_a-nano-reallocr.o)
                0x080064a6                _realloc_r
 .text._malloc_usable_size_r
                0x080064f2       0x14 /home/imerir/STM32/SystemWorkbench/plugins/fr.ac6.mcu.externaltools.arm-none.linux64_1.13.1.201703061524/tools/compiler/bin/../lib/gcc/arm-none-eabi/5.4.1/../../../../arm-none-eabi/lib/armv7e-m/fpu/libc_nano.a(lib_a-nano-msizer.o)
                0x080064f2                _malloc_usable_size_r
 *fill*         0x08006506        0x2 
 .text._sbrk    0x08006508       0x1c /home/imerir/STM32/SystemWorkbench/plugins/fr.ac6.mcu.externaltools.arm-none.linux64_1.13.1.201703061524/tools/compiler/bin/../lib/gcc/arm-none-eabi/5.4.1/../../../../arm-none-eabi/lib/armv7e-m/fpu/libnosys.a(sbrk.o)
                0x08006508                _sbrk
 *(.glue_7)
 .glue_7        0x08006524        0x0 linker stubs
 *(.glue_7t)
 .glue_7t       0x08006524        0x0 linker stubs
 *(.eh_frame)
 .eh_frame      0x08006524        0x0 /home/imerir/STM32/SystemWorkbench/plugins/fr.ac6.mcu.externaltools.arm-none.linux64_1.13.1.201703061524/tools/compiler/bin/../lib/gcc/arm-none-eabi/5.4.1/armv7e-m/fpu/crtbegin.o
 *(.init)
 .init          0x08006524        0x4 /home/imerir/STM32/SystemWorkbench/plugins/fr.ac6.mcu.externaltools.arm-none.linux64_1.13.1.201703061524/tools/compiler/bin/../lib/gcc/arm-none-eabi/5.4.1/armv7e-m/fpu/crti.o
                0x08006524                _init
 .init          0x08006528        0x8 /home/imerir/STM32/SystemWorkbench/plugins/fr.ac6.mcu.externaltools.arm-none.linux64_1.13.1.201703061524/tools/compiler/bin/../lib/gcc/arm-none-eabi/5.4.1/armv7e-m/fpu/crtn.o
 *(.fini)
 .fini          0x08006530        0x4 /home/imerir/STM32/SystemWorkbench/plugins/fr.ac6.mcu.externaltools.arm-none.linux64_1.13.1.201703061524/tools/compiler/bin/../lib/gcc/arm-none-eabi/5.4.1/armv7e-m/fpu/crti.o
                0x08006530                _fini
 .fini          0x08006534        0x8 /home/imerir/STM32/SystemWorkbench/plugins/fr.ac6.mcu.externaltools.arm-none.linux64_1.13.1.201703061524/tools/compiler/bin/../lib/gcc/arm-none-eabi/5.4.1/armv7e-m/fpu/crtn.o
                0x08006540                . = ALIGN (0x8)
 *fill*         0x0800653c        0x4 
                0x08006540                _etext = .

.vfp11_veneer   0x08006540        0x0
 .vfp11_veneer  0x08006540        0x0 linker stubs

.v4_bx          0x08006540        0x0
 .v4_bx         0x08006540        0x0 linker stubs

.iplt           0x08006540        0x0
 .iplt          0x08006540        0x0 /home/imerir/STM32/SystemWorkbench/plugins/fr.ac6.mcu.externaltools.arm-none.linux64_1.13.1.201703061524/tools/compiler/bin/../lib/gcc/arm-none-eabi/5.4.1/armv7e-m/fpu/crtbegin.o

.rodata         0x08006540      0x120
                0x08006540                . = ALIGN (0x8)
 *(.rodata)
 .rodata        0x08006540       0x14 Src/freertos.o
 .rodata        0x08006554       0x48 Src/system_stm32l4xx.o
                0x08006554                MSIRangeTable
                0x08006584                AHBPrescTable
                0x08006594                APBPrescTable
 *(.rodata*)
 .rodata.str1.4
                0x0800659c        0x5 Middlewares/Third_Party/FreeRTOS/Source/tasks.o
 *fill*         0x080065a1        0x3 
 .rodata.str1.4
                0x080065a4       0x10 Middlewares/Third_Party/FreeRTOS/Source/timers.o
 .rodata.str1.4
                0x080065b4        0xf Src/dfsdm.o
 *fill*         0x080065c3        0x1 
 .rodata.str1.4
                0x080065c4       0x38 Src/freertos.o
 .rodata.str1.4
                0x080065fc        0xe Src/main.o
 *fill*         0x0800660a        0x2 
 .rodata.str1.4
                0x0800660c        0xd Src/tim.o
 *fill*         0x08006619        0x3 
 .rodata.str1.4
                0x0800661c       0x10 Src/usart.o
                                  0xf (size before relaxing)
 .rodata.str1.1
                0x0800662c       0x11 /home/imerir/STM32/SystemWorkbench/plugins/fr.ac6.mcu.externaltools.arm-none.linux64_1.13.1.201703061524/tools/compiler/bin/../lib/gcc/arm-none-eabi/5.4.1/../../../../arm-none-eabi/lib/armv7e-m/fpu/libc_nano.a(lib_a-nano-svfprintf.o)
 .rodata.str1.1
                0x0800663d       0x22 /home/imerir/STM32/SystemWorkbench/plugins/fr.ac6.mcu.externaltools.arm-none.linux64_1.13.1.201703061524/tools/compiler/bin/../lib/gcc/arm-none-eabi/5.4.1/../../../../arm-none-eabi/lib/armv7e-m/fpu/libc_nano.a(lib_a-nano-vfprintf_i.o)
                0x08006660                . = ALIGN (0x8)
 *fill*         0x0800665f        0x1 

.ARM.extab      0x08006660        0x0
                0x08006660                . = ALIGN (0x8)
 *(.ARM.extab* .gnu.linkonce.armextab.*)
                0x08006660                . = ALIGN (0x8)

.ARM            0x08006660        0x8
                0x08006660                . = ALIGN (0x8)
                0x08006660                __exidx_start = .
 *(.ARM.exidx*)
 .ARM.exidx     0x08006660        0x8 /home/imerir/STM32/SystemWorkbench/plugins/fr.ac6.mcu.externaltools.arm-none.linux64_1.13.1.201703061524/tools/compiler/bin/../lib/gcc/arm-none-eabi/5.4.1/armv7e-m/fpu/libgcc.a(_udivmoddi4.o)
                0x08006668                __exidx_end = .
                0x08006668                . = ALIGN (0x8)

.rel.dyn        0x08006668        0x0
 .rel.iplt      0x08006668        0x0 /home/imerir/STM32/SystemWorkbench/plugins/fr.ac6.mcu.externaltools.arm-none.linux64_1.13.1.201703061524/tools/compiler/bin/../lib/gcc/arm-none-eabi/5.4.1/armv7e-m/fpu/crtbegin.o

.preinit_array  0x08006668        0x0
                0x08006668                . = ALIGN (0x8)
                0x08006668                PROVIDE (__preinit_array_start, .)
 *(.preinit_array*)
                0x08006668                PROVIDE (__preinit_array_end, .)
                0x08006668                . = ALIGN (0x8)

.init_array     0x08006668        0x8
                0x08006668                . = ALIGN (0x8)
                0x08006668                PROVIDE (__init_array_start, .)
 *(SORT(.init_array.*))
 *(.init_array*)
 .init_array    0x08006668        0x4 /home/imerir/STM32/SystemWorkbench/plugins/fr.ac6.mcu.externaltools.arm-none.linux64_1.13.1.201703061524/tools/compiler/bin/../lib/gcc/arm-none-eabi/5.4.1/armv7e-m/fpu/crtbegin.o
                0x0800666c                PROVIDE (__init_array_end, .)
                0x08006670                . = ALIGN (0x8)
 *fill*         0x0800666c        0x4 

.fini_array     0x08006670        0x8
                0x08006670                . = ALIGN (0x8)
                [!provide]                PROVIDE (__fini_array_start, .)
 *(SORT(.fini_array.*))
 *(.fini_array*)
 .fini_array    0x08006670        0x4 /home/imerir/STM32/SystemWorkbench/plugins/fr.ac6.mcu.externaltools.arm-none.linux64_1.13.1.201703061524/tools/compiler/bin/../lib/gcc/arm-none-eabi/5.4.1/armv7e-m/fpu/crtbegin.o
                [!provide]                PROVIDE (__fini_array_end, .)
                0x08006678                . = ALIGN (0x8)
 *fill*         0x08006674        0x4 
                0x08006678                _sidata = LOADADDR (.data)

.data           0x20000000       0x70 load address 0x08006678
                0x20000000                . = ALIGN (0x8)
                0x20000000                _sdata = .
 *(.data)
 .data          0x20000000        0x4 Middlewares/Third_Party/FreeRTOS/Source/portable/GCC/ARM_CM4F/port.o
 .data          0x20000004        0x4 Src/system_stm32l4xx.o
                0x20000004                SystemCoreClock
 *(.data*)
 .data.impure_data
                0x20000008       0x60 /home/imerir/STM32/SystemWorkbench/plugins/fr.ac6.mcu.externaltools.arm-none.linux64_1.13.1.201703061524/tools/compiler/bin/../lib/gcc/arm-none-eabi/5.4.1/../../../../arm-none-eabi/lib/armv7e-m/fpu/libc_nano.a(lib_a-impure.o)
 .data._impure_ptr
                0x20000068        0x4 /home/imerir/STM32/SystemWorkbench/plugins/fr.ac6.mcu.externaltools.arm-none.linux64_1.13.1.201703061524/tools/compiler/bin/../lib/gcc/arm-none-eabi/5.4.1/../../../../arm-none-eabi/lib/armv7e-m/fpu/libc_nano.a(lib_a-impure.o)
                0x20000068                _impure_ptr
                0x20000070                . = ALIGN (0x8)
 *fill*         0x2000006c        0x4 
                0x20000070                _edata = .

.jcr            0x20000070        0x0 load address 0x080066e8
 .jcr           0x20000070        0x0 /home/imerir/STM32/SystemWorkbench/plugins/fr.ac6.mcu.externaltools.arm-none.linux64_1.13.1.201703061524/tools/compiler/bin/../lib/gcc/arm-none-eabi/5.4.1/armv7e-m/fpu/crtbegin.o

.igot.plt       0x20000070        0x0 load address 0x080066e8
 .igot.plt      0x20000070        0x0 /home/imerir/STM32/SystemWorkbench/plugins/fr.ac6.mcu.externaltools.arm-none.linux64_1.13.1.201703061524/tools/compiler/bin/../lib/gcc/arm-none-eabi/5.4.1/armv7e-m/fpu/crtbegin.o
                0x20000070                . = ALIGN (0x4)

.bss            0x20000070     0x26e4 load address 0x080066e8
                0x20000070                _sbss = .
                0x20000070                __bss_start__ = _sbss
 *(.bss)
 .bss           0x20000070       0x1c /home/imerir/STM32/SystemWorkbench/plugins/fr.ac6.mcu.externaltools.arm-none.linux64_1.13.1.201703061524/tools/compiler/bin/../lib/gcc/arm-none-eabi/5.4.1/armv7e-m/fpu/crtbegin.o
 .bss           0x2000008c       0x24 Drivers/STM32L4xx_HAL_Driver/Src/stm32l4xx_hal_dfsdm.o
                0x2000008c                a_dfsdm1ChannelHandle
                0x200000ac                v_dfsdm1ChannelCounter
 .bss           0x200000b0       0x18 LIBS/WS2813.o
 .bss           0x200000c8      0x12c Middlewares/Third_Party/FreeRTOS/Source/tasks.o
                0x200001c8                pxCurrentTCB
 .bss           0x200001f4       0x3c Middlewares/Third_Party/FreeRTOS/Source/timers.o
 .bss           0x20000230        0x8 Middlewares/Third_Party/FreeRTOS/Source/portable/GCC/ARM_CM4F/port.o
 .bss           0x20000238     0x1f58 Middlewares/Third_Party/FreeRTOS/Source/portable/MemMang/heap_4.o
 .bss           0x20002190        0x8 Src/dfsdm.o
 .bss           0x20002198      0x300 Src/freertos.o
 *(.bss*)
 .bss.__malloc_sbrk_start
                0x20002498        0x4 /home/imerir/STM32/SystemWorkbench/plugins/fr.ac6.mcu.externaltools.arm-none.linux64_1.13.1.201703061524/tools/compiler/bin/../lib/gcc/arm-none-eabi/5.4.1/../../../../arm-none-eabi/lib/armv7e-m/fpu/libc_nano.a(lib_a-nano-mallocr.o)
                0x20002498                __malloc_sbrk_start
 .bss.__malloc_free_list
                0x2000249c        0x4 /home/imerir/STM32/SystemWorkbench/plugins/fr.ac6.mcu.externaltools.arm-none.linux64_1.13.1.201703061524/tools/compiler/bin/../lib/gcc/arm-none-eabi/5.4.1/../../../../arm-none-eabi/lib/armv7e-m/fpu/libc_nano.a(lib_a-nano-mallocr.o)
                0x2000249c                __malloc_free_list
 .bss.heap_end.4169
                0x200024a0        0x4 /home/imerir/STM32/SystemWorkbench/plugins/fr.ac6.mcu.externaltools.arm-none.linux64_1.13.1.201703061524/tools/compiler/bin/../lib/gcc/arm-none-eabi/5.4.1/../../../../arm-none-eabi/lib/armv7e-m/fpu/libnosys.a(sbrk.o)
 *(COMMON)
 COMMON         0x200024a4        0x4 Drivers/STM32L4xx_HAL_Driver/Src/stm32l4xx_hal.o
                0x200024a4                uwTick
 COMMON         0x200024a8       0x40 Middlewares/Third_Party/FreeRTOS/Source/queue.o
                0x200024a8                xQueueRegistry
 COMMON         0x200024e8       0xd4 Src/dfsdm.o
                0x200024e8                hdfsdm1_filter0
                0x2000253c                hdma_dfsdm1_flt0
                0x20002584                hdfsdm1_channel2
 COMMON         0x200025bc        0xc Src/freertos.o
                0x200025bc                defaultTaskHandle
                0x200025c0                maQueue
                0x200025c4                micTask
 COMMON         0x200025c8       0x40 Src/stm32l4xx_hal_timebase_TIM.o
                0x200025c8                htim1
 COMMON         0x20002608       0xd0 Src/tim.o
                0x20002608                htim3
                0x20002648                hdma_tim3_ch1_trig
                0x20002690                hdma_tim3_ch4_up
 COMMON         0x200026d8       0x78 Src/usart.o
                0x200026d8                huart2
 COMMON         0x20002750        0x4 /home/imerir/STM32/SystemWorkbench/plugins/fr.ac6.mcu.externaltools.arm-none.linux64_1.13.1.201703061524/tools/compiler/bin/../lib/gcc/arm-none-eabi/5.4.1/../../../../arm-none-eabi/lib/armv7e-m/fpu/libc_nano.a(lib_a-reent.o)
                0x20002750                errno
                0x20002754                . = ALIGN (0x4)
                0x20002754                _ebss = .
                0x20002754                __bss_end__ = _ebss

._user_heap_stack
                0x20002754      0x604 load address 0x080066e8
                0x20002758                . = ALIGN (0x8)
 *fill*         0x20002754        0x4 
                0x20002758                PROVIDE (end, .)
                [!provide]                PROVIDE (_end, .)
                0x20002958                . = (. + _Min_Heap_Size)
 *fill*         0x20002758      0x200 
                0x20002d58                . = (. + _Min_Stack_Size)
 *fill*         0x20002958      0x400 
                0x20002d58                . = ALIGN (0x8)

/DISCARD/
 libc.a(*)
 libm.a(*)
 libgcc.a(*)

.ARM.attributes
                0x00000000       0x30
 *(.ARM.attributes)
 .ARM.attributes
                0x00000000       0x22 /home/imerir/STM32/SystemWorkbench/plugins/fr.ac6.mcu.externaltools.arm-none.linux64_1.13.1.201703061524/tools/compiler/bin/../lib/gcc/arm-none-eabi/5.4.1/armv7e-m/fpu/crti.o
 .ARM.attributes
                0x00000022       0x34 /home/imerir/STM32/SystemWorkbench/plugins/fr.ac6.mcu.externaltools.arm-none.linux64_1.13.1.201703061524/tools/compiler/bin/../lib/gcc/arm-none-eabi/5.4.1/armv7e-m/fpu/crtbegin.o
 .ARM.attributes
                0x00000056       0x39 Drivers/STM32L4xx_HAL_Driver/Src/stm32l4xx_hal.o
 .ARM.attributes
                0x0000008f       0x39 Drivers/STM32L4xx_HAL_Driver/Src/stm32l4xx_hal_cortex.o
 .ARM.attributes
                0x000000c8       0x39 Drivers/STM32L4xx_HAL_Driver/Src/stm32l4xx_hal_dfsdm.o
 .ARM.attributes
                0x00000101       0x39 Drivers/STM32L4xx_HAL_Driver/Src/stm32l4xx_hal_dma.o
 .ARM.attributes
                0x0000013a       0x39 Drivers/STM32L4xx_HAL_Driver/Src/stm32l4xx_hal_gpio.o
 .ARM.attributes
                0x00000173       0x39 Drivers/STM32L4xx_HAL_Driver/Src/stm32l4xx_hal_pwr_ex.o
 .ARM.attributes
                0x000001ac       0x39 Drivers/STM32L4xx_HAL_Driver/Src/stm32l4xx_hal_rcc.o
 .ARM.attributes
                0x000001e5       0x39 Drivers/STM32L4xx_HAL_Driver/Src/stm32l4xx_hal_rcc_ex.o
 .ARM.attributes
                0x0000021e       0x39 Drivers/STM32L4xx_HAL_Driver/Src/stm32l4xx_hal_tim.o
 .ARM.attributes
                0x00000257       0x39 Drivers/STM32L4xx_HAL_Driver/Src/stm32l4xx_hal_tim_ex.o
 .ARM.attributes
                0x00000290       0x39 Drivers/STM32L4xx_HAL_Driver/Src/stm32l4xx_hal_uart.o
 .ARM.attributes
                0x000002c9       0x39 LIBS/WS2813.o
 .ARM.attributes
                0x00000302       0x39 Middlewares/Third_Party/FreeRTOS/Source/CMSIS_RTOS/cmsis_os.o
 .ARM.attributes
                0x0000033b       0x39 Middlewares/Third_Party/FreeRTOS/Source/list.o
 .ARM.attributes
                0x00000374       0x39 Middlewares/Third_Party/FreeRTOS/Source/queue.o
 .ARM.attributes
                0x000003ad       0x39 Middlewares/Third_Party/FreeRTOS/Source/tasks.o
 .ARM.attributes
                0x000003e6       0x39 Middlewares/Third_Party/FreeRTOS/Source/timers.o
 .ARM.attributes
                0x0000041f       0x39 Middlewares/Third_Party/FreeRTOS/Source/portable/GCC/ARM_CM4F/port.o
 .ARM.attributes
                0x00000458       0x39 Middlewares/Third_Party/FreeRTOS/Source/portable/MemMang/heap_4.o
 .ARM.attributes
                0x00000491       0x39 Src/dfsdm.o
 .ARM.attributes
                0x000004ca       0x39 Src/dma.o
 .ARM.attributes
                0x00000503       0x39 Src/freertos.o
 .ARM.attributes
                0x0000053c       0x39 Src/gpio.o
 .ARM.attributes
                0x00000575       0x39 Src/main.o
 .ARM.attributes
                0x000005ae       0x39 Src/stm32l4xx_hal_msp.o
 .ARM.attributes
                0x000005e7       0x39 Src/stm32l4xx_hal_timebase_TIM.o
 .ARM.attributes
                0x00000620       0x39 Src/stm32l4xx_it.o
 .ARM.attributes
                0x00000659       0x39 Src/system_stm32l4xx.o
 .ARM.attributes
                0x00000692       0x39 Src/tim.o
 .ARM.attributes
                0x000006cb       0x39 Src/usart.o
 .ARM.attributes
                0x00000704       0x21 startup/startup_stm32l476xx.o
 .ARM.attributes
                0x00000725       0x22 /home/imerir/STM32/SystemWorkbench/plugins/fr.ac6.mcu.externaltools.arm-none.linux64_1.13.1.201703061524/tools/compiler/bin/../lib/gcc/arm-none-eabi/5.4.1/armv7e-m/fpu/libgcc.a(_aeabi_uldivmod.o)
 .ARM.attributes
                0x00000747       0x34 /home/imerir/STM32/SystemWorkbench/plugins/fr.ac6.mcu.externaltools.arm-none.linux64_1.13.1.201703061524/tools/compiler/bin/../lib/gcc/arm-none-eabi/5.4.1/armv7e-m/fpu/libgcc.a(_udivmoddi4.o)
 .ARM.attributes
                0x0000077b       0x22 /home/imerir/STM32/SystemWorkbench/plugins/fr.ac6.mcu.externaltools.arm-none.linux64_1.13.1.201703061524/tools/compiler/bin/../lib/gcc/arm-none-eabi/5.4.1/armv7e-m/fpu/libgcc.a(_dvmd_tls.o)
 .ARM.attributes
                0x0000079d       0x34 /home/imerir/STM32/SystemWorkbench/plugins/fr.ac6.mcu.externaltools.arm-none.linux64_1.13.1.201703061524/tools/compiler/bin/../lib/gcc/arm-none-eabi/5.4.1/../../../../arm-none-eabi/lib/armv7e-m/fpu/libc_nano.a(lib_a-impure.o)
 .ARM.attributes
                0x000007d1       0x34 /home/imerir/STM32/SystemWorkbench/plugins/fr.ac6.mcu.externaltools.arm-none.linux64_1.13.1.201703061524/tools/compiler/bin/../lib/gcc/arm-none-eabi/5.4.1/../../../../arm-none-eabi/lib/armv7e-m/fpu/libc_nano.a(lib_a-init.o)
 .ARM.attributes
                0x00000805       0x34 /home/imerir/STM32/SystemWorkbench/plugins/fr.ac6.mcu.externaltools.arm-none.linux64_1.13.1.201703061524/tools/compiler/bin/../lib/gcc/arm-none-eabi/5.4.1/../../../../arm-none-eabi/lib/armv7e-m/fpu/libc_nano.a(lib_a-malloc.o)
 .ARM.attributes
                0x00000839       0x34 /home/imerir/STM32/SystemWorkbench/plugins/fr.ac6.mcu.externaltools.arm-none.linux64_1.13.1.201703061524/tools/compiler/bin/../lib/gcc/arm-none-eabi/5.4.1/../../../../arm-none-eabi/lib/armv7e-m/fpu/libc_nano.a(lib_a-memcpy-stub.o)
 .ARM.attributes
                0x0000086d       0x34 /home/imerir/STM32/SystemWorkbench/plugins/fr.ac6.mcu.externaltools.arm-none.linux64_1.13.1.201703061524/tools/compiler/bin/../lib/gcc/arm-none-eabi/5.4.1/../../../../arm-none-eabi/lib/armv7e-m/fpu/libc_nano.a(lib_a-memset.o)
 .ARM.attributes
                0x000008a1       0x34 /home/imerir/STM32/SystemWorkbench/plugins/fr.ac6.mcu.externaltools.arm-none.linux64_1.13.1.201703061524/tools/compiler/bin/../lib/gcc/arm-none-eabi/5.4.1/../../../../arm-none-eabi/lib/armv7e-m/fpu/libc_nano.a(lib_a-nano-freer.o)
 .ARM.attributes
                0x000008d5       0x34 /home/imerir/STM32/SystemWorkbench/plugins/fr.ac6.mcu.externaltools.arm-none.linux64_1.13.1.201703061524/tools/compiler/bin/../lib/gcc/arm-none-eabi/5.4.1/../../../../arm-none-eabi/lib/armv7e-m/fpu/libc_nano.a(lib_a-nano-mallocr.o)
 .ARM.attributes
                0x00000909       0x34 /home/imerir/STM32/SystemWorkbench/plugins/fr.ac6.mcu.externaltools.arm-none.linux64_1.13.1.201703061524/tools/compiler/bin/../lib/gcc/arm-none-eabi/5.4.1/../../../../arm-none-eabi/lib/armv7e-m/fpu/libc_nano.a(lib_a-sbrkr.o)
 .ARM.attributes
                0x0000093d       0x34 /home/imerir/STM32/SystemWorkbench/plugins/fr.ac6.mcu.externaltools.arm-none.linux64_1.13.1.201703061524/tools/compiler/bin/../lib/gcc/arm-none-eabi/5.4.1/../../../../arm-none-eabi/lib/armv7e-m/fpu/libc_nano.a(lib_a-snprintf.o)
 .ARM.attributes
                0x00000971       0x1b /home/imerir/STM32/SystemWorkbench/plugins/fr.ac6.mcu.externaltools.arm-none.linux64_1.13.1.201703061524/tools/compiler/bin/../lib/gcc/arm-none-eabi/5.4.1/../../../../arm-none-eabi/lib/armv7e-m/fpu/libc_nano.a(lib_a-strlen.o)
 .ARM.attributes
                0x0000098c       0x34 /home/imerir/STM32/SystemWorkbench/plugins/fr.ac6.mcu.externaltools.arm-none.linux64_1.13.1.201703061524/tools/compiler/bin/../lib/gcc/arm-none-eabi/5.4.1/../../../../arm-none-eabi/lib/armv7e-m/fpu/libc_nano.a(lib_a-mlock.o)
 .ARM.attributes
                0x000009c0       0x34 /home/imerir/STM32/SystemWorkbench/plugins/fr.ac6.mcu.externaltools.arm-none.linux64_1.13.1.201703061524/tools/compiler/bin/../lib/gcc/arm-none-eabi/5.4.1/../../../../arm-none-eabi/lib/armv7e-m/fpu/libc_nano.a(lib_a-nano-svfprintf.o)
 .ARM.attributes
                0x000009f4       0x34 /home/imerir/STM32/SystemWorkbench/plugins/fr.ac6.mcu.externaltools.arm-none.linux64_1.13.1.201703061524/tools/compiler/bin/../lib/gcc/arm-none-eabi/5.4.1/../../../../arm-none-eabi/lib/armv7e-m/fpu/libc_nano.a(lib_a-nano-vfprintf_i.o)
 .ARM.attributes
                0x00000a28       0x34 /home/imerir/STM32/SystemWorkbench/plugins/fr.ac6.mcu.externaltools.arm-none.linux64_1.13.1.201703061524/tools/compiler/bin/../lib/gcc/arm-none-eabi/5.4.1/../../../../arm-none-eabi/lib/armv7e-m/fpu/libc_nano.a(lib_a-reent.o)
 .ARM.attributes
                0x00000a5c       0x20 /home/imerir/STM32/SystemWorkbench/plugins/fr.ac6.mcu.externaltools.arm-none.linux64_1.13.1.201703061524/tools/compiler/bin/../lib/gcc/arm-none-eabi/5.4.1/../../../../arm-none-eabi/lib/armv7e-m/fpu/libc_nano.a(lib_a-memchr.o)
 .ARM.attributes
                0x00000a7c       0x34 /home/imerir/STM32/SystemWorkbench/plugins/fr.ac6.mcu.externaltools.arm-none.linux64_1.13.1.201703061524/tools/compiler/bin/../lib/gcc/arm-none-eabi/5.4.1/../../../../arm-none-eabi/lib/armv7e-m/fpu/libc_nano.a(lib_a-memmove.o)
 .ARM.attributes
                0x00000ab0       0x34 /home/imerir/STM32/SystemWorkbench/plugins/fr.ac6.mcu.externaltools.arm-none.linux64_1.13.1.201703061524/tools/compiler/bin/../lib/gcc/arm-none-eabi/5.4.1/../../../../arm-none-eabi/lib/armv7e-m/fpu/libc_nano.a(lib_a-nano-reallocr.o)
 .ARM.attributes
                0x00000ae4       0x34 /home/imerir/STM32/SystemWorkbench/plugins/fr.ac6.mcu.externaltools.arm-none.linux64_1.13.1.201703061524/tools/compiler/bin/../lib/gcc/arm-none-eabi/5.4.1/../../../../arm-none-eabi/lib/armv7e-m/fpu/libc_nano.a(lib_a-nano-msizer.o)
 .ARM.attributes
                0x00000b18       0x34 /home/imerir/STM32/SystemWorkbench/plugins/fr.ac6.mcu.externaltools.arm-none.linux64_1.13.1.201703061524/tools/compiler/bin/../lib/gcc/arm-none-eabi/5.4.1/../../../../arm-none-eabi/lib/armv7e-m/fpu/libnosys.a(sbrk.o)
 .ARM.attributes
                0x00000b4c       0x22 /home/imerir/STM32/SystemWorkbench/plugins/fr.ac6.mcu.externaltools.arm-none.linux64_1.13.1.201703061524/tools/compiler/bin/../lib/gcc/arm-none-eabi/5.4.1/armv7e-m/fpu/crtn.o
OUTPUT(WS2813.elf elf32-littlearm)

.debug_info     0x00000000    0x1bd24
 .debug_info    0x00000000      0xba2 Drivers/STM32L4xx_HAL_Driver/Src/stm32l4xx_hal.o
 .debug_info    0x00000ba2      0xe97 Drivers/STM32L4xx_HAL_Driver/Src/stm32l4xx_hal_cortex.o
 .debug_info    0x00001a39     0x1d93 Drivers/STM32L4xx_HAL_Driver/Src/stm32l4xx_hal_dfsdm.o
 .debug_info    0x000037cc      0x801 Drivers/STM32L4xx_HAL_Driver/Src/stm32l4xx_hal_dma.o
 .debug_info    0x00003fcd      0x7e8 Drivers/STM32L4xx_HAL_Driver/Src/stm32l4xx_hal_gpio.o
 .debug_info    0x000047b5      0xa48 Drivers/STM32L4xx_HAL_Driver/Src/stm32l4xx_hal_pwr_ex.o
 .debug_info    0x000051fd      0xd8c Drivers/STM32L4xx_HAL_Driver/Src/stm32l4xx_hal_rcc.o
 .debug_info    0x00005f89     0x105d Drivers/STM32L4xx_HAL_Driver/Src/stm32l4xx_hal_rcc_ex.o
 .debug_info    0x00006fe6     0x2f36 Drivers/STM32L4xx_HAL_Driver/Src/stm32l4xx_hal_tim.o
 .debug_info    0x00009f1c     0x148a Drivers/STM32L4xx_HAL_Driver/Src/stm32l4xx_hal_tim_ex.o
 .debug_info    0x0000b3a6     0x1b9f Drivers/STM32L4xx_HAL_Driver/Src/stm32l4xx_hal_uart.o
 .debug_info    0x0000cf45      0x93e LIBS/WS2813.o
 .debug_info    0x0000d883     0x1c47 Middlewares/Third_Party/FreeRTOS/Source/CMSIS_RTOS/cmsis_os.o
 .debug_info    0x0000f4ca      0x2a5 Middlewares/Third_Party/FreeRTOS/Source/list.o
 .debug_info    0x0000f76f     0x180e Middlewares/Third_Party/FreeRTOS/Source/queue.o
 .debug_info    0x00010f7d     0x21b6 Middlewares/Third_Party/FreeRTOS/Source/tasks.o
 .debug_info    0x00013133     0x105b Middlewares/Third_Party/FreeRTOS/Source/timers.o
 .debug_info    0x0001418e      0x534 Middlewares/Third_Party/FreeRTOS/Source/portable/GCC/ARM_CM4F/port.o
 .debug_info    0x000146c2      0x445 Middlewares/Third_Party/FreeRTOS/Source/portable/MemMang/heap_4.o
 .debug_info    0x00014b07      0xe8f Src/dfsdm.o
 .debug_info    0x00015996      0x2f8 Src/dma.o
 .debug_info    0x00015c8e     0x11f4 Src/freertos.o
 .debug_info    0x00016e82      0x5b8 Src/gpio.o
 .debug_info    0x0001743a      0xece Src/main.o
 .debug_info    0x00018308      0x63a Src/stm32l4xx_hal_msp.o
 .debug_info    0x00018942      0xbd5 Src/stm32l4xx_hal_timebase_TIM.o
 .debug_info    0x00019517      0x6b4 Src/stm32l4xx_it.o
 .debug_info    0x00019bcb      0x5b2 Src/system_stm32l4xx.o
 .debug_info    0x0001a17d     0x1043 Src/tim.o
 .debug_info    0x0001b1c0      0xab8 Src/usart.o
 .debug_info    0x0001bc78       0xac startup/startup_stm32l476xx.o

.debug_abbrev   0x00000000     0x3b2f
 .debug_abbrev  0x00000000      0x1f8 Drivers/STM32L4xx_HAL_Driver/Src/stm32l4xx_hal.o
 .debug_abbrev  0x000001f8      0x2e2 Drivers/STM32L4xx_HAL_Driver/Src/stm32l4xx_hal_cortex.o
 .debug_abbrev  0x000004da      0x23b Drivers/STM32L4xx_HAL_Driver/Src/stm32l4xx_hal_dfsdm.o
 .debug_abbrev  0x00000715      0x210 Drivers/STM32L4xx_HAL_Driver/Src/stm32l4xx_hal_dma.o
 .debug_abbrev  0x00000925      0x1cd Drivers/STM32L4xx_HAL_Driver/Src/stm32l4xx_hal_gpio.o
 .debug_abbrev  0x00000af2      0x203 Drivers/STM32L4xx_HAL_Driver/Src/stm32l4xx_hal_pwr_ex.o
 .debug_abbrev  0x00000cf5      0x248 Drivers/STM32L4xx_HAL_Driver/Src/stm32l4xx_hal_rcc.o
 .debug_abbrev  0x00000f3d      0x241 Drivers/STM32L4xx_HAL_Driver/Src/stm32l4xx_hal_rcc_ex.o
 .debug_abbrev  0x0000117e      0x21b Drivers/STM32L4xx_HAL_Driver/Src/stm32l4xx_hal_tim.o
 .debug_abbrev  0x00001399      0x21b Drivers/STM32L4xx_HAL_Driver/Src/stm32l4xx_hal_tim_ex.o
 .debug_abbrev  0x000015b4      0x24c Drivers/STM32L4xx_HAL_Driver/Src/stm32l4xx_hal_uart.o
 .debug_abbrev  0x00001800      0x22c LIBS/WS2813.o
 .debug_abbrev  0x00001a2c      0x2fe Middlewares/Third_Party/FreeRTOS/Source/CMSIS_RTOS/cmsis_os.o
 .debug_abbrev  0x00001d2a       0xdf Middlewares/Third_Party/FreeRTOS/Source/list.o
 .debug_abbrev  0x00001e09      0x297 Middlewares/Third_Party/FreeRTOS/Source/queue.o
 .debug_abbrev  0x000020a0      0x309 Middlewares/Third_Party/FreeRTOS/Source/tasks.o
 .debug_abbrev  0x000023a9      0x229 Middlewares/Third_Party/FreeRTOS/Source/timers.o
 .debug_abbrev  0x000025d2      0x21c Middlewares/Third_Party/FreeRTOS/Source/portable/GCC/ARM_CM4F/port.o
 .debug_abbrev  0x000027ee      0x20d Middlewares/Third_Party/FreeRTOS/Source/portable/MemMang/heap_4.o
 .debug_abbrev  0x000029fb      0x1b3 Src/dfsdm.o
 .debug_abbrev  0x00002bae       0xbc Src/dma.o
 .debug_abbrev  0x00002c6a      0x284 Src/freertos.o
 .debug_abbrev  0x00002eee      0x148 Src/gpio.o
 .debug_abbrev  0x00003036      0x212 Src/main.o
 .debug_abbrev  0x00003248      0x114 Src/stm32l4xx_hal_msp.o
 .debug_abbrev  0x0000335c      0x1d4 Src/stm32l4xx_hal_timebase_TIM.o
 .debug_abbrev  0x00003530      0x155 Src/stm32l4xx_it.o
 .debug_abbrev  0x00003685      0x125 Src/system_stm32l4xx.o
 .debug_abbrev  0x000037aa      0x1cb Src/tim.o
 .debug_abbrev  0x00003975      0x1a8 Src/usart.o
 .debug_abbrev  0x00003b1d       0x12 startup/startup_stm32l476xx.o

.debug_loc      0x00000000     0xfade
 .debug_loc     0x00000000      0x103 Drivers/STM32L4xx_HAL_Driver/Src/stm32l4xx_hal.o
 .debug_loc     0x00000103      0x527 Drivers/STM32L4xx_HAL_Driver/Src/stm32l4xx_hal_cortex.o
 .debug_loc     0x0000062a     0x1cfe Drivers/STM32L4xx_HAL_Driver/Src/stm32l4xx_hal_dfsdm.o
 .debug_loc     0x00002328      0x69f Drivers/STM32L4xx_HAL_Driver/Src/stm32l4xx_hal_dma.o
 .debug_loc     0x000029c7      0x30a Drivers/STM32L4xx_HAL_Driver/Src/stm32l4xx_hal_gpio.o
 .debug_loc     0x00002cd1      0x8f5 Drivers/STM32L4xx_HAL_Driver/Src/stm32l4xx_hal_pwr_ex.o
 .debug_loc     0x000035c6      0x65a Drivers/STM32L4xx_HAL_Driver/Src/stm32l4xx_hal_rcc.o
 .debug_loc     0x00003c20     0x1b20 Drivers/STM32L4xx_HAL_Driver/Src/stm32l4xx_hal_rcc_ex.o
 .debug_loc     0x00005740     0x34c3 Drivers/STM32L4xx_HAL_Driver/Src/stm32l4xx_hal_tim.o
 .debug_loc     0x00008c03     0x1460 Drivers/STM32L4xx_HAL_Driver/Src/stm32l4xx_hal_tim_ex.o
 .debug_loc     0x0000a063     0x168e Drivers/STM32L4xx_HAL_Driver/Src/stm32l4xx_hal_uart.o
 .debug_loc     0x0000b6f1      0x145 LIBS/WS2813.o
 .debug_loc     0x0000b836     0x103c Middlewares/Third_Party/FreeRTOS/Source/CMSIS_RTOS/cmsis_os.o
 .debug_loc     0x0000c872       0x65 Middlewares/Third_Party/FreeRTOS/Source/list.o
 .debug_loc     0x0000c8d7      0xe4b Middlewares/Third_Party/FreeRTOS/Source/queue.o
 .debug_loc     0x0000d722     0x1298 Middlewares/Third_Party/FreeRTOS/Source/tasks.o
 .debug_loc     0x0000e9ba      0x9ad Middlewares/Third_Party/FreeRTOS/Source/timers.o
 .debug_loc     0x0000f367       0xdc Middlewares/Third_Party/FreeRTOS/Source/portable/GCC/ARM_CM4F/port.o
 .debug_loc     0x0000f443      0x282 Middlewares/Third_Party/FreeRTOS/Source/portable/MemMang/heap_4.o
 .debug_loc     0x0000f6c5       0xa2 Src/dfsdm.o
 .debug_loc     0x0000f767       0xa1 Src/freertos.o
 .debug_loc     0x0000f808       0x21 Src/main.o
 .debug_loc     0x0000f829       0x79 Src/stm32l4xx_hal_timebase_TIM.o
 .debug_loc     0x0000f8a2      0x171 Src/system_stm32l4xx.o
 .debug_loc     0x0000fa13       0x7e Src/tim.o
 .debug_loc     0x0000fa91       0x4d Src/usart.o

.debug_aranges  0x00000000     0x16b8
 .debug_aranges
                0x00000000      0x118 Drivers/STM32L4xx_HAL_Driver/Src/stm32l4xx_hal.o
 .debug_aranges
                0x00000118       0x98 Drivers/STM32L4xx_HAL_Driver/Src/stm32l4xx_hal_cortex.o
 .debug_aranges
                0x000001b0      0x248 Drivers/STM32L4xx_HAL_Driver/Src/stm32l4xx_hal_dfsdm.o
 .debug_aranges
                0x000003f8       0x80 Drivers/STM32L4xx_HAL_Driver/Src/stm32l4xx_hal_dma.o
 .debug_aranges
                0x00000478       0x58 Drivers/STM32L4xx_HAL_Driver/Src/stm32l4xx_hal_gpio.o
 .debug_aranges
                0x000004d0      0x148 Drivers/STM32L4xx_HAL_Driver/Src/stm32l4xx_hal_pwr_ex.o
 .debug_aranges
                0x00000618       0x88 Drivers/STM32L4xx_HAL_Driver/Src/stm32l4xx_hal_rcc.o
 .debug_aranges
                0x000006a0       0xb8 Drivers/STM32L4xx_HAL_Driver/Src/stm32l4xx_hal_rcc_ex.o
 .debug_aranges
                0x00000758      0x378 Drivers/STM32L4xx_HAL_Driver/Src/stm32l4xx_hal_tim.o
 .debug_aranges
                0x00000ad0      0x150 Drivers/STM32L4xx_HAL_Driver/Src/stm32l4xx_hal_tim_ex.o
 .debug_aranges
                0x00000c20      0x1f8 Drivers/STM32L4xx_HAL_Driver/Src/stm32l4xx_hal_uart.o
 .debug_aranges
                0x00000e18       0x38 LIBS/WS2813.o
 .debug_aranges
                0x00000e50      0x1d8 Middlewares/Third_Party/FreeRTOS/Source/CMSIS_RTOS/cmsis_os.o
 .debug_aranges
                0x00001028       0x40 Middlewares/Third_Party/FreeRTOS/Source/list.o
 .debug_aranges
                0x00001068       0xe8 Middlewares/Third_Party/FreeRTOS/Source/queue.o
 .debug_aranges
                0x00001150      0x198 Middlewares/Third_Party/FreeRTOS/Source/tasks.o
 .debug_aranges
                0x000012e8       0xb8 Middlewares/Third_Party/FreeRTOS/Source/timers.o
 .debug_aranges
                0x000013a0       0x80 Middlewares/Third_Party/FreeRTOS/Source/portable/GCC/ARM_CM4F/port.o
 .debug_aranges
                0x00001420       0x50 Middlewares/Third_Party/FreeRTOS/Source/portable/MemMang/heap_4.o
 .debug_aranges
                0x00001470       0x40 Src/dfsdm.o
 .debug_aranges
                0x000014b0       0x20 Src/dma.o
 .debug_aranges
                0x000014d0       0x38 Src/freertos.o
 .debug_aranges
                0x00001508       0x20 Src/gpio.o
 .debug_aranges
                0x00001528       0x40 Src/main.o
 .debug_aranges
                0x00001568       0x20 Src/stm32l4xx_hal_msp.o
 .debug_aranges
                0x00001588       0x30 Src/stm32l4xx_hal_timebase_TIM.o
 .debug_aranges
                0x000015b8       0x48 Src/stm32l4xx_it.o
 .debug_aranges
                0x00001600       0x28 Src/system_stm32l4xx.o
 .debug_aranges
                0x00001628       0x38 Src/tim.o
 .debug_aranges
                0x00001660       0x30 Src/usart.o
 .debug_aranges
                0x00001690       0x28 startup/startup_stm32l476xx.o

.debug_ranges   0x00000000     0x1568
 .debug_ranges  0x00000000      0x108 Drivers/STM32L4xx_HAL_Driver/Src/stm32l4xx_hal.o
 .debug_ranges  0x00000108       0x88 Drivers/STM32L4xx_HAL_Driver/Src/stm32l4xx_hal_cortex.o
 .debug_ranges  0x00000190      0x238 Drivers/STM32L4xx_HAL_Driver/Src/stm32l4xx_hal_dfsdm.o
 .debug_ranges  0x000003c8       0x70 Drivers/STM32L4xx_HAL_Driver/Src/stm32l4xx_hal_dma.o
 .debug_ranges  0x00000438       0x48 Drivers/STM32L4xx_HAL_Driver/Src/stm32l4xx_hal_gpio.o
 .debug_ranges  0x00000480      0x138 Drivers/STM32L4xx_HAL_Driver/Src/stm32l4xx_hal_pwr_ex.o
 .debug_ranges  0x000005b8       0x90 Drivers/STM32L4xx_HAL_Driver/Src/stm32l4xx_hal_rcc.o
 .debug_ranges  0x00000648       0xa8 Drivers/STM32L4xx_HAL_Driver/Src/stm32l4xx_hal_rcc_ex.o
 .debug_ranges  0x000006f0      0x368 Drivers/STM32L4xx_HAL_Driver/Src/stm32l4xx_hal_tim.o
 .debug_ranges  0x00000a58      0x140 Drivers/STM32L4xx_HAL_Driver/Src/stm32l4xx_hal_tim_ex.o
 .debug_ranges  0x00000b98      0x1e8 Drivers/STM32L4xx_HAL_Driver/Src/stm32l4xx_hal_uart.o
 .debug_ranges  0x00000d80       0x28 LIBS/WS2813.o
 .debug_ranges  0x00000da8      0x1c8 Middlewares/Third_Party/FreeRTOS/Source/CMSIS_RTOS/cmsis_os.o
 .debug_ranges  0x00000f70       0x30 Middlewares/Third_Party/FreeRTOS/Source/list.o
 .debug_ranges  0x00000fa0      0x120 Middlewares/Third_Party/FreeRTOS/Source/queue.o
 .debug_ranges  0x000010c0      0x1c0 Middlewares/Third_Party/FreeRTOS/Source/tasks.o
 .debug_ranges  0x00001280       0xa8 Middlewares/Third_Party/FreeRTOS/Source/timers.o
 .debug_ranges  0x00001328       0x70 Middlewares/Third_Party/FreeRTOS/Source/portable/GCC/ARM_CM4F/port.o
 .debug_ranges  0x00001398       0x40 Middlewares/Third_Party/FreeRTOS/Source/portable/MemMang/heap_4.o
 .debug_ranges  0x000013d8       0x30 Src/dfsdm.o
 .debug_ranges  0x00001408       0x10 Src/dma.o
 .debug_ranges  0x00001418       0x28 Src/freertos.o
 .debug_ranges  0x00001440       0x10 Src/gpio.o
 .debug_ranges  0x00001450       0x30 Src/main.o
 .debug_ranges  0x00001480       0x10 Src/stm32l4xx_hal_msp.o
 .debug_ranges  0x00001490       0x20 Src/stm32l4xx_hal_timebase_TIM.o
 .debug_ranges  0x000014b0       0x38 Src/stm32l4xx_it.o
 .debug_ranges  0x000014e8       0x18 Src/system_stm32l4xx.o
 .debug_ranges  0x00001500       0x28 Src/tim.o
 .debug_ranges  0x00001528       0x20 Src/usart.o
 .debug_ranges  0x00001548       0x20 startup/startup_stm32l476xx.o

.debug_macro    0x00000000    0x2b5c4
 .debug_macro   0x00000000      0x37b Drivers/STM32L4xx_HAL_Driver/Src/stm32l4xx_hal.o
 .debug_macro   0x0000037b      0x898 Drivers/STM32L4xx_HAL_Driver/Src/stm32l4xx_hal.o
 .debug_macro   0x00000c13       0x64 Drivers/STM32L4xx_HAL_Driver/Src/stm32l4xx_hal.o
 .debug_macro   0x00000c77       0xba Drivers/STM32L4xx_HAL_Driver/Src/stm32l4xx_hal.o
 .debug_macro   0x00000d31       0x2e Drivers/STM32L4xx_HAL_Driver/Src/stm32l4xx_hal.o
 .debug_macro   0x00000d5f       0x28 Drivers/STM32L4xx_HAL_Driver/Src/stm32l4xx_hal.o
 .debug_macro   0x00000d87       0x22 Drivers/STM32L4xx_HAL_Driver/Src/stm32l4xx_hal.o
 .debug_macro   0x00000da9       0x87 Drivers/STM32L4xx_HAL_Driver/Src/stm32l4xx_hal.o
 .debug_macro   0x00000e30       0x44 Drivers/STM32L4xx_HAL_Driver/Src/stm32l4xx_hal.o
 .debug_macro   0x00000e74       0xfd Drivers/STM32L4xx_HAL_Driver/Src/stm32l4xx_hal.o
 .debug_macro   0x00000f71       0x5e Drivers/STM32L4xx_HAL_Driver/Src/stm32l4xx_hal.o
 .debug_macro   0x00000fcf      0x1df Drivers/STM32L4xx_HAL_Driver/Src/stm32l4xx_hal.o
 .debug_macro   0x000011ae       0x35 Drivers/STM32L4xx_HAL_Driver/Src/stm32l4xx_hal.o
 .debug_macro   0x000011e3       0x50 Drivers/STM32L4xx_HAL_Driver/Src/stm32l4xx_hal.o
 .debug_macro   0x00001233      0xe66 Drivers/STM32L4xx_HAL_Driver/Src/stm32l4xx_hal.o
 .debug_macro   0x00002099    0x1a1c4 Drivers/STM32L4xx_HAL_Driver/Src/stm32l4xx_hal.o
 .debug_macro   0x0001c25d       0x43 Drivers/STM32L4xx_HAL_Driver/Src/stm32l4xx_hal.o
 .debug_macro   0x0001c2a0     0x36a8 Drivers/STM32L4xx_HAL_Driver/Src/stm32l4xx_hal.o
 .debug_macro   0x0001f948       0x52 Drivers/STM32L4xx_HAL_Driver/Src/stm32l4xx_hal.o
 .debug_macro   0x0001f99a       0x35 Drivers/STM32L4xx_HAL_Driver/Src/stm32l4xx_hal.o
 .debug_macro   0x0001f9cf       0x9c Drivers/STM32L4xx_HAL_Driver/Src/stm32l4xx_hal.o
 .debug_macro   0x0001fa6b       0x16 Drivers/STM32L4xx_HAL_Driver/Src/stm32l4xx_hal.o
 .debug_macro   0x0001fa81       0x97 Drivers/STM32L4xx_HAL_Driver/Src/stm32l4xx_hal.o
 .debug_macro   0x0001fb18      0x30d Drivers/STM32L4xx_HAL_Driver/Src/stm32l4xx_hal.o
 .debug_macro   0x0001fe25       0xfd Drivers/STM32L4xx_HAL_Driver/Src/stm32l4xx_hal.o
 .debug_macro   0x0001ff22       0x10 Drivers/STM32L4xx_HAL_Driver/Src/stm32l4xx_hal.o
 .debug_macro   0x0001ff32       0x52 Drivers/STM32L4xx_HAL_Driver/Src/stm32l4xx_hal.o
 .debug_macro   0x0001ff84       0x1f Drivers/STM32L4xx_HAL_Driver/Src/stm32l4xx_hal.o
 .debug_macro   0x0001ffa3       0x43 Drivers/STM32L4xx_HAL_Driver/Src/stm32l4xx_hal.o
 .debug_macro   0x0001ffe6       0x20 Drivers/STM32L4xx_HAL_Driver/Src/stm32l4xx_hal.o
 .debug_macro   0x00020006      0x187 Drivers/STM32L4xx_HAL_Driver/Src/stm32l4xx_hal.o
 .debug_macro   0x0002018d       0x10 Drivers/STM32L4xx_HAL_Driver/Src/stm32l4xx_hal.o
 .debug_macro   0x0002019d       0x1c Drivers/STM32L4xx_HAL_Driver/Src/stm32l4xx_hal.o
 .debug_macro   0x000201b9       0x52 Drivers/STM32L4xx_HAL_Driver/Src/stm32l4xx_hal.o
 .debug_macro   0x0002020b       0x40 Drivers/STM32L4xx_HAL_Driver/Src/stm32l4xx_hal.o
 .debug_macro   0x0002024b       0x10 Drivers/STM32L4xx_HAL_Driver/Src/stm32l4xx_hal.o
 .debug_macro   0x0002025b       0x40 Drivers/STM32L4xx_HAL_Driver/Src/stm32l4xx_hal.o
 .debug_macro   0x0002029b       0xd7 Drivers/STM32L4xx_HAL_Driver/Src/stm32l4xx_hal.o
 .debug_macro   0x00020372       0x16 Drivers/STM32L4xx_HAL_Driver/Src/stm32l4xx_hal.o
 .debug_macro   0x00020388      0x18b Drivers/STM32L4xx_HAL_Driver/Src/stm32l4xx_hal.o
 .debug_macro   0x00020513       0x50 Drivers/STM32L4xx_HAL_Driver/Src/stm32l4xx_hal.o
 .debug_macro   0x00020563     0x1566 Drivers/STM32L4xx_HAL_Driver/Src/stm32l4xx_hal.o
 .debug_macro   0x00021ac9      0x59e Drivers/STM32L4xx_HAL_Driver/Src/stm32l4xx_hal.o
 .debug_macro   0x00022067      0x148 Drivers/STM32L4xx_HAL_Driver/Src/stm32l4xx_hal.o
 .debug_macro   0x000221af      0x18b Drivers/STM32L4xx_HAL_Driver/Src/stm32l4xx_hal.o
 .debug_macro   0x0002233a      0x26b Drivers/STM32L4xx_HAL_Driver/Src/stm32l4xx_hal.o
 .debug_macro   0x000225a5      0x29c Drivers/STM32L4xx_HAL_Driver/Src/stm32l4xx_hal.o
 .debug_macro   0x00022841      0x23a Drivers/STM32L4xx_HAL_Driver/Src/stm32l4xx_hal.o
 .debug_macro   0x00022a7b      0x367 Drivers/STM32L4xx_HAL_Driver/Src/stm32l4xx_hal.o
 .debug_macro   0x00022de2       0x10 Drivers/STM32L4xx_HAL_Driver/Src/stm32l4xx_hal.o
 .debug_macro   0x00022df2       0xe4 Drivers/STM32L4xx_HAL_Driver/Src/stm32l4xx_hal.o
 .debug_macro   0x00022ed6      0x202 Drivers/STM32L4xx_HAL_Driver/Src/stm32l4xx_hal.o
 .debug_macro   0x000230d8       0x61 Drivers/STM32L4xx_HAL_Driver/Src/stm32l4xx_hal.o
 .debug_macro   0x00023139       0x90 Drivers/STM32L4xx_HAL_Driver/Src/stm32l4xx_hal.o
 .debug_macro   0x000231c9      0x126 Drivers/STM32L4xx_HAL_Driver/Src/stm32l4xx_hal.o
 .debug_macro   0x000232ef      0x3db Drivers/STM32L4xx_HAL_Driver/Src/stm32l4xx_hal.o
 .debug_macro   0x000236ca      0x9f0 Drivers/STM32L4xx_HAL_Driver/Src/stm32l4xx_hal.o
 .debug_macro   0x000240ba      0x1ed Drivers/STM32L4xx_HAL_Driver/Src/stm32l4xx_hal.o
 .debug_macro   0x000242a7      0x535 Drivers/STM32L4xx_HAL_Driver/Src/stm32l4xx_hal.o
 .debug_macro   0x000247dc       0x44 Drivers/STM32L4xx_HAL_Driver/Src/stm32l4xx_hal.o
 .debug_macro   0x00024820      0x325 Drivers/STM32L4xx_HAL_Driver/Src/stm32l4xx_hal.o
 .debug_macro   0x00024b45      0x32d Drivers/STM32L4xx_HAL_Driver/Src/stm32l4xx_hal_cortex.o
 .debug_macro   0x00024e72      0x351 Drivers/STM32L4xx_HAL_Driver/Src/stm32l4xx_hal_dfsdm.o
 .debug_macro   0x000251c3      0x32d Drivers/STM32L4xx_HAL_Driver/Src/stm32l4xx_hal_dma.o
 .debug_macro   0x000254f0      0x36c Drivers/STM32L4xx_HAL_Driver/Src/stm32l4xx_hal_gpio.o
 .debug_macro   0x0002585c      0x351 Drivers/STM32L4xx_HAL_Driver/Src/stm32l4xx_hal_pwr_ex.o
 .debug_macro   0x00025bad      0x36f Drivers/STM32L4xx_HAL_Driver/Src/stm32l4xx_hal_rcc.o
 .debug_macro   0x00025f1c      0x363 Drivers/STM32L4xx_HAL_Driver/Src/stm32l4xx_hal_rcc_ex.o
 .debug_macro   0x0002627f      0x32d Drivers/STM32L4xx_HAL_Driver/Src/stm32l4xx_hal_tim.o
 .debug_macro   0x000265ac      0x33f Drivers/STM32L4xx_HAL_Driver/Src/stm32l4xx_hal_tim_ex.o
 .debug_macro   0x000268eb      0x356 Drivers/STM32L4xx_HAL_Driver/Src/stm32l4xx_hal_uart.o
 .debug_macro   0x00026c41      0x405 LIBS/WS2813.o
 .debug_macro   0x00027046       0x3b LIBS/WS2813.o
 .debug_macro   0x00027081       0x16 LIBS/WS2813.o
 .debug_macro   0x00027097       0x35 LIBS/WS2813.o
 .debug_macro   0x000270cc       0x16 LIBS/WS2813.o
 .debug_macro   0x000270e2       0x29 LIBS/WS2813.o
 .debug_macro   0x0002710b       0x16 LIBS/WS2813.o
 .debug_macro   0x00027121       0xf4 LIBS/WS2813.o
 .debug_macro   0x00027215      0x168 LIBS/WS2813.o
 .debug_macro   0x0002737d       0xe4 LIBS/WS2813.o
 .debug_macro   0x00027461       0x10 LIBS/WS2813.o
 .debug_macro   0x00027471       0x1f LIBS/WS2813.o
 .debug_macro   0x00027490      0x408 LIBS/WS2813.o
 .debug_macro   0x00027898       0x94 LIBS/WS2813.o
 .debug_macro   0x0002792c       0x63 LIBS/WS2813.o
 .debug_macro   0x0002798f      0x1f3 Middlewares/Third_Party/FreeRTOS/Source/CMSIS_RTOS/cmsis_os.o
 .debug_macro   0x00027b82       0x4c Middlewares/Third_Party/FreeRTOS/Source/CMSIS_RTOS/cmsis_os.o
 .debug_macro   0x00027bce       0x8d Middlewares/Third_Party/FreeRTOS/Source/CMSIS_RTOS/cmsis_os.o
 .debug_macro   0x00027c5b      0x174 Middlewares/Third_Party/FreeRTOS/Source/CMSIS_RTOS/cmsis_os.o
 .debug_macro   0x00027dcf       0x4a Middlewares/Third_Party/FreeRTOS/Source/CMSIS_RTOS/cmsis_os.o
 .debug_macro   0x00027e19       0x10 Middlewares/Third_Party/FreeRTOS/Source/CMSIS_RTOS/cmsis_os.o
 .debug_macro   0x00027e29       0xee Middlewares/Third_Party/FreeRTOS/Source/CMSIS_RTOS/cmsis_os.o
 .debug_macro   0x00027f17       0xc0 Middlewares/Third_Party/FreeRTOS/Source/CMSIS_RTOS/cmsis_os.o
 .debug_macro   0x00027fd7       0x8c Middlewares/Third_Party/FreeRTOS/Source/CMSIS_RTOS/cmsis_os.o
 .debug_macro   0x00028063       0x91 Middlewares/Third_Party/FreeRTOS/Source/CMSIS_RTOS/cmsis_os.o
 .debug_macro   0x000280f4       0x19 Middlewares/Third_Party/FreeRTOS/Source/CMSIS_RTOS/cmsis_os.o
 .debug_macro   0x0002810d       0xcf Middlewares/Third_Party/FreeRTOS/Source/CMSIS_RTOS/cmsis_os.o
 .debug_macro   0x000281dc       0x26 Middlewares/Third_Party/FreeRTOS/Source/CMSIS_RTOS/cmsis_os.o
 .debug_macro   0x00028202      0x18b Middlewares/Third_Party/FreeRTOS/Source/list.o
 .debug_macro   0x0002838d      0x207 Middlewares/Third_Party/FreeRTOS/Source/queue.o
 .debug_macro   0x00028594      0x26a Middlewares/Third_Party/FreeRTOS/Source/tasks.o
 .debug_macro   0x000287fe       0x11 Middlewares/Third_Party/FreeRTOS/Source/tasks.o
 .debug_macro   0x0002880f      0x1c8 Middlewares/Third_Party/FreeRTOS/Source/timers.o
 .debug_macro   0x000289d7      0x1ad Middlewares/Third_Party/FreeRTOS/Source/portable/GCC/ARM_CM4F/port.o
 .debug_macro   0x00028b84      0x1b2 Middlewares/Third_Party/FreeRTOS/Source/portable/MemMang/heap_4.o
 .debug_macro   0x00028d36      0x34b Src/dfsdm.o
 .debug_macro   0x00029081      0x337 Src/dma.o
 .debug_macro   0x000293b8      0x422 Src/freertos.o
 .debug_macro   0x000297da       0xc0 Src/freertos.o
 .debug_macro   0x0002989a      0x1e1 Src/freertos.o
 .debug_macro   0x00029a7b      0x337 Src/gpio.o
 .debug_macro   0x00029db2      0x417 Src/main.o
 .debug_macro   0x0002a1c9      0x32d Src/stm32l4xx_hal_msp.o
 .debug_macro   0x0002a4f6      0x32d Src/stm32l4xx_hal_timebase_TIM.o
 .debug_macro   0x0002a823      0x3eb Src/stm32l4xx_it.o
 .debug_macro   0x0002ac0e      0x334 Src/system_stm32l4xx.o
 .debug_macro   0x0002af42      0x341 Src/tim.o
 .debug_macro   0x0002b283      0x341 Src/usart.o

.debug_line     0x00000000    0x16b20
 .debug_line    0x00000000      0xb9c Drivers/STM32L4xx_HAL_Driver/Src/stm32l4xx_hal.o
 .debug_line    0x00000b9c      0xb23 Drivers/STM32L4xx_HAL_Driver/Src/stm32l4xx_hal_cortex.o
 .debug_line    0x000016bf     0x1370 Drivers/STM32L4xx_HAL_Driver/Src/stm32l4xx_hal_dfsdm.o
 .debug_line    0x00002a2f      0xba9 Drivers/STM32L4xx_HAL_Driver/Src/stm32l4xx_hal_dma.o
 .debug_line    0x000035d8      0xabb Drivers/STM32L4xx_HAL_Driver/Src/stm32l4xx_hal_gpio.o
 .debug_line    0x00004093      0xd9d Drivers/STM32L4xx_HAL_Driver/Src/stm32l4xx_hal_pwr_ex.o
 .debug_line    0x00004e30      0xc92 Drivers/STM32L4xx_HAL_Driver/Src/stm32l4xx_hal_rcc.o
 .debug_line    0x00005ac2      0xee2 Drivers/STM32L4xx_HAL_Driver/Src/stm32l4xx_hal_rcc_ex.o
 .debug_line    0x000069a4     0x1aec Drivers/STM32L4xx_HAL_Driver/Src/stm32l4xx_hal_tim.o
 .debug_line    0x00008490      0xfb8 Drivers/STM32L4xx_HAL_Driver/Src/stm32l4xx_hal_tim_ex.o
 .debug_line    0x00009448     0x1470 Drivers/STM32L4xx_HAL_Driver/Src/stm32l4xx_hal_uart.o
 .debug_line    0x0000a8b8      0xbf1 LIBS/WS2813.o
 .debug_line    0x0000b4a9      0xcfb Middlewares/Third_Party/FreeRTOS/Source/CMSIS_RTOS/cmsis_os.o
 .debug_line    0x0000c1a4      0x645 Middlewares/Third_Party/FreeRTOS/Source/list.o